******************************************************************************
                  TI ARM Linker PC v20.2.7                     
******************************************************************************
>> Linked Tue Nov 15 20:46:57 2022

OUTPUT FILE NAME:   <Projekt22.out>
ENTRY POINT SYMBOL: "_c_int00_noargs"  address: 00002b79


MEMORY CONFIGURATION

         name            origin    length      used     unused   attr    fill
----------------------  --------  ---------  --------  --------  ----  --------
  FLASH                 00000000   00040000  000030b2  0003cf4e  R  X
  SRAM                  20000000   00008000  00007959  000006a7  RW X


SEGMENT ALLOCATION MAP

run origin  load origin   length   init length attrs members
----------  ----------- ---------- ----------- ----- -------
00000000    00000000    000030b8   000030b8    r-x
  00000000    00000000    0000026c   0000026c    r-- .intvecs
  0000026c    0000026c    00002cee   00002cee    r-x .text
  00002f5c    00002f5c    00000118   00000118    r-- .const
  00003078    00003078    00000040   00000040    r-- .cinit
20000000    20000000    0000795c   00000000    rw-
  20000000    20000000    00007705   00000000    rw- .bss
  20007708    20007708    00000200   00000000    rw- .stack
  20007908    20007908    00000054   00000000    rw- .data


SECTION ALLOCATION MAP

 output                                  attributes/
section   page    origin      length       input sections
--------  ----  ----------  ----------   ----------------
.intvecs   0    00000000    0000026c     
                  00000000    0000026c     startup_ccs.obj (.intvecs)

.text      0    0000026c    00002cee     
                  0000026c    00000244     pressure_sensor_task.obj (.text:PSReadRegisters)
                  000004b0    000001ee     uartstdio.obj (.text:UARTvprintf)
                  0000069e    00000002     startup_ccs.obj (.text:FaultISR)
                  000006a0    000001a4     dcdc_task.obj (.text:DCDCReadRegisters)
                  00000844    0000013c     ammeter_task.obj (.text:AmmeterReadRegisters)
                  00000980    00000132     driverlib.lib : gpio.obj (.text:GPIOPadConfigSet)
                  00000ab2    00000002     startup_ccs.obj (.text:IntDefaultHandler)
                  00000ab4    0000012c     dcdc_task.obj (.text:WriteDCDCRegister)
                  00000be0    0000011c     led_task.obj (.text:LEDTask)
                  00000cfc    00000118     queue.obj (.text:xQueueGenericReceive)
                  00000e14    00000114     dcdc_task.obj (.text:DCDCTaskInit)
                  00000f28    00000110     driverlib.lib : sysctl.obj (.text:SysCtlClockGet)
                  00001038    00000104     rgb.obj (.text:RGBInit)
                  0000113c    00000104     tasks.obj (.text:xTaskIncrementTick)
                  00001240    00000100     tasks.obj (.text:xTaskGenericCreate)
                  00001340    000000fc     switch_task.obj (.text:SwitchTask)
                  0000143c    000000f4     driverlib.lib : sysctl.obj (.text:SysCtlClockSet)
                  00001530    000000e8     queue.obj (.text:xQueueGenericSend)
                  00001618    000000e4     tasks.obj (.text:xTaskResumeAll)
                  000016fc    000000d2     portasm.obj (.text)
                  000017ce    00000002     startup_ccs.obj (.text:NmiSR)
                  000017d0    000000c8     main.obj (.text:ConfigureADC)
                  00001898    000000c8     led_task.obj (.text:LEDTaskInit)
                  00001960    000000c0     rgb.obj (.text:RGBEnable)
                  00001a20    000000b8     main.obj (.text:main)
                  00001ad8    000000ac     heap_2.obj (.text:pvPortMalloc)
                  00001b84    0000009c     rtsv7M4_T_le_v4SPD16_eabi.lib : memcpy_t2.asm.obj (.text)
                  00001c20    00000090     rgb.obj (.text:RGBColorSet)
                  00001cb0    00000090     tasks.obj (.text:vTaskPriorityInherit)
                  00001d40    0000008c     tasks.obj (.text:vTaskSwitchContext)
                  00001dcc    00000088     buttons.obj (.text:ButtonsPoll)
                  00001e54    00000084     tasks.obj (.text:vTaskDelayUntil)
                  00001ed8    00000084     queue.obj (.text:xQueueGenericReset)
                  00001f5c    00000080     main.obj (.text:ConfigureUART)
                  00001fdc    0000007a     driverlib.lib : adc.obj (.text:ADCSequenceStepConfigure)
                  00002056    0000007a     rtsv7M4_T_le_v4SPD16_eabi.lib : memset_t2.asm.obj (.text)
                  000020d0    00000078     main.obj (.text:ConfigureI2C)
                  00002148    00000078     tasks.obj (.text:xTaskPriorityDisinherit)
                  000021c0    00000074     tasks.obj (.text:xTaskRemoveFromEventList)
                  00002234    00000072     queue.obj (.text:prvCopyDataToQueue)
                  000022a6    00000002     rtsv7M4_T_le_v4SPD16_eabi.lib : div0.asm.obj (.text)
                  000022a8    00000068     buttons.obj (.text:ButtonsInit)
                  00002310    00000068     rgb.obj (.text:RGBDisable)
                  00002378    00000068     rtsv7M4_T_le_v4SPD16_eabi.lib : copy_decompress_lzss.c.obj (.text:decompress:lzss:__TI_decompress_lzss)
                  000023e0    00000064     tasks.obj (.text:vTaskPlaceOnEventList)
                  00002444    00000062     queue.obj (.text:prvUnlockQueue)
                  000024a6    00000002     main.obj (.text:vApplicationStackOverflowHook)
                  000024a8    00000060     pressure_sensor_task.obj (.text:PressureSensorTaskInit)
                  00002508    00000060     uartstdio.obj (.text:UARTStdioConfig)
                  00002568    00000060     tasks.obj (.text:prvInitialiseTaskLists)
                  000025c8    00000060     tasks.obj (.text:vTaskStartScheduler)
                  00002628    00000058     tasks.obj (.text:prvCheckTasksWaitingTermination)
                  00002680    00000056     tasks.obj (.text:prvInitialiseTCBVariables)
                  000026d6    00000002     --HOLE-- [fill = 0]
                  000026d8    00000054     tasks.obj (.text:xTaskCheckForTimeOut)
                  0000272c    00000050     driverlib.lib : adc.obj (.text:ADCSequenceConfigure)
                  0000277c    00000050     ammeter_task.obj (.text:AmmeterTaskInit)
                  000027cc    0000004e     queue.obj (.text:xQueueCreateMutex)
                  0000281a    00000002     --HOLE-- [fill = 0]
                  0000281c    0000004c     driverlib.lib : i2c.obj (.text:I2CMasterInitExpClk)
                  00002868    0000004c     tasks.obj (.text:prvAddCurrentTaskToDelayedList)
                  000028b4    00000048     driverlib.lib : gpio.obj (.text:GPIOPinConfigure)
                  000028fc    00000048     switch_task.obj (.text:SwitchTaskInit)
                  00002944    00000048     uartstdio.obj (.text:UARTwrite)
                  0000298c    00000044     rtsv7M4_T_le_v4SPD16_eabi.lib : autoinit.c.obj (.text:__TI_auto_init_nobinit_nopinit:__TI_auto_init_nobinit_nopinit)
                  000029d0    00000044     heap_2.obj (.text:vPortFree)
                  00002a14    00000040     rtsv7M4_T_le_v4SPD16_eabi.lib : u_divt2.asm.obj (.text)
                  00002a54    00000040     port.obj (.text:xPortStartScheduler)
                  00002a94    0000003c     queue.obj (.text:xQueueGenericCreate)
                  00002ad0    0000003a     tasks.obj (.text:prvAllocateTCBAndStack)
                  00002b0a    00000038     list.obj (.text:vListInsert)
                  00002b42    00000002     --HOLE-- [fill = 0]
                  00002b44    00000034     driverlib.lib : sysctl.obj (.text:SysCtlPeripheralEnable)
                  00002b78    00000034     rtsv7M4_T_le_v4SPD16_eabi.lib : boot_cortex_m.c.obj (.text:_c_int00_noargs:_c_int00_noargs)
                  00002bac    00000030     heap_2.obj (.text:prvHeapInit)
                  00002bdc    0000002c     port.obj (.text:xPortSysTickHandler)
                  00002c08    0000002a     driverlib.lib : gpio.obj (.text:GPIODirModeSet)
                  00002c32    00000002     --HOLE-- [fill = 0]
                  00002c34    00000028     tasks.obj (.text:prvResetNextTaskUnblockTime)
                  00002c5c    00000028     port.obj (.text:pxPortInitialiseStack)
                  00002c84    00000026     queue.obj (.text:prvCopyDataFromQueue)
                  00002caa    00000020     list.obj (.text:uxListRemove)
                  00002cca    0000001c     queue.obj (.text:prvIsQueueFull)
                  00002ce6    00000002     --HOLE-- [fill = 0]
                  00002ce8    0000001c     port.obj (.text:vPortEnterCritical)
                  00002d04    0000001a     uartstdio.obj (.text:UARTprintf)
                  00002d1e    0000001a     queue.obj (.text:prvIsQueueEmpty)
                  00002d38    00000018     ammeter_task.obj (.text:AmmeterTask)
                  00002d50    00000018     dcdc_task.obj (.text:DCDCTask)
                  00002d68    00000018     pressure_sensor_task.obj (.text:PressureSensorTask)
                  00002d80    00000018     tasks.obj (.text:pvTaskIncrementMutexHeldCount)
                  00002d98    00000018     list.obj (.text:vListInsertEnd)
                  00002db0    00000018     port.obj (.text:vPortExitCritical)
                  00002dc8    00000018     tasks.obj (.text:vTaskSetTimeOutState)
                  00002de0    00000016     driverlib.lib : i2c.obj (.text:I2CMasterErr)
                  00002df6    00000016     list.obj (.text:vListInitialise)
                  00002e0c    00000014     rgb.obj (.text:RGBIntensitySet)
                  00002e20    00000014     port.obj (.text:vPortSetupTimerInterrupt)
                  00002e34    00000012     driverlib.lib : gpio.obj (.text:GPIOPinTypeADC)
                  00002e46    00000012                   : gpio.obj (.text:GPIOPinTypeI2C)
                  00002e58    00000012                   : gpio.obj (.text:GPIOPinTypeI2CSCL)
                  00002e6a    00000012     tasks.obj (.text:prvDeleteTCB)
                  00002e7c    00000010     driverlib.lib : fpu.obj (.text:FPUEnable)
                  00002e8c    00000010                   : fpu.obj (.text:FPULazyStackingEnable)
                  00002e9c    00000010     port.obj (.text:prvTaskExitError)
                  00002eac    00000010     tasks.obj (.text:vTaskSuspendAll)
                  00002ebc    0000000e     driverlib.lib : adc.obj (.text:ADCHardwareOversampleConfigure)
                  00002eca    0000000e                   : adc.obj (.text:ADCSequenceEnable)
                  00002ed8    0000000e     rtsv7M4_T_le_v4SPD16_eabi.lib : copy_decompress_none.c.obj (.text:decompress:none:__TI_decompress_none)
                  00002ee6    0000000c                                   : copy_zero_init.c.obj (.text:decompress:ZI:__TI_zero_init)
                  00002ef2    00000002     --HOLE-- [fill = 0]
                  00002ef4    0000000c     tasks.obj (.text:vTaskMissedYield)
                  00002f00    0000000c     tasks.obj (.text:xTaskGetTickCount)
                  00002f0c    0000000a     driverlib.lib : i2c.obj (.text:I2CMasterEnable)
                  00002f16    00000008                   : i2c.obj (.text:I2CMasterBusy)
                  00002f1e    00000008                   : i2c.obj (.text:I2CMasterSlaveAddrSet)
                  00002f26    00000008     tasks.obj (.text:prvIdleTask)
                  00002f2e    00000006     startup_ccs.obj (.text:ResetISR)
                  00002f34    00000006     driverlib.lib : sysctl.obj (.text:SysCtlDelay)
                  00002f3a    00000006                   : uart.obj (.text:UARTClockSourceSet)
                  00002f40    00000006     list.obj (.text:vListInitialiseItem)
                  00002f46    00000004     driverlib.lib : i2c.obj (.text:I2CMasterControl)
                  00002f4a    00000004                   : i2c.obj (.text:I2CMasterDataGet)
                  00002f4e    00000004                   : i2c.obj (.text:I2CMasterDataPut)
                  00002f52    00000004     rtsv7M4_T_le_v4SPD16_eabi.lib : pre_init.c.obj (.text:_system_pre_init)
                  00002f56    00000004                                   : exit.c.obj (.text:abort:abort)

.const     0    00002f5c    00000118     
                  00002f5c    00000090     driverlib.lib : gpio.obj (.const:g_pui32GPIOBaseAddrs)
                  00002fec    0000006c                   : sysctl.obj (.const:g_pui32Xtals)
                  00003058    0000000c     uartstdio.obj (.const:g_ui32UARTBase)
                  00003064    0000000c     uartstdio.obj (.const:g_ui32UARTPeriph)
                  00003070    00000004     port.obj (.const)

.cinit     0    00003078    00000040     
                  00003078    00000017     (.cinit..data.load) [load image, compression = lzss]
                  0000308f    00000001     --HOLE-- [fill = 0]
                  00003090    0000000c     (__TI_handler_table)
                  0000309c    00000004     --HOLE-- [fill = 0]
                  000030a0    00000008     (.cinit..bss.load) [load image, compression = zero_init]
                  000030a8    00000010     (__TI_cinit_table)

.init_array 
*          0    00000000    00000000     UNINITIALIZED

.bss       0    20000000    00007705     UNINITIALIZED
                  20000000    00007530     heap_2.obj (.bss:ucHeap)
                  20007530    00000140     tasks.obj (.bss:pxReadyTasksLists)
                  20007670    00000014     tasks.obj (.bss:xDelayedTaskList1)
                  20007684    00000014     tasks.obj (.bss:xDelayedTaskList2)
                  20007698    00000014     tasks.obj (.bss:xPendingReadyList)
                  200076ac    00000014     tasks.obj (.bss:xSuspendedTaskList)
                  200076c0    00000014     tasks.obj (.bss:xTasksWaitingTermination)
                  200076d4    0000000c     rgb.obj (.bss:g_ui32Colors)
                  200076e0    00000008     tasks.obj (.bss)
                  200076e8    00000008     heap_2.obj (.bss:xEnd)
                  200076f0    00000008     heap_2.obj (.bss:xStart)
                  200076f8    00000004     (.common:g_pI2CSemaphore)
                  200076fc    00000004     (.common:g_pLEDQueue)
                  20007700    00000004     (.common:g_pUARTSemaphore)
                  20007704    00000001     led_task.obj (.bss)

.data      0    20007908    00000054     UNINITIALIZED
                  20007908    00000030     tasks.obj (.data)
                  20007938    0000000c     led_task.obj (.data:g_pui32Colors)
                  20007944    00000008     heap_2.obj (.data)
                  2000794c    00000005     uartstdio.obj (.data)
                  20007951    00000003     buttons.obj (.data)
                  20007954    00000004     port.obj (.data)
                  20007958    00000004     rgb.obj (.data)

.stack     0    20007708    00000200     UNINITIALIZED
                  20007708    00000004     rtsv7M4_T_le_v4SPD16_eabi.lib : boot_cortex_m.c.obj (.stack)
                  2000770c    000001fc     --HOLE--

__llvm_prf_cnts 
*          0    20000000    00000000     UNINITIALIZED

MODULE SUMMARY

       Module                       code    ro data   rw data
       ------                       ----    -------   -------
    .\
       dcdc_task.obj                1020    0         0      
       pressure_sensor_task.obj     700     0         0      
       main.obj                     634     0         8      
       startup_ccs.obj              12      620       0      
       led_task.obj                 484     0         17     
       ammeter_task.obj             420     0         0      
       switch_task.obj              324     0         0      
    +--+----------------------------+-------+---------+---------+
       Total:                       3594    620       25     
                                                             
    .\drivers\
       rgb.obj                      720     0         16     
       buttons.obj                  240     0         3      
    +--+----------------------------+-------+---------+---------+
       Total:                       960     0         19     
                                                             
    .\third_party\FreeRTOS\Source\
       tasks.obj                    2234    0         476    
       queue.obj                    1086    0         0      
       list.obj                     140     0         0      
    +--+----------------------------+-------+---------+---------+
       Total:                       3460    0         476    
                                                             
    .\third_party\FreeRTOS\Source\portable\CCS\ARM_CM4F\
       port.obj                     236     4         4      
       portasm.obj                  210     0         0      
    +--+----------------------------+-------+---------+---------+
       Total:                       446     4         4      
                                                             
    .\third_party\FreeRTOS\Source\portable\MemMang\
       heap_2.obj                   288     0         30024  
    +--+----------------------------+-------+---------+---------+
       Total:                       288     0         30024  
                                                             
    .\utils\
       uartstdio.obj                688     24        5      
    +--+----------------------------+-------+---------+---------+
       Total:                       688     24        5      
                                                             
    C:/ti/tivaware_c_series_2_1_4_178/driverlib/ccs/Debug/driverlib.lib
       sysctl.obj                   574     108       0      
       gpio.obj                     474     144       0      
       adc.obj                      230     0         0      
       i2c.obj                      136     0         0      
       fpu.obj                      32      0         0      
       uart.obj                     6       0         0      
    +--+----------------------------+-------+---------+---------+
       Total:                       1452    252       0      
                                                             
    C:\ti\ccs1200\ccs\tools\compiler\ti-cgt-arm_20.2.7.LTS\lib\rtsv7M4_T_le_v4SPD16_eabi.lib
       memcpy_t2.asm.obj            156     0         0      
       memset_t2.asm.obj            122     0         0      
       copy_decompress_lzss.c.obj   104     0         0      
       autoinit.c.obj               68      0         0      
       u_divt2.asm.obj              64      0         0      
       boot_cortex_m.c.obj          52      0         0      
       copy_decompress_none.c.obj   14      0         0      
       copy_zero_init.c.obj         12      0         0      
       exit.c.obj                   4       0         0      
       pre_init.c.obj               4       0         0      
       div0.asm.obj                 2       0         0      
    +--+----------------------------+-------+---------+---------+
       Total:                       602     0         0      
                                                             
       Stack:                       0       0         512    
       Linker Generated:            0       59        0      
    +--+----------------------------+-------+---------+---------+
       Grand Total:                 11490   959       31065  


LINKER GENERATED COPY TABLES

__TI_cinit_table @ 000030a8 records: 2, size/record: 8, table size: 16
	.data: load addr=00003078, load size=00000017 bytes, run addr=20007908, run size=00000054 bytes, compression=lzss
	.bss: load addr=000030a0, load size=00000008 bytes, run addr=20000000, run size=00007705 bytes, compression=zero_init


LINKER GENERATED HANDLER TABLE

__TI_handler_table @ 00003090 records: 3, size/record: 4, table size: 12
	index: 0, handler: __TI_decompress_lzss
	index: 1, handler: __TI_decompress_none
	index: 2, handler: __TI_zero_init


GLOBAL SYMBOLS: SORTED ALPHABETICALLY BY Name 

address   name                          
-------   ----                          
00002ebd  ADCHardwareOversampleConfigure
0000272d  ADCSequenceConfigure          
00002ecb  ADCSequenceEnable             
00001fdd  ADCSequenceStepConfigure      
00000845  AmmeterReadRegisters          
0000277d  AmmeterTaskInit               
000022a9  ButtonsInit                   
00001dcd  ButtonsPoll                   
00002f57  C$$EXIT                       
000017d1  ConfigureADC                  
000020d1  ConfigureI2C                  
00001f5d  ConfigureUART                 
000006a1  DCDCReadRegisters             
00000e15  DCDCTaskInit                  
00002e7d  FPUEnable                     
00002e8d  FPULazyStackingEnable         
00002c09  GPIODirModeSet                
00000981  GPIOPadConfigSet              
000028b5  GPIOPinConfigure              
00002e35  GPIOPinTypeADC                
00002e47  GPIOPinTypeI2C                
00002e59  GPIOPinTypeI2CSCL             
00002f17  I2CMasterBusy                 
00002f47  I2CMasterControl              
00002f4b  I2CMasterDataGet              
00002f4f  I2CMasterDataPut              
00002f0d  I2CMasterEnable               
00002de1  I2CMasterErr                  
0000281d  I2CMasterInitExpClk           
00002f1f  I2CMasterSlaveAddrSet         
00001899  LEDTaskInit                   
0000026d  PSReadRegisters               
000024a9  PressureSensorTaskInit        
00001c21  RGBColorSet                   
00002311  RGBDisable                    
00001961  RGBEnable                     
00001039  RGBInit                       
00002e0d  RGBIntensitySet               
00002f2f  ResetISR                      
000028fd  SwitchTaskInit                
00000f29  SysCtlClockGet                
0000143d  SysCtlClockSet                
00002f35  SysCtlDelay                   
00002b45  SysCtlPeripheralEnable        
00002f3b  UARTClockSourceSet            
00002509  UARTStdioConfig               
00002d05  UARTprintf                    
000004b1  UARTvprintf                   
00002945  UARTwrite                     
00000ab5  WriteDCDCRegister             
20007908  __STACK_END                   
00000200  __STACK_SIZE                  
20007908  __STACK_TOP                   
000030a8  __TI_CINIT_Base               
000030b8  __TI_CINIT_Limit              
00003090  __TI_Handler_Table_Base       
0000309c  __TI_Handler_Table_Limit      
0000298d  __TI_auto_init_nobinit_nopinit
00002379  __TI_decompress_lzss          
00002ed9  __TI_decompress_none          
ffffffff  __TI_pprof_out_hndl           
ffffffff  __TI_prof_data_size           
ffffffff  __TI_prof_data_start          
00000000  __TI_static_base__            
00002ee7  __TI_zero_init                
000022a7  __aeabi_idiv0                 
000022a7  __aeabi_ldiv0                 
00002057  __aeabi_memclr                
00002057  __aeabi_memclr4               
00002057  __aeabi_memclr8               
00001b85  __aeabi_memcpy                
00001b85  __aeabi_memcpy4               
00001b85  __aeabi_memcpy8               
00002059  __aeabi_memset                
00002059  __aeabi_memset4               
00002059  __aeabi_memset8               
00002a15  __aeabi_uidiv                 
00002a15  __aeabi_uidivmod              
ffffffff  __binit__                     
ffffffff  __c_args__                    
UNDEFED   __mpu_init                    
20007708  __stack                       
20000000  __start___llvm_prf_cnts       
20000000  __stop___llvm_prf_cnts        
00002b79  _c_int00_noargs               
UNDEFED   _system_post_cinit            
00002f53  _system_pre_init              
00002f57  abort                         
ffffffff  binit                         
200076f8  g_pI2CSemaphore               
200076fc  g_pLEDQueue                   
20007700  g_pUARTSemaphore              
00000000  g_pfnVectors                  
00001a21  main                          
00001b85  memcpy                        
0000205f  memset                        
00001ad9  pvPortMalloc                  
00002d81  pvTaskIncrementMutexHeldCount 
20007908  pxCurrentTCB                  
00002c5d  pxPortInitialiseStack         
00003070  ulMaxSyscallInterruptPriority 
0000170d  ulPortGetIPSR                 
00002cab  uxListRemove                  
000024a7  vApplicationStackOverflowHook 
00002df7  vListInitialise               
00002f41  vListInitialiseItem           
00002b0b  vListInsert                   
00002d99  vListInsertEnd                
000017c1  vPortEnableVFP                
00002ce9  vPortEnterCritical            
00002db1  vPortExitCritical             
000029d1  vPortFree                     
00001785  vPortSVCHandler               
00002e21  vPortSetupTimerInterrupt      
000017a5  vPortStartFirstTask           
00001e55  vTaskDelayUntil               
00002ef5  vTaskMissedYield              
000023e1  vTaskPlaceOnEventList         
00001cb1  vTaskPriorityInherit          
00002dc9  vTaskSetTimeOutState          
000025c9  vTaskStartScheduler           
00002ead  vTaskSuspendAll               
00001d41  vTaskSwitchContext            
00001725  xPortPendSVHandler            
00002a55  xPortStartScheduler           
00002bdd  xPortSysTickHandler           
000027cd  xQueueCreateMutex             
00002a95  xQueueGenericCreate           
00000cfd  xQueueGenericReceive          
00001ed9  xQueueGenericReset            
00001531  xQueueGenericSend             
000026d9  xTaskCheckForTimeOut          
00001241  xTaskGenericCreate            
00002f01  xTaskGetTickCount             
0000113d  xTaskIncrementTick            
00002149  xTaskPriorityDisinherit       
000021c1  xTaskRemoveFromEventList      
00001619  xTaskResumeAll                


GLOBAL SYMBOLS: SORTED BY Symbol Address 

address   name                          
-------   ----                          
00000000  __TI_static_base__            
00000000  g_pfnVectors                  
00000200  __STACK_SIZE                  
0000026d  PSReadRegisters               
000004b1  UARTvprintf                   
000006a1  DCDCReadRegisters             
00000845  AmmeterReadRegisters          
00000981  GPIOPadConfigSet              
00000ab5  WriteDCDCRegister             
00000cfd  xQueueGenericReceive          
00000e15  DCDCTaskInit                  
00000f29  SysCtlClockGet                
00001039  RGBInit                       
0000113d  xTaskIncrementTick            
00001241  xTaskGenericCreate            
0000143d  SysCtlClockSet                
00001531  xQueueGenericSend             
00001619  xTaskResumeAll                
0000170d  ulPortGetIPSR                 
00001725  xPortPendSVHandler            
00001785  vPortSVCHandler               
000017a5  vPortStartFirstTask           
000017c1  vPortEnableVFP                
000017d1  ConfigureADC                  
00001899  LEDTaskInit                   
00001961  RGBEnable                     
00001a21  main                          
00001ad9  pvPortMalloc                  
00001b85  __aeabi_memcpy                
00001b85  __aeabi_memcpy4               
00001b85  __aeabi_memcpy8               
00001b85  memcpy                        
00001c21  RGBColorSet                   
00001cb1  vTaskPriorityInherit          
00001d41  vTaskSwitchContext            
00001dcd  ButtonsPoll                   
00001e55  vTaskDelayUntil               
00001ed9  xQueueGenericReset            
00001f5d  ConfigureUART                 
00001fdd  ADCSequenceStepConfigure      
00002057  __aeabi_memclr                
00002057  __aeabi_memclr4               
00002057  __aeabi_memclr8               
00002059  __aeabi_memset                
00002059  __aeabi_memset4               
00002059  __aeabi_memset8               
0000205f  memset                        
000020d1  ConfigureI2C                  
00002149  xTaskPriorityDisinherit       
000021c1  xTaskRemoveFromEventList      
000022a7  __aeabi_idiv0                 
000022a7  __aeabi_ldiv0                 
000022a9  ButtonsInit                   
00002311  RGBDisable                    
00002379  __TI_decompress_lzss          
000023e1  vTaskPlaceOnEventList         
000024a7  vApplicationStackOverflowHook 
000024a9  PressureSensorTaskInit        
00002509  UARTStdioConfig               
000025c9  vTaskStartScheduler           
000026d9  xTaskCheckForTimeOut          
0000272d  ADCSequenceConfigure          
0000277d  AmmeterTaskInit               
000027cd  xQueueCreateMutex             
0000281d  I2CMasterInitExpClk           
000028b5  GPIOPinConfigure              
000028fd  SwitchTaskInit                
00002945  UARTwrite                     
0000298d  __TI_auto_init_nobinit_nopinit
000029d1  vPortFree                     
00002a15  __aeabi_uidiv                 
00002a15  __aeabi_uidivmod              
00002a55  xPortStartScheduler           
00002a95  xQueueGenericCreate           
00002b0b  vListInsert                   
00002b45  SysCtlPeripheralEnable        
00002b79  _c_int00_noargs               
00002bdd  xPortSysTickHandler           
00002c09  GPIODirModeSet                
00002c5d  pxPortInitialiseStack         
00002cab  uxListRemove                  
00002ce9  vPortEnterCritical            
00002d05  UARTprintf                    
00002d81  pvTaskIncrementMutexHeldCount 
00002d99  vListInsertEnd                
00002db1  vPortExitCritical             
00002dc9  vTaskSetTimeOutState          
00002de1  I2CMasterErr                  
00002df7  vListInitialise               
00002e0d  RGBIntensitySet               
00002e21  vPortSetupTimerInterrupt      
00002e35  GPIOPinTypeADC                
00002e47  GPIOPinTypeI2C                
00002e59  GPIOPinTypeI2CSCL             
00002e7d  FPUEnable                     
00002e8d  FPULazyStackingEnable         
00002ead  vTaskSuspendAll               
00002ebd  ADCHardwareOversampleConfigure
00002ecb  ADCSequenceEnable             
00002ed9  __TI_decompress_none          
00002ee7  __TI_zero_init                
00002ef5  vTaskMissedYield              
00002f01  xTaskGetTickCount             
00002f0d  I2CMasterEnable               
00002f17  I2CMasterBusy                 
00002f1f  I2CMasterSlaveAddrSet         
00002f2f  ResetISR                      
00002f35  SysCtlDelay                   
00002f3b  UARTClockSourceSet            
00002f41  vListInitialiseItem           
00002f47  I2CMasterControl              
00002f4b  I2CMasterDataGet              
00002f4f  I2CMasterDataPut              
00002f53  _system_pre_init              
00002f57  C$$EXIT                       
00002f57  abort                         
00003070  ulMaxSyscallInterruptPriority 
00003090  __TI_Handler_Table_Base       
0000309c  __TI_Handler_Table_Limit      
000030a8  __TI_CINIT_Base               
000030b8  __TI_CINIT_Limit              
20000000  __start___llvm_prf_cnts       
20000000  __stop___llvm_prf_cnts        
200076f8  g_pI2CSemaphore               
200076fc  g_pLEDQueue                   
20007700  g_pUARTSemaphore              
20007708  __stack                       
20007908  __STACK_END                   
20007908  __STACK_TOP                   
20007908  pxCurrentTCB                  
ffffffff  __TI_pprof_out_hndl           
ffffffff  __TI_prof_data_size           
ffffffff  __TI_prof_data_start          
ffffffff  __binit__                     
ffffffff  __c_args__                    
ffffffff  binit                         
UNDEFED   __mpu_init                    
UNDEFED   _system_post_cinit            

[138 symbols]
