******************************************************************************
                  TI ARM Linker PC v20.2.7                     
******************************************************************************
>> Linked Tue Nov 15 19:47:02 2022

OUTPUT FILE NAME:   <Projekt22.out>
ENTRY POINT SYMBOL: "_c_int00_noargs"  address: 00002d19


MEMORY CONFIGURATION

         name            origin    length      used     unused   attr    fill
----------------------  --------  ---------  --------  --------  ----  --------
  FLASH                 00000000   00040000  00003290  0003cd70  R  X
  SRAM                  20000000   00008000  00007959  000006a7  RW X


SEGMENT ALLOCATION MAP

run origin  load origin   length   init length attrs members
----------  ----------- ---------- ----------- ----- -------
00000000    00000000    00003290   00003290    r-x
  00000000    00000000    0000026c   0000026c    r-- .intvecs
  0000026c    0000026c    00002ecc   00002ecc    r-x .text
  00003138    00003138    00000118   00000118    r-- .const
  00003250    00003250    00000040   00000040    r-- .cinit
20000000    20000000    0000795c   00000000    rw-
  20000000    20000000    00007705   00000000    rw- .bss
  20007708    20007708    00000200   00000000    rw- .stack
  20007908    20007908    00000054   00000000    rw- .data


SECTION ALLOCATION MAP

 output                                  attributes/
section   page    origin      length       input sections
--------  ----  ----------  ----------   ----------------
.intvecs   0    00000000    0000026c     
                  00000000    0000026c     startup_ccs.obj (.intvecs)

.text      0    0000026c    00002ecc     
                  0000026c    00000244     pressure_sensor_task.obj (.text:PSReadRegisters)
                  000004b0    000001ee     uartstdio.obj (.text:UARTvprintf)
                  0000069e    00000002     startup_ccs.obj (.text:FaultISR)
                  000006a0    000001a4     dcdc_task.obj (.text:DCDCReadRegisters)
                  00000844    0000013c     ammeter_task.obj (.text:AmmeterReadRegisters)
                  00000980    00000132     driverlib.lib : gpio.obj (.text:GPIOPadConfigSet)
                  00000ab2    00000002     startup_ccs.obj (.text:IntDefaultHandler)
                  00000ab4    0000011c     led_task.obj (.text:LEDTask)
                  00000bd0    00000118     queue.obj (.text:xQueueGenericReceive)
                  00000ce8    00000110     dcdc_task.obj (.text:DCDCTaskInit)
                  00000df8    00000110     driverlib.lib : sysctl.obj (.text:SysCtlClockGet)
                  00000f08    00000104     rgb.obj (.text:RGBInit)
                  0000100c    00000104     tasks.obj (.text:xTaskIncrementTick)
                  00001110    00000100     tasks.obj (.text:xTaskGenericCreate)
                  00001210    000000fc     switch_task.obj (.text:SwitchTask)
                  0000130c    000000f4     driverlib.lib : sysctl.obj (.text:SysCtlClockSet)
                  00001400    000000f0     temperature_sensor_task.obj (.text:TSReadADC)
                  000014f0    000000f0     dcdc_task.obj (.text:WriteDCDCRegister)
                  000015e0    000000e8     queue.obj (.text:xQueueGenericSend)
                  000016c8    000000e4     tasks.obj (.text:xTaskResumeAll)
                  000017ac    000000d2     portasm.obj (.text)
                  0000187e    00000002     startup_ccs.obj (.text:NmiSR)
                  00001880    000000c8     main.obj (.text:ConfigureADC)
                  00001948    000000c8     led_task.obj (.text:LEDTaskInit)
                  00001a10    000000c0     rgb.obj (.text:RGBEnable)
                  00001ad0    000000c0     main.obj (.text:main)
                  00001b90    000000ac     heap_2.obj (.text:pvPortMalloc)
                  00001c3c    0000009c     rtsv7M4_T_le_v4SPD16_eabi.lib : memcpy_t2.asm.obj (.text)
                  00001cd8    00000090     rgb.obj (.text:RGBColorSet)
                  00001d68    00000090     tasks.obj (.text:vTaskPriorityInherit)
                  00001df8    0000008c     tasks.obj (.text:vTaskSwitchContext)
                  00001e84    00000088     buttons.obj (.text:ButtonsPoll)
                  00001f0c    00000084     tasks.obj (.text:vTaskDelayUntil)
                  00001f90    00000084     queue.obj (.text:xQueueGenericReset)
                  00002014    00000080     main.obj (.text:ConfigureUART)
                  00002094    0000007a     driverlib.lib : adc.obj (.text:ADCSequenceStepConfigure)
                  0000210e    0000007a     rtsv7M4_T_le_v4SPD16_eabi.lib : memset_t2.asm.obj (.text)
                  00002188    00000078     main.obj (.text:ConfigureI2C)
                  00002200    00000078     tasks.obj (.text:xTaskPriorityDisinherit)
                  00002278    00000074     tasks.obj (.text:xTaskRemoveFromEventList)
                  000022ec    00000072     queue.obj (.text:prvCopyDataToQueue)
                  0000235e    00000002     rtsv7M4_T_le_v4SPD16_eabi.lib : div0.asm.obj (.text)
                  00002360    00000070     temperature_sensor_task.obj (.text:TemperatureSensorTaskInit)
                  000023d0    0000006a     temperature_sensor_task.obj (.text:TemperatureSensorTask)
                  0000243a    00000002     main.obj (.text:vApplicationStackOverflowHook)
                  0000243c    00000068     buttons.obj (.text:ButtonsInit)
                  000024a4    00000068     rgb.obj (.text:RGBDisable)
                  0000250c    00000068     rtsv7M4_T_le_v4SPD16_eabi.lib : copy_decompress_lzss.c.obj (.text:decompress:lzss:__TI_decompress_lzss)
                  00002574    00000064     pressure_sensor_task.obj (.text:PressureSensorTaskInit)
                  000025d8    00000064     tasks.obj (.text:vTaskPlaceOnEventList)
                  0000263c    00000062     queue.obj (.text:prvUnlockQueue)
                  0000269e    00000002     --HOLE-- [fill = 0]
                  000026a0    00000060     uartstdio.obj (.text:UARTStdioConfig)
                  00002700    00000060     tasks.obj (.text:prvInitialiseTaskLists)
                  00002760    00000060     tasks.obj (.text:vTaskStartScheduler)
                  000027c0    00000058     tasks.obj (.text:prvCheckTasksWaitingTermination)
                  00002818    00000056     tasks.obj (.text:prvInitialiseTCBVariables)
                  0000286e    00000002     --HOLE-- [fill = 0]
                  00002870    00000054     ammeter_task.obj (.text:AmmeterTaskInit)
                  000028c4    00000054     tasks.obj (.text:xTaskCheckForTimeOut)
                  00002918    00000050     driverlib.lib : adc.obj (.text:ADCSequenceConfigure)
                  00002968    0000004e     queue.obj (.text:xQueueCreateMutex)
                  000029b6    00000002     --HOLE-- [fill = 0]
                  000029b8    0000004c     driverlib.lib : i2c.obj (.text:I2CMasterInitExpClk)
                  00002a04    0000004c     switch_task.obj (.text:SwitchTaskInit)
                  00002a50    0000004c     tasks.obj (.text:prvAddCurrentTaskToDelayedList)
                  00002a9c    00000048     driverlib.lib : gpio.obj (.text:GPIOPinConfigure)
                  00002ae4    00000048     uartstdio.obj (.text:UARTwrite)
                  00002b2c    00000044     rtsv7M4_T_le_v4SPD16_eabi.lib : autoinit.c.obj (.text:__TI_auto_init_nobinit_nopinit:__TI_auto_init_nobinit_nopinit)
                  00002b70    00000044     heap_2.obj (.text:vPortFree)
                  00002bb4    00000040     rtsv7M4_T_le_v4SPD16_eabi.lib : u_divt2.asm.obj (.text)
                  00002bf4    00000040     port.obj (.text:xPortStartScheduler)
                  00002c34    0000003c     queue.obj (.text:xQueueGenericCreate)
                  00002c70    0000003a     tasks.obj (.text:prvAllocateTCBAndStack)
                  00002caa    00000038     list.obj (.text:vListInsert)
                  00002ce2    00000002     --HOLE-- [fill = 0]
                  00002ce4    00000034     driverlib.lib : sysctl.obj (.text:SysCtlPeripheralEnable)
                  00002d18    00000034     rtsv7M4_T_le_v4SPD16_eabi.lib : boot_cortex_m.c.obj (.text:_c_int00_noargs:_c_int00_noargs)
                  00002d4c    00000030     heap_2.obj (.text:prvHeapInit)
                  00002d7c    0000002c     port.obj (.text:xPortSysTickHandler)
                  00002da8    0000002a     driverlib.lib : gpio.obj (.text:GPIODirModeSet)
                  00002dd2    00000002     --HOLE-- [fill = 0]
                  00002dd4    00000028     tasks.obj (.text:prvResetNextTaskUnblockTime)
                  00002dfc    00000028     port.obj (.text:pxPortInitialiseStack)
                  00002e24    00000026     queue.obj (.text:prvCopyDataFromQueue)
                  00002e4a    00000020     list.obj (.text:uxListRemove)
                  00002e6a    0000001e     driverlib.lib : adc.obj (.text:ADCSequenceDataGet)
                  00002e88    0000001c     queue.obj (.text:prvIsQueueFull)
                  00002ea4    0000001c     port.obj (.text:vPortEnterCritical)
                  00002ec0    0000001a     uartstdio.obj (.text:UARTprintf)
                  00002eda    0000001a     queue.obj (.text:prvIsQueueEmpty)
                  00002ef4    00000018     driverlib.lib : adc.obj (.text:ADCProcessorTrigger)
                  00002f0c    00000018     ammeter_task.obj (.text:AmmeterTask)
                  00002f24    00000018     dcdc_task.obj (.text:DCDCTask)
                  00002f3c    00000018     pressure_sensor_task.obj (.text:PressureSensorTask)
                  00002f54    00000018     tasks.obj (.text:pvTaskIncrementMutexHeldCount)
                  00002f6c    00000018     list.obj (.text:vListInsertEnd)
                  00002f84    00000018     port.obj (.text:vPortExitCritical)
                  00002f9c    00000018     tasks.obj (.text:vTaskSetTimeOutState)
                  00002fb4    00000016     driverlib.lib : i2c.obj (.text:I2CMasterErr)
                  00002fca    00000016     list.obj (.text:vListInitialise)
                  00002fe0    00000014     rgb.obj (.text:RGBIntensitySet)
                  00002ff4    00000014     port.obj (.text:vPortSetupTimerInterrupt)
                  00003008    00000012     driverlib.lib : gpio.obj (.text:GPIOPinTypeADC)
                  0000301a    00000012                   : gpio.obj (.text:GPIOPinTypeI2C)
                  0000302c    00000012                   : gpio.obj (.text:GPIOPinTypeI2CSCL)
                  0000303e    00000012     tasks.obj (.text:prvDeleteTCB)
                  00003050    00000010     driverlib.lib : fpu.obj (.text:FPUEnable)
                  00003060    00000010                   : fpu.obj (.text:FPULazyStackingEnable)
                  00003070    00000010     port.obj (.text:prvTaskExitError)
                  00003080    00000010     tasks.obj (.text:vTaskSuspendAll)
                  00003090    0000000e     driverlib.lib : adc.obj (.text:ADCHardwareOversampleConfigure)
                  0000309e    0000000e                   : adc.obj (.text:ADCSequenceEnable)
                  000030ac    0000000e     rtsv7M4_T_le_v4SPD16_eabi.lib : copy_decompress_none.c.obj (.text:decompress:none:__TI_decompress_none)
                  000030ba    0000000c                                   : copy_zero_init.c.obj (.text:decompress:ZI:__TI_zero_init)
                  000030c6    00000002     --HOLE-- [fill = 0]
                  000030c8    0000000c     tasks.obj (.text:vTaskMissedYield)
                  000030d4    0000000c     tasks.obj (.text:xTaskGetTickCount)
                  000030e0    0000000a     driverlib.lib : adc.obj (.text:ADCIntClear)
                  000030ea    0000000a                   : i2c.obj (.text:I2CMasterEnable)
                  000030f4    00000008                   : i2c.obj (.text:I2CMasterBusy)
                  000030fc    00000008                   : i2c.obj (.text:I2CMasterSlaveAddrSet)
                  00003104    00000008     tasks.obj (.text:prvIdleTask)
                  0000310c    00000006     startup_ccs.obj (.text:ResetISR)
                  00003112    00000006     driverlib.lib : sysctl.obj (.text:SysCtlDelay)
                  00003118    00000006                   : uart.obj (.text:UARTClockSourceSet)
                  0000311e    00000006     list.obj (.text:vListInitialiseItem)
                  00003124    00000004     driverlib.lib : i2c.obj (.text:I2CMasterControl)
                  00003128    00000004                   : i2c.obj (.text:I2CMasterDataGet)
                  0000312c    00000004                   : i2c.obj (.text:I2CMasterDataPut)
                  00003130    00000004     rtsv7M4_T_le_v4SPD16_eabi.lib : pre_init.c.obj (.text:_system_pre_init)
                  00003134    00000004                                   : exit.c.obj (.text:abort:abort)

.const     0    00003138    00000118     
                  00003138    00000090     driverlib.lib : gpio.obj (.const:g_pui32GPIOBaseAddrs)
                  000031c8    0000006c                   : sysctl.obj (.const:g_pui32Xtals)
                  00003234    0000000c     uartstdio.obj (.const:g_ui32UARTBase)
                  00003240    0000000c     uartstdio.obj (.const:g_ui32UARTPeriph)
                  0000324c    00000004     port.obj (.const)

.cinit     0    00003250    00000040     
                  00003250    00000017     (.cinit..data.load) [load image, compression = lzss]
                  00003267    00000001     --HOLE-- [fill = 0]
                  00003268    0000000c     (__TI_handler_table)
                  00003274    00000004     --HOLE-- [fill = 0]
                  00003278    00000008     (.cinit..bss.load) [load image, compression = zero_init]
                  00003280    00000010     (__TI_cinit_table)

.init_array 
*          0    00000000    00000000     UNINITIALIZED

.bss       0    20000000    00007705     UNINITIALIZED
                  20000000    00007530     heap_2.obj (.bss:ucHeap)
                  20007530    00000140     tasks.obj (.bss:pxReadyTasksLists)
                  20007670    00000014     tasks.obj (.bss:xDelayedTaskList1)
                  20007684    00000014     tasks.obj (.bss:xDelayedTaskList2)
                  20007698    00000014     tasks.obj (.bss:xPendingReadyList)
                  200076ac    00000014     tasks.obj (.bss:xSuspendedTaskList)
                  200076c0    00000014     tasks.obj (.bss:xTasksWaitingTermination)
                  200076d4    0000000c     rgb.obj (.bss:g_ui32Colors)
                  200076e0    00000008     tasks.obj (.bss)
                  200076e8    00000008     heap_2.obj (.bss:xEnd)
                  200076f0    00000008     heap_2.obj (.bss:xStart)
                  200076f8    00000004     (.common:g_pI2CSemaphore)
                  200076fc    00000004     (.common:g_pLEDQueue)
                  20007700    00000004     (.common:g_pUARTSemaphore)
                  20007704    00000001     led_task.obj (.bss)

.data      0    20007908    00000054     UNINITIALIZED
                  20007908    00000030     tasks.obj (.data)
                  20007938    0000000c     led_task.obj (.data:g_pui32Colors)
                  20007944    00000008     heap_2.obj (.data)
                  2000794c    00000005     uartstdio.obj (.data)
                  20007951    00000003     buttons.obj (.data)
                  20007954    00000004     port.obj (.data)
                  20007958    00000004     rgb.obj (.data)

.stack     0    20007708    00000200     UNINITIALIZED
                  20007708    00000004     rtsv7M4_T_le_v4SPD16_eabi.lib : boot_cortex_m.c.obj (.stack)
                  2000770c    000001fc     --HOLE--

__llvm_prf_cnts 
*          0    20000000    00000000     UNINITIALIZED

MODULE SUMMARY

       Module                        code    ro data   rw data
       ------                        ----    -------   -------
    .\
       dcdc_task.obj                 956     0         0      
       pressure_sensor_task.obj      704     0         0      
       main.obj                      642     0         8      
       startup_ccs.obj               12      620       0      
       led_task.obj                  484     0         17     
       temperature_sensor_task.obj   458     0         0      
       ammeter_task.obj              424     0         0      
       switch_task.obj               328     0         0      
    +--+-----------------------------+-------+---------+---------+
       Total:                        4008    620       25     
                                                              
    .\drivers\
       rgb.obj                       720     0         16     
       buttons.obj                   240     0         3      
    +--+-----------------------------+-------+---------+---------+
       Total:                        960     0         19     
                                                              
    .\third_party\FreeRTOS\Source\
       tasks.obj                     2234    0         476    
       queue.obj                     1086    0         0      
       list.obj                      140     0         0      
    +--+-----------------------------+-------+---------+---------+
       Total:                        3460    0         476    
                                                              
    .\third_party\FreeRTOS\Source\portable\CCS\ARM_CM4F\
       port.obj                      236     4         4      
       portasm.obj                   210     0         0      
    +--+-----------------------------+-------+---------+---------+
       Total:                        446     4         4      
                                                              
    .\third_party\FreeRTOS\Source\portable\MemMang\
       heap_2.obj                    288     0         30024  
    +--+-----------------------------+-------+---------+---------+
       Total:                        288     0         30024  
                                                              
    .\utils\
       uartstdio.obj                 688     24        5      
    +--+-----------------------------+-------+---------+---------+
       Total:                        688     24        5      
                                                              
    C:/ti/tivaware_c_series_2_1_4_178/driverlib/ccs/Debug/driverlib.lib
       sysctl.obj                    574     108       0      
       gpio.obj                      474     144       0      
       adc.obj                       294     0         0      
       i2c.obj                       136     0         0      
       fpu.obj                       32      0         0      
       uart.obj                      6       0         0      
    +--+-----------------------------+-------+---------+---------+
       Total:                        1516    252       0      
                                                              
    C:\ti\ccs1200\ccs\tools\compiler\ti-cgt-arm_20.2.7.LTS\lib\rtsv7M4_T_le_v4SPD16_eabi.lib
       memcpy_t2.asm.obj             156     0         0      
       memset_t2.asm.obj             122     0         0      
       copy_decompress_lzss.c.obj    104     0         0      
       autoinit.c.obj                68      0         0      
       u_divt2.asm.obj               64      0         0      
       boot_cortex_m.c.obj           52      0         0      
       copy_decompress_none.c.obj    14      0         0      
       copy_zero_init.c.obj          12      0         0      
       exit.c.obj                    4       0         0      
       pre_init.c.obj                4       0         0      
       div0.asm.obj                  2       0         0      
    +--+-----------------------------+-------+---------+---------+
       Total:                        602     0         0      
                                                              
       Stack:                        0       0         512    
       Linker Generated:             0       59        0      
    +--+-----------------------------+-------+---------+---------+
       Grand Total:                  11968   959       31065  


LINKER GENERATED COPY TABLES

__TI_cinit_table @ 00003280 records: 2, size/record: 8, table size: 16
	.data: load addr=00003250, load size=00000017 bytes, run addr=20007908, run size=00000054 bytes, compression=lzss
	.bss: load addr=00003278, load size=00000008 bytes, run addr=20000000, run size=00007705 bytes, compression=zero_init


LINKER GENERATED HANDLER TABLE

__TI_handler_table @ 00003268 records: 3, size/record: 4, table size: 12
	index: 0, handler: __TI_decompress_lzss
	index: 1, handler: __TI_decompress_none
	index: 2, handler: __TI_zero_init


GLOBAL SYMBOLS: SORTED ALPHABETICALLY BY Name 

address   name                          
-------   ----                          
00003091  ADCHardwareOversampleConfigure
000030e1  ADCIntClear                   
00002ef5  ADCProcessorTrigger           
00002919  ADCSequenceConfigure          
00002e6b  ADCSequenceDataGet            
0000309f  ADCSequenceEnable             
00002095  ADCSequenceStepConfigure      
00000845  AmmeterReadRegisters          
00002871  AmmeterTaskInit               
0000243d  ButtonsInit                   
00001e85  ButtonsPoll                   
00003135  C$$EXIT                       
00001881  ConfigureADC                  
00002189  ConfigureI2C                  
00002015  ConfigureUART                 
000006a1  DCDCReadRegisters             
00000ce9  DCDCTaskInit                  
00003051  FPUEnable                     
00003061  FPULazyStackingEnable         
00002da9  GPIODirModeSet                
00000981  GPIOPadConfigSet              
00002a9d  GPIOPinConfigure              
00003009  GPIOPinTypeADC                
0000301b  GPIOPinTypeI2C                
0000302d  GPIOPinTypeI2CSCL             
000030f5  I2CMasterBusy                 
00003125  I2CMasterControl              
00003129  I2CMasterDataGet              
0000312d  I2CMasterDataPut              
000030eb  I2CMasterEnable               
00002fb5  I2CMasterErr                  
000029b9  I2CMasterInitExpClk           
000030fd  I2CMasterSlaveAddrSet         
00001949  LEDTaskInit                   
0000026d  PSReadRegisters               
00002575  PressureSensorTaskInit        
00001cd9  RGBColorSet                   
000024a5  RGBDisable                    
00001a11  RGBEnable                     
00000f09  RGBInit                       
00002fe1  RGBIntensitySet               
0000310d  ResetISR                      
00002a05  SwitchTaskInit                
00000df9  SysCtlClockGet                
0000130d  SysCtlClockSet                
00003113  SysCtlDelay                   
00002ce5  SysCtlPeripheralEnable        
00001401  TSReadADC                     
00002361  TemperatureSensorTaskInit     
00003119  UARTClockSourceSet            
000026a1  UARTStdioConfig               
00002ec1  UARTprintf                    
000004b1  UARTvprintf                   
00002ae5  UARTwrite                     
000014f1  WriteDCDCRegister             
20007908  __STACK_END                   
00000200  __STACK_SIZE                  
20007908  __STACK_TOP                   
00003280  __TI_CINIT_Base               
00003290  __TI_CINIT_Limit              
00003268  __TI_Handler_Table_Base       
00003274  __TI_Handler_Table_Limit      
00002b2d  __TI_auto_init_nobinit_nopinit
0000250d  __TI_decompress_lzss          
000030ad  __TI_decompress_none          
ffffffff  __TI_pprof_out_hndl           
ffffffff  __TI_prof_data_size           
ffffffff  __TI_prof_data_start          
00000000  __TI_static_base__            
000030bb  __TI_zero_init                
0000235f  __aeabi_idiv0                 
0000235f  __aeabi_ldiv0                 
0000210f  __aeabi_memclr                
0000210f  __aeabi_memclr4               
0000210f  __aeabi_memclr8               
00001c3d  __aeabi_memcpy                
00001c3d  __aeabi_memcpy4               
00001c3d  __aeabi_memcpy8               
00002111  __aeabi_memset                
00002111  __aeabi_memset4               
00002111  __aeabi_memset8               
00002bb5  __aeabi_uidiv                 
00002bb5  __aeabi_uidivmod              
ffffffff  __binit__                     
ffffffff  __c_args__                    
UNDEFED   __mpu_init                    
20007708  __stack                       
20000000  __start___llvm_prf_cnts       
20000000  __stop___llvm_prf_cnts        
00002d19  _c_int00_noargs               
UNDEFED   _system_post_cinit            
00003131  _system_pre_init              
00003135  abort                         
ffffffff  binit                         
200076f8  g_pI2CSemaphore               
200076fc  g_pLEDQueue                   
20007700  g_pUARTSemaphore              
00000000  g_pfnVectors                  
00001ad1  main                          
00001c3d  memcpy                        
00002117  memset                        
00001b91  pvPortMalloc                  
00002f55  pvTaskIncrementMutexHeldCount 
20007908  pxCurrentTCB                  
00002dfd  pxPortInitialiseStack         
0000324c  ulMaxSyscallInterruptPriority 
000017bd  ulPortGetIPSR                 
00002e4b  uxListRemove                  
0000243b  vApplicationStackOverflowHook 
00002fcb  vListInitialise               
0000311f  vListInitialiseItem           
00002cab  vListInsert                   
00002f6d  vListInsertEnd                
00001871  vPortEnableVFP                
00002ea5  vPortEnterCritical            
00002f85  vPortExitCritical             
00002b71  vPortFree                     
00001835  vPortSVCHandler               
00002ff5  vPortSetupTimerInterrupt      
00001855  vPortStartFirstTask           
00001f0d  vTaskDelayUntil               
000030c9  vTaskMissedYield              
000025d9  vTaskPlaceOnEventList         
00001d69  vTaskPriorityInherit          
00002f9d  vTaskSetTimeOutState          
00002761  vTaskStartScheduler           
00003081  vTaskSuspendAll               
00001df9  vTaskSwitchContext            
000017d5  xPortPendSVHandler            
00002bf5  xPortStartScheduler           
00002d7d  xPortSysTickHandler           
00002969  xQueueCreateMutex             
00002c35  xQueueGenericCreate           
00000bd1  xQueueGenericReceive          
00001f91  xQueueGenericReset            
000015e1  xQueueGenericSend             
000028c5  xTaskCheckForTimeOut          
00001111  xTaskGenericCreate            
000030d5  xTaskGetTickCount             
0000100d  xTaskIncrementTick            
00002201  xTaskPriorityDisinherit       
00002279  xTaskRemoveFromEventList      
000016c9  xTaskResumeAll                


GLOBAL SYMBOLS: SORTED BY Symbol Address 

address   name                          
-------   ----                          
00000000  __TI_static_base__            
00000000  g_pfnVectors                  
00000200  __STACK_SIZE                  
0000026d  PSReadRegisters               
000004b1  UARTvprintf                   
000006a1  DCDCReadRegisters             
00000845  AmmeterReadRegisters          
00000981  GPIOPadConfigSet              
00000bd1  xQueueGenericReceive          
00000ce9  DCDCTaskInit                  
00000df9  SysCtlClockGet                
00000f09  RGBInit                       
0000100d  xTaskIncrementTick            
00001111  xTaskGenericCreate            
0000130d  SysCtlClockSet                
00001401  TSReadADC                     
000014f1  WriteDCDCRegister             
000015e1  xQueueGenericSend             
000016c9  xTaskResumeAll                
000017bd  ulPortGetIPSR                 
000017d5  xPortPendSVHandler            
00001835  vPortSVCHandler               
00001855  vPortStartFirstTask           
00001871  vPortEnableVFP                
00001881  ConfigureADC                  
00001949  LEDTaskInit                   
00001a11  RGBEnable                     
00001ad1  main                          
00001b91  pvPortMalloc                  
00001c3d  __aeabi_memcpy                
00001c3d  __aeabi_memcpy4               
00001c3d  __aeabi_memcpy8               
00001c3d  memcpy                        
00001cd9  RGBColorSet                   
00001d69  vTaskPriorityInherit          
00001df9  vTaskSwitchContext            
00001e85  ButtonsPoll                   
00001f0d  vTaskDelayUntil               
00001f91  xQueueGenericReset            
00002015  ConfigureUART                 
00002095  ADCSequenceStepConfigure      
0000210f  __aeabi_memclr                
0000210f  __aeabi_memclr4               
0000210f  __aeabi_memclr8               
00002111  __aeabi_memset                
00002111  __aeabi_memset4               
00002111  __aeabi_memset8               
00002117  memset                        
00002189  ConfigureI2C                  
00002201  xTaskPriorityDisinherit       
00002279  xTaskRemoveFromEventList      
0000235f  __aeabi_idiv0                 
0000235f  __aeabi_ldiv0                 
00002361  TemperatureSensorTaskInit     
0000243b  vApplicationStackOverflowHook 
0000243d  ButtonsInit                   
000024a5  RGBDisable                    
0000250d  __TI_decompress_lzss          
00002575  PressureSensorTaskInit        
000025d9  vTaskPlaceOnEventList         
000026a1  UARTStdioConfig               
00002761  vTaskStartScheduler           
00002871  AmmeterTaskInit               
000028c5  xTaskCheckForTimeOut          
00002919  ADCSequenceConfigure          
00002969  xQueueCreateMutex             
000029b9  I2CMasterInitExpClk           
00002a05  SwitchTaskInit                
00002a9d  GPIOPinConfigure              
00002ae5  UARTwrite                     
00002b2d  __TI_auto_init_nobinit_nopinit
00002b71  vPortFree                     
00002bb5  __aeabi_uidiv                 
00002bb5  __aeabi_uidivmod              
00002bf5  xPortStartScheduler           
00002c35  xQueueGenericCreate           
00002cab  vListInsert                   
00002ce5  SysCtlPeripheralEnable        
00002d19  _c_int00_noargs               
00002d7d  xPortSysTickHandler           
00002da9  GPIODirModeSet                
00002dfd  pxPortInitialiseStack         
00002e4b  uxListRemove                  
00002e6b  ADCSequenceDataGet            
00002ea5  vPortEnterCritical            
00002ec1  UARTprintf                    
00002ef5  ADCProcessorTrigger           
00002f55  pvTaskIncrementMutexHeldCount 
00002f6d  vListInsertEnd                
00002f85  vPortExitCritical             
00002f9d  vTaskSetTimeOutState          
00002fb5  I2CMasterErr                  
00002fcb  vListInitialise               
00002fe1  RGBIntensitySet               
00002ff5  vPortSetupTimerInterrupt      
00003009  GPIOPinTypeADC                
0000301b  GPIOPinTypeI2C                
0000302d  GPIOPinTypeI2CSCL             
00003051  FPUEnable                     
00003061  FPULazyStackingEnable         
00003081  vTaskSuspendAll               
00003091  ADCHardwareOversampleConfigure
0000309f  ADCSequenceEnable             
000030ad  __TI_decompress_none          
000030bb  __TI_zero_init                
000030c9  vTaskMissedYield              
000030d5  xTaskGetTickCount             
000030e1  ADCIntClear                   
000030eb  I2CMasterEnable               
000030f5  I2CMasterBusy                 
000030fd  I2CMasterSlaveAddrSet         
0000310d  ResetISR                      
00003113  SysCtlDelay                   
00003119  UARTClockSourceSet            
0000311f  vListInitialiseItem           
00003125  I2CMasterControl              
00003129  I2CMasterDataGet              
0000312d  I2CMasterDataPut              
00003131  _system_pre_init              
00003135  C$$EXIT                       
00003135  abort                         
0000324c  ulMaxSyscallInterruptPriority 
00003268  __TI_Handler_Table_Base       
00003274  __TI_Handler_Table_Limit      
00003280  __TI_CINIT_Base               
00003290  __TI_CINIT_Limit              
20000000  __start___llvm_prf_cnts       
20000000  __stop___llvm_prf_cnts        
200076f8  g_pI2CSemaphore               
200076fc  g_pLEDQueue                   
20007700  g_pUARTSemaphore              
20007708  __stack                       
20007908  __STACK_END                   
20007908  __STACK_TOP                   
20007908  pxCurrentTCB                  
ffffffff  __TI_pprof_out_hndl           
ffffffff  __TI_prof_data_size           
ffffffff  __TI_prof_data_start          
ffffffff  __binit__                     
ffffffff  __c_args__                    
ffffffff  binit                         
UNDEFED   __mpu_init                    
UNDEFED   _system_post_cinit            

[143 symbols]
