******************************************************************************
                  TI ARM Linker PC v20.2.7                     
******************************************************************************
>> Linked Tue Nov 15 01:46:53 2022

OUTPUT FILE NAME:   <Projekt22.out>
ENTRY POINT SYMBOL: "_c_int00_noargs"  address: 00002c5d


MEMORY CONFIGURATION

         name            origin    length      used     unused   attr    fill
----------------------  --------  ---------  --------  --------  ----  --------
  FLASH                 00000000   00040000  00003196  0003ce6a  R  X
  SRAM                  20000000   00008000  00007959  000006a7  RW X


SEGMENT ALLOCATION MAP

run origin  load origin   length   init length attrs members
----------  ----------- ---------- ----------- ----- -------
00000000    00000000    00003198   00003198    r-x
  00000000    00000000    0000026c   0000026c    r-- .intvecs
  0000026c    0000026c    00002dd2   00002dd2    r-x .text
  00003040    00003040    00000118   00000118    r-- .const
  00003158    00003158    00000040   00000040    r-- .cinit
20000000    20000000    0000795c   00000000    rw-
  20000000    20000000    00007705   00000000    rw- .bss
  20007708    20007708    00000200   00000000    rw- .stack
  20007908    20007908    00000054   00000000    rw- .data


SECTION ALLOCATION MAP

 output                                  attributes/
section   page    origin      length       input sections
--------  ----  ----------  ----------   ----------------
.intvecs   0    00000000    0000026c     
                  00000000    0000026c     startup_ccs.obj (.intvecs)

.text      0    0000026c    00002dd2     
                  0000026c    00000244     pressure_sensor_task.obj (.text:PSReadRegisters)
                  000004b0    000001ee     uartstdio.obj (.text:UARTvprintf)
                  0000069e    00000002     startup_ccs.obj (.text:FaultISR)
                  000006a0    000001ac     main.obj (.text:ConfigureADC)
                  0000084c    000001a4     dcdc_task.obj (.text:DCDCReadRegisters)
                  000009f0    00000164     dcdc_task.obj (.text:WriteDCDCRegister)
                  00000b54    0000013c     ammeter_task.obj (.text:AmmeterReadRegisters)
                  00000c90    00000132     driverlib.lib : gpio.obj (.text:GPIOPadConfigSet)
                  00000dc2    00000002     startup_ccs.obj (.text:IntDefaultHandler)
                  00000dc4    0000011c     led_task.obj (.text:LEDTask)
                  00000ee0    00000118     queue.obj (.text:xQueueGenericReceive)
                  00000ff8    00000110     dcdc_task.obj (.text:DCDCTaskInit)
                  00001108    00000110     driverlib.lib : sysctl.obj (.text:SysCtlClockGet)
                  00001218    00000104     rgb.obj (.text:RGBInit)
                  0000131c    00000104     tasks.obj (.text:xTaskIncrementTick)
                  00001420    00000100     tasks.obj (.text:xTaskGenericCreate)
                  00001520    000000fc     switch_task.obj (.text:SwitchTask)
                  0000161c    000000f4     driverlib.lib : sysctl.obj (.text:SysCtlClockSet)
                  00001710    000000e8     queue.obj (.text:xQueueGenericSend)
                  000017f8    000000e4     tasks.obj (.text:xTaskResumeAll)
                  000018dc    000000d2     portasm.obj (.text)
                  000019ae    00000002     startup_ccs.obj (.text:NmiSR)
                  000019b0    000000c8     led_task.obj (.text:LEDTaskInit)
                  00001a78    000000c0     rgb.obj (.text:RGBEnable)
                  00001b38    000000b8     main.obj (.text:main)
                  00001bf0    000000ac     heap_2.obj (.text:pvPortMalloc)
                  00001c9c    0000009c     rtsv7M4_T_le_v4SPD16_eabi.lib : memcpy_t2.asm.obj (.text)
                  00001d38    00000090     rgb.obj (.text:RGBColorSet)
                  00001dc8    00000090     tasks.obj (.text:vTaskPriorityInherit)
                  00001e58    0000008c     tasks.obj (.text:vTaskSwitchContext)
                  00001ee4    00000088     buttons.obj (.text:ButtonsPoll)
                  00001f6c    00000084     tasks.obj (.text:vTaskDelayUntil)
                  00001ff0    00000084     queue.obj (.text:xQueueGenericReset)
                  00002074    0000007a     driverlib.lib : adc.obj (.text:ADCSequenceStepConfigure)
                  000020ee    0000007a     rtsv7M4_T_le_v4SPD16_eabi.lib : memset_t2.asm.obj (.text)
                  00002168    00000078     tasks.obj (.text:xTaskPriorityDisinherit)
                  000021e0    00000074     tasks.obj (.text:xTaskRemoveFromEventList)
                  00002254    00000072     queue.obj (.text:prvCopyDataToQueue)
                  000022c6    00000002     rtsv7M4_T_le_v4SPD16_eabi.lib : div0.asm.obj (.text)
                  000022c8    00000068     buttons.obj (.text:ButtonsInit)
                  00002330    00000068     rgb.obj (.text:RGBDisable)
                  00002398    00000068     rtsv7M4_T_le_v4SPD16_eabi.lib : copy_decompress_lzss.c.obj (.text:decompress:lzss:__TI_decompress_lzss)
                  00002400    00000064     main.obj (.text:ConfigureUART)
                  00002464    00000064     tasks.obj (.text:vTaskPlaceOnEventList)
                  000024c8    00000062     queue.obj (.text:prvUnlockQueue)
                  0000252a    00000002     main.obj (.text:vApplicationStackOverflowHook)
                  0000252c    00000060     main.obj (.text:ConfigureI2C)
                  0000258c    00000060     pressure_sensor_task.obj (.text:PressureSensorTaskInit)
                  000025ec    00000060     uartstdio.obj (.text:UARTStdioConfig)
                  0000264c    00000060     tasks.obj (.text:prvInitialiseTaskLists)
                  000026ac    00000060     tasks.obj (.text:vTaskStartScheduler)
                  0000270c    00000058     tasks.obj (.text:prvCheckTasksWaitingTermination)
                  00002764    00000056     tasks.obj (.text:prvInitialiseTCBVariables)
                  000027ba    00000002     --HOLE-- [fill = 0]
                  000027bc    00000054     tasks.obj (.text:xTaskCheckForTimeOut)
                  00002810    00000050     driverlib.lib : adc.obj (.text:ADCSequenceConfigure)
                  00002860    00000050     ammeter_task.obj (.text:AmmeterTaskInit)
                  000028b0    0000004e     queue.obj (.text:xQueueCreateMutex)
                  000028fe    00000002     --HOLE-- [fill = 0]
                  00002900    0000004c     driverlib.lib : i2c.obj (.text:I2CMasterInitExpClk)
                  0000294c    0000004c     tasks.obj (.text:prvAddCurrentTaskToDelayedList)
                  00002998    00000048     driverlib.lib : gpio.obj (.text:GPIOPinConfigure)
                  000029e0    00000048     switch_task.obj (.text:SwitchTaskInit)
                  00002a28    00000048     uartstdio.obj (.text:UARTwrite)
                  00002a70    00000044     rtsv7M4_T_le_v4SPD16_eabi.lib : autoinit.c.obj (.text:__TI_auto_init_nobinit_nopinit:__TI_auto_init_nobinit_nopinit)
                  00002ab4    00000044     heap_2.obj (.text:vPortFree)
                  00002af8    00000040     rtsv7M4_T_le_v4SPD16_eabi.lib : u_divt2.asm.obj (.text)
                  00002b38    00000040     port.obj (.text:xPortStartScheduler)
                  00002b78    0000003c     queue.obj (.text:xQueueGenericCreate)
                  00002bb4    0000003a     tasks.obj (.text:prvAllocateTCBAndStack)
                  00002bee    00000038     list.obj (.text:vListInsert)
                  00002c26    00000002     --HOLE-- [fill = 0]
                  00002c28    00000034     driverlib.lib : sysctl.obj (.text:SysCtlPeripheralEnable)
                  00002c5c    00000034     rtsv7M4_T_le_v4SPD16_eabi.lib : boot_cortex_m.c.obj (.text:_c_int00_noargs:_c_int00_noargs)
                  00002c90    00000030     heap_2.obj (.text:prvHeapInit)
                  00002cc0    0000002c     port.obj (.text:xPortSysTickHandler)
                  00002cec    0000002a     driverlib.lib : gpio.obj (.text:GPIODirModeSet)
                  00002d16    00000002     --HOLE-- [fill = 0]
                  00002d18    00000028     tasks.obj (.text:prvResetNextTaskUnblockTime)
                  00002d40    00000028     port.obj (.text:pxPortInitialiseStack)
                  00002d68    00000026     queue.obj (.text:prvCopyDataFromQueue)
                  00002d8e    00000020     list.obj (.text:uxListRemove)
                  00002dae    0000001c     queue.obj (.text:prvIsQueueFull)
                  00002dca    00000002     --HOLE-- [fill = 0]
                  00002dcc    0000001c     port.obj (.text:vPortEnterCritical)
                  00002de8    0000001a     uartstdio.obj (.text:UARTprintf)
                  00002e02    0000001a     queue.obj (.text:prvIsQueueEmpty)
                  00002e1c    00000018     ammeter_task.obj (.text:AmmeterTask)
                  00002e34    00000018     dcdc_task.obj (.text:DCDCTask)
                  00002e4c    00000018     pressure_sensor_task.obj (.text:PressureSensorTask)
                  00002e64    00000018     tasks.obj (.text:pvTaskIncrementMutexHeldCount)
                  00002e7c    00000018     list.obj (.text:vListInsertEnd)
                  00002e94    00000018     port.obj (.text:vPortExitCritical)
                  00002eac    00000018     tasks.obj (.text:vTaskSetTimeOutState)
                  00002ec4    00000016     driverlib.lib : i2c.obj (.text:I2CMasterErr)
                  00002eda    00000016     list.obj (.text:vListInitialise)
                  00002ef0    00000014     rgb.obj (.text:RGBIntensitySet)
                  00002f04    00000014     port.obj (.text:vPortSetupTimerInterrupt)
                  00002f18    00000012     driverlib.lib : gpio.obj (.text:GPIOPinTypeADC)
                  00002f2a    00000012                   : gpio.obj (.text:GPIOPinTypeI2C)
                  00002f3c    00000012                   : gpio.obj (.text:GPIOPinTypeI2CSCL)
                  00002f4e    00000012     tasks.obj (.text:prvDeleteTCB)
                  00002f60    00000010     driverlib.lib : fpu.obj (.text:FPUEnable)
                  00002f70    00000010                   : fpu.obj (.text:FPULazyStackingEnable)
                  00002f80    00000010     port.obj (.text:prvTaskExitError)
                  00002f90    00000010     tasks.obj (.text:vTaskSuspendAll)
                  00002fa0    0000000e     driverlib.lib : adc.obj (.text:ADCHardwareOversampleConfigure)
                  00002fae    0000000e                   : adc.obj (.text:ADCSequenceEnable)
                  00002fbc    0000000e     rtsv7M4_T_le_v4SPD16_eabi.lib : copy_decompress_none.c.obj (.text:decompress:none:__TI_decompress_none)
                  00002fca    0000000c                                   : copy_zero_init.c.obj (.text:decompress:ZI:__TI_zero_init)
                  00002fd6    00000002     --HOLE-- [fill = 0]
                  00002fd8    0000000c     tasks.obj (.text:vTaskMissedYield)
                  00002fe4    0000000c     tasks.obj (.text:xTaskGetTickCount)
                  00002ff0    0000000a     driverlib.lib : i2c.obj (.text:I2CMasterEnable)
                  00002ffa    00000008                   : i2c.obj (.text:I2CMasterBusy)
                  00003002    00000008                   : i2c.obj (.text:I2CMasterSlaveAddrSet)
                  0000300a    00000008     tasks.obj (.text:prvIdleTask)
                  00003012    00000006     startup_ccs.obj (.text:ResetISR)
                  00003018    00000006     driverlib.lib : sysctl.obj (.text:SysCtlDelay)
                  0000301e    00000006                   : uart.obj (.text:UARTClockSourceSet)
                  00003024    00000006     list.obj (.text:vListInitialiseItem)
                  0000302a    00000004     driverlib.lib : i2c.obj (.text:I2CMasterControl)
                  0000302e    00000004                   : i2c.obj (.text:I2CMasterDataGet)
                  00003032    00000004                   : i2c.obj (.text:I2CMasterDataPut)
                  00003036    00000004     rtsv7M4_T_le_v4SPD16_eabi.lib : pre_init.c.obj (.text:_system_pre_init)
                  0000303a    00000004                                   : exit.c.obj (.text:abort:abort)

.const     0    00003040    00000118     
                  00003040    00000090     driverlib.lib : gpio.obj (.const:g_pui32GPIOBaseAddrs)
                  000030d0    0000006c                   : sysctl.obj (.const:g_pui32Xtals)
                  0000313c    0000000c     uartstdio.obj (.const:g_ui32UARTBase)
                  00003148    0000000c     uartstdio.obj (.const:g_ui32UARTPeriph)
                  00003154    00000004     port.obj (.const)

.cinit     0    00003158    00000040     
                  00003158    00000017     (.cinit..data.load) [load image, compression = lzss]
                  0000316f    00000001     --HOLE-- [fill = 0]
                  00003170    0000000c     (__TI_handler_table)
                  0000317c    00000004     --HOLE-- [fill = 0]
                  00003180    00000008     (.cinit..bss.load) [load image, compression = zero_init]
                  00003188    00000010     (__TI_cinit_table)

.init_array 
*          0    00000000    00000000     UNINITIALIZED

.bss       0    20000000    00007705     UNINITIALIZED
                  20000000    00007530     heap_2.obj (.bss:ucHeap)
                  20007530    00000140     tasks.obj (.bss:pxReadyTasksLists)
                  20007670    00000014     tasks.obj (.bss:xDelayedTaskList1)
                  20007684    00000014     tasks.obj (.bss:xDelayedTaskList2)
                  20007698    00000014     tasks.obj (.bss:xPendingReadyList)
                  200076ac    00000014     tasks.obj (.bss:xSuspendedTaskList)
                  200076c0    00000014     tasks.obj (.bss:xTasksWaitingTermination)
                  200076d4    0000000c     rgb.obj (.bss:g_ui32Colors)
                  200076e0    00000008     tasks.obj (.bss)
                  200076e8    00000008     heap_2.obj (.bss:xEnd)
                  200076f0    00000008     heap_2.obj (.bss:xStart)
                  200076f8    00000004     (.common:g_pI2CSemaphore)
                  200076fc    00000004     (.common:g_pLEDQueue)
                  20007700    00000004     (.common:g_pUARTSemaphore)
                  20007704    00000001     led_task.obj (.bss)

.data      0    20007908    00000054     UNINITIALIZED
                  20007908    00000030     tasks.obj (.data)
                  20007938    0000000c     led_task.obj (.data:g_pui32Colors)
                  20007944    00000008     heap_2.obj (.data)
                  2000794c    00000005     uartstdio.obj (.data)
                  20007951    00000003     buttons.obj (.data)
                  20007954    00000004     port.obj (.data)
                  20007958    00000004     rgb.obj (.data)

.stack     0    20007708    00000200     UNINITIALIZED
                  20007708    00000004     rtsv7M4_T_le_v4SPD16_eabi.lib : boot_cortex_m.c.obj (.stack)
                  2000770c    000001fc     --HOLE--

__llvm_prf_cnts 
*          0    20000000    00000000     UNINITIALIZED

MODULE SUMMARY

       Module                       code    ro data   rw data
       ------                       ----    -------   -------
    .\
       dcdc_task.obj                1072    0         0      
       main.obj                     810     0         8      
       pressure_sensor_task.obj     700     0         0      
       startup_ccs.obj              12      620       0      
       led_task.obj                 484     0         17     
       ammeter_task.obj             420     0         0      
       switch_task.obj              324     0         0      
    +--+----------------------------+-------+---------+---------+
       Total:                       3822    620       25     
                                                             
    .\drivers\
       rgb.obj                      720     0         16     
       buttons.obj                  240     0         3      
    +--+----------------------------+-------+---------+---------+
       Total:                       960     0         19     
                                                             
    .\third_party\FreeRTOS\Source\
       tasks.obj                    2234    0         476    
       queue.obj                    1086    0         0      
       list.obj                     140     0         0      
    +--+----------------------------+-------+---------+---------+
       Total:                       3460    0         476    
                                                             
    .\third_party\FreeRTOS\Source\portable\CCS\ARM_CM4F\
       port.obj                     236     4         4      
       portasm.obj                  210     0         0      
    +--+----------------------------+-------+---------+---------+
       Total:                       446     4         4      
                                                             
    .\third_party\FreeRTOS\Source\portable\MemMang\
       heap_2.obj                   288     0         30024  
    +--+----------------------------+-------+---------+---------+
       Total:                       288     0         30024  
                                                             
    .\utils\
       uartstdio.obj                688     24        5      
    +--+----------------------------+-------+---------+---------+
       Total:                       688     24        5      
                                                             
    C:/ti/tivaware_c_series_2_1_4_178/driverlib/ccs/Debug/driverlib.lib
       sysctl.obj                   574     108       0      
       gpio.obj                     474     144       0      
       adc.obj                      230     0         0      
       i2c.obj                      136     0         0      
       fpu.obj                      32      0         0      
       uart.obj                     6       0         0      
    +--+----------------------------+-------+---------+---------+
       Total:                       1452    252       0      
                                                             
    C:\ti\ccs1200\ccs\tools\compiler\ti-cgt-arm_20.2.7.LTS\lib\rtsv7M4_T_le_v4SPD16_eabi.lib
       memcpy_t2.asm.obj            156     0         0      
       memset_t2.asm.obj            122     0         0      
       copy_decompress_lzss.c.obj   104     0         0      
       autoinit.c.obj               68      0         0      
       u_divt2.asm.obj              64      0         0      
       boot_cortex_m.c.obj          52      0         0      
       copy_decompress_none.c.obj   14      0         0      
       copy_zero_init.c.obj         12      0         0      
       exit.c.obj                   4       0         0      
       pre_init.c.obj               4       0         0      
       div0.asm.obj                 2       0         0      
    +--+----------------------------+-------+---------+---------+
       Total:                       602     0         0      
                                                             
       Stack:                       0       0         512    
       Linker Generated:            0       59        0      
    +--+----------------------------+-------+---------+---------+
       Grand Total:                 11718   959       31065  


LINKER GENERATED COPY TABLES

__TI_cinit_table @ 00003188 records: 2, size/record: 8, table size: 16
	.data: load addr=00003158, load size=00000017 bytes, run addr=20007908, run size=00000054 bytes, compression=lzss
	.bss: load addr=00003180, load size=00000008 bytes, run addr=20000000, run size=00007705 bytes, compression=zero_init


LINKER GENERATED HANDLER TABLE

__TI_handler_table @ 00003170 records: 3, size/record: 4, table size: 12
	index: 0, handler: __TI_decompress_lzss
	index: 1, handler: __TI_decompress_none
	index: 2, handler: __TI_zero_init


GLOBAL SYMBOLS: SORTED ALPHABETICALLY BY Name 

address   name                          
-------   ----                          
00002fa1  ADCHardwareOversampleConfigure
00002811  ADCSequenceConfigure          
00002faf  ADCSequenceEnable             
00002075  ADCSequenceStepConfigure      
00000b55  AmmeterReadRegisters          
00002861  AmmeterTaskInit               
000022c9  ButtonsInit                   
00001ee5  ButtonsPoll                   
0000303b  C$$EXIT                       
000006a1  ConfigureADC                  
0000252d  ConfigureI2C                  
00002401  ConfigureUART                 
0000084d  DCDCReadRegisters             
00000ff9  DCDCTaskInit                  
00002f61  FPUEnable                     
00002f71  FPULazyStackingEnable         
00002ced  GPIODirModeSet                
00000c91  GPIOPadConfigSet              
00002999  GPIOPinConfigure              
00002f19  GPIOPinTypeADC                
00002f2b  GPIOPinTypeI2C                
00002f3d  GPIOPinTypeI2CSCL             
00002ffb  I2CMasterBusy                 
0000302b  I2CMasterControl              
0000302f  I2CMasterDataGet              
00003033  I2CMasterDataPut              
00002ff1  I2CMasterEnable               
00002ec5  I2CMasterErr                  
00002901  I2CMasterInitExpClk           
00003003  I2CMasterSlaveAddrSet         
000019b1  LEDTaskInit                   
0000026d  PSReadRegisters               
0000258d  PressureSensorTaskInit        
00001d39  RGBColorSet                   
00002331  RGBDisable                    
00001a79  RGBEnable                     
00001219  RGBInit                       
00002ef1  RGBIntensitySet               
00003013  ResetISR                      
000029e1  SwitchTaskInit                
00001109  SysCtlClockGet                
0000161d  SysCtlClockSet                
00003019  SysCtlDelay                   
00002c29  SysCtlPeripheralEnable        
0000301f  UARTClockSourceSet            
000025ed  UARTStdioConfig               
00002de9  UARTprintf                    
000004b1  UARTvprintf                   
00002a29  UARTwrite                     
000009f1  WriteDCDCRegister             
20007908  __STACK_END                   
00000200  __STACK_SIZE                  
20007908  __STACK_TOP                   
00003188  __TI_CINIT_Base               
00003198  __TI_CINIT_Limit              
00003170  __TI_Handler_Table_Base       
0000317c  __TI_Handler_Table_Limit      
00002a71  __TI_auto_init_nobinit_nopinit
00002399  __TI_decompress_lzss          
00002fbd  __TI_decompress_none          
ffffffff  __TI_pprof_out_hndl           
ffffffff  __TI_prof_data_size           
ffffffff  __TI_prof_data_start          
00000000  __TI_static_base__            
00002fcb  __TI_zero_init                
000022c7  __aeabi_idiv0                 
000022c7  __aeabi_ldiv0                 
000020ef  __aeabi_memclr                
000020ef  __aeabi_memclr4               
000020ef  __aeabi_memclr8               
00001c9d  __aeabi_memcpy                
00001c9d  __aeabi_memcpy4               
00001c9d  __aeabi_memcpy8               
000020f1  __aeabi_memset                
000020f1  __aeabi_memset4               
000020f1  __aeabi_memset8               
00002af9  __aeabi_uidiv                 
00002af9  __aeabi_uidivmod              
ffffffff  __binit__                     
ffffffff  __c_args__                    
UNDEFED   __mpu_init                    
20007708  __stack                       
20000000  __start___llvm_prf_cnts       
20000000  __stop___llvm_prf_cnts        
00002c5d  _c_int00_noargs               
UNDEFED   _system_post_cinit            
00003037  _system_pre_init              
0000303b  abort                         
ffffffff  binit                         
200076f8  g_pI2CSemaphore               
200076fc  g_pLEDQueue                   
20007700  g_pUARTSemaphore              
00000000  g_pfnVectors                  
00001b39  main                          
00001c9d  memcpy                        
000020f7  memset                        
00001bf1  pvPortMalloc                  
00002e65  pvTaskIncrementMutexHeldCount 
20007908  pxCurrentTCB                  
00002d41  pxPortInitialiseStack         
00003154  ulMaxSyscallInterruptPriority 
000018ed  ulPortGetIPSR                 
00002d8f  uxListRemove                  
0000252b  vApplicationStackOverflowHook 
00002edb  vListInitialise               
00003025  vListInitialiseItem           
00002bef  vListInsert                   
00002e7d  vListInsertEnd                
000019a1  vPortEnableVFP                
00002dcd  vPortEnterCritical            
00002e95  vPortExitCritical             
00002ab5  vPortFree                     
00001965  vPortSVCHandler               
00002f05  vPortSetupTimerInterrupt      
00001985  vPortStartFirstTask           
00001f6d  vTaskDelayUntil               
00002fd9  vTaskMissedYield              
00002465  vTaskPlaceOnEventList         
00001dc9  vTaskPriorityInherit          
00002ead  vTaskSetTimeOutState          
000026ad  vTaskStartScheduler           
00002f91  vTaskSuspendAll               
00001e59  vTaskSwitchContext            
00001905  xPortPendSVHandler            
00002b39  xPortStartScheduler           
00002cc1  xPortSysTickHandler           
000028b1  xQueueCreateMutex             
00002b79  xQueueGenericCreate           
00000ee1  xQueueGenericReceive          
00001ff1  xQueueGenericReset            
00001711  xQueueGenericSend             
000027bd  xTaskCheckForTimeOut          
00001421  xTaskGenericCreate            
00002fe5  xTaskGetTickCount             
0000131d  xTaskIncrementTick            
00002169  xTaskPriorityDisinherit       
000021e1  xTaskRemoveFromEventList      
000017f9  xTaskResumeAll                


GLOBAL SYMBOLS: SORTED BY Symbol Address 

address   name                          
-------   ----                          
00000000  __TI_static_base__            
00000000  g_pfnVectors                  
00000200  __STACK_SIZE                  
0000026d  PSReadRegisters               
000004b1  UARTvprintf                   
000006a1  ConfigureADC                  
0000084d  DCDCReadRegisters             
000009f1  WriteDCDCRegister             
00000b55  AmmeterReadRegisters          
00000c91  GPIOPadConfigSet              
00000ee1  xQueueGenericReceive          
00000ff9  DCDCTaskInit                  
00001109  SysCtlClockGet                
00001219  RGBInit                       
0000131d  xTaskIncrementTick            
00001421  xTaskGenericCreate            
0000161d  SysCtlClockSet                
00001711  xQueueGenericSend             
000017f9  xTaskResumeAll                
000018ed  ulPortGetIPSR                 
00001905  xPortPendSVHandler            
00001965  vPortSVCHandler               
00001985  vPortStartFirstTask           
000019a1  vPortEnableVFP                
000019b1  LEDTaskInit                   
00001a79  RGBEnable                     
00001b39  main                          
00001bf1  pvPortMalloc                  
00001c9d  __aeabi_memcpy                
00001c9d  __aeabi_memcpy4               
00001c9d  __aeabi_memcpy8               
00001c9d  memcpy                        
00001d39  RGBColorSet                   
00001dc9  vTaskPriorityInherit          
00001e59  vTaskSwitchContext            
00001ee5  ButtonsPoll                   
00001f6d  vTaskDelayUntil               
00001ff1  xQueueGenericReset            
00002075  ADCSequenceStepConfigure      
000020ef  __aeabi_memclr                
000020ef  __aeabi_memclr4               
000020ef  __aeabi_memclr8               
000020f1  __aeabi_memset                
000020f1  __aeabi_memset4               
000020f1  __aeabi_memset8               
000020f7  memset                        
00002169  xTaskPriorityDisinherit       
000021e1  xTaskRemoveFromEventList      
000022c7  __aeabi_idiv0                 
000022c7  __aeabi_ldiv0                 
000022c9  ButtonsInit                   
00002331  RGBDisable                    
00002399  __TI_decompress_lzss          
00002401  ConfigureUART                 
00002465  vTaskPlaceOnEventList         
0000252b  vApplicationStackOverflowHook 
0000252d  ConfigureI2C                  
0000258d  PressureSensorTaskInit        
000025ed  UARTStdioConfig               
000026ad  vTaskStartScheduler           
000027bd  xTaskCheckForTimeOut          
00002811  ADCSequenceConfigure          
00002861  AmmeterTaskInit               
000028b1  xQueueCreateMutex             
00002901  I2CMasterInitExpClk           
00002999  GPIOPinConfigure              
000029e1  SwitchTaskInit                
00002a29  UARTwrite                     
00002a71  __TI_auto_init_nobinit_nopinit
00002ab5  vPortFree                     
00002af9  __aeabi_uidiv                 
00002af9  __aeabi_uidivmod              
00002b39  xPortStartScheduler           
00002b79  xQueueGenericCreate           
00002bef  vListInsert                   
00002c29  SysCtlPeripheralEnable        
00002c5d  _c_int00_noargs               
00002cc1  xPortSysTickHandler           
00002ced  GPIODirModeSet                
00002d41  pxPortInitialiseStack         
00002d8f  uxListRemove                  
00002dcd  vPortEnterCritical            
00002de9  UARTprintf                    
00002e65  pvTaskIncrementMutexHeldCount 
00002e7d  vListInsertEnd                
00002e95  vPortExitCritical             
00002ead  vTaskSetTimeOutState          
00002ec5  I2CMasterErr                  
00002edb  vListInitialise               
00002ef1  RGBIntensitySet               
00002f05  vPortSetupTimerInterrupt      
00002f19  GPIOPinTypeADC                
00002f2b  GPIOPinTypeI2C                
00002f3d  GPIOPinTypeI2CSCL             
00002f61  FPUEnable                     
00002f71  FPULazyStackingEnable         
00002f91  vTaskSuspendAll               
00002fa1  ADCHardwareOversampleConfigure
00002faf  ADCSequenceEnable             
00002fbd  __TI_decompress_none          
00002fcb  __TI_zero_init                
00002fd9  vTaskMissedYield              
00002fe5  xTaskGetTickCount             
00002ff1  I2CMasterEnable               
00002ffb  I2CMasterBusy                 
00003003  I2CMasterSlaveAddrSet         
00003013  ResetISR                      
00003019  SysCtlDelay                   
0000301f  UARTClockSourceSet            
00003025  vListInitialiseItem           
0000302b  I2CMasterControl              
0000302f  I2CMasterDataGet              
00003033  I2CMasterDataPut              
00003037  _system_pre_init              
0000303b  C$$EXIT                       
0000303b  abort                         
00003154  ulMaxSyscallInterruptPriority 
00003170  __TI_Handler_Table_Base       
0000317c  __TI_Handler_Table_Limit      
00003188  __TI_CINIT_Base               
00003198  __TI_CINIT_Limit              
20000000  __start___llvm_prf_cnts       
20000000  __stop___llvm_prf_cnts        
200076f8  g_pI2CSemaphore               
200076fc  g_pLEDQueue                   
20007700  g_pUARTSemaphore              
20007708  __stack                       
20007908  __STACK_END                   
20007908  __STACK_TOP                   
20007908  pxCurrentTCB                  
ffffffff  __TI_pprof_out_hndl           
ffffffff  __TI_prof_data_size           
ffffffff  __TI_prof_data_start          
ffffffff  __binit__                     
ffffffff  __c_args__                    
ffffffff  binit                         
UNDEFED   __mpu_init                    
UNDEFED   _system_post_cinit            

[138 symbols]
