******************************************************************************
                  TI ARM Linker PC v20.2.7                     
******************************************************************************
>> Linked Wed Nov 30 02:31:04 2022

OUTPUT FILE NAME:   <Projekt22.out>
ENTRY POINT SYMBOL: "_c_int00_noargs"  address: 0000298d


MEMORY CONFIGURATION

         name            origin    length      used     unused   attr    fill
----------------------  --------  ---------  --------  --------  ----  --------
  FLASH                 00000000   00040000  00002e66  0003d19a  R  X
  SRAM                  20000000   00008000  0000796d  00000693  RW X


SEGMENT ALLOCATION MAP

run origin  load origin   length   init length attrs members
----------  ----------- ---------- ----------- ----- -------
00000000    00000000    00002e68   00002e68    r-x
  00000000    00000000    0000026c   0000026c    r-- .intvecs
  0000026c    0000026c    00002aa2   00002aa2    r-x .text
  00002d10    00002d10    00000118   00000118    r-- .const
  00002e28    00002e28    00000040   00000040    r-- .cinit
20000000    20000000    00007970   00000000    rw-
  20000000    20000000    00007705   00000000    rw- .bss
  20007708    20007708    00000200   00000000    rw- .stack
  20007908    20007908    00000068   00000000    rw- .data


SECTION ALLOCATION MAP

 output                                  attributes/
section   page    origin      length       input sections
--------  ----  ----------  ----------   ----------------
.intvecs   0    00000000    0000026c     
                  00000000    0000026c     startup_ccs.obj (.intvecs)

.text      0    0000026c    00002aa2     
                  0000026c    00000260     measurement_task.obj (.text:PSReadRegisters)
                  000004cc    000001ee     uartstdio.obj (.text:UARTvprintf)
                  000006ba    00000002     startup_ccs.obj (.text:FaultISR)
                  000006bc    000001c4     measurement_task.obj (.text:TSReadADC)
                  00000880    00000174     main.obj (.text:ConfigureADC)
                  000009f4    00000132     driverlib.lib : gpio.obj (.text:GPIOPadConfigSet)
                  00000b26    00000002     startup_ccs.obj (.text:IntDefaultHandler)
                  00000b28    00000120     measurement_task.obj (.text:AmmeterReadRegisters)
                  00000c48    0000011c     led_task.obj (.text:LEDTask)
                  00000d64    00000118     queue.obj (.text:xQueueGenericReceive)
                  00000e7c    00000110     driverlib.lib : sysctl.obj (.text:SysCtlClockGet)
                  00000f8c    00000104     rgb.obj (.text:RGBInit)
                  00001090    00000104     tasks.obj (.text:xTaskIncrementTick)
                  00001194    00000100     tasks.obj (.text:xTaskGenericCreate)
                  00001294    000000fc     switch_task.obj (.text:SwitchTask)
                  00001390    000000f4     driverlib.lib : sysctl.obj (.text:SysCtlClockSet)
                  00001484    000000e8     queue.obj (.text:xQueueGenericSend)
                  0000156c    000000e4     tasks.obj (.text:xTaskResumeAll)
                  00001650    000000d2     portasm.obj (.text)
                  00001722    00000002     startup_ccs.obj (.text:NmiSR)
                  00001724    000000c8     led_task.obj (.text:LEDTaskInit)
                  000017ec    000000c0     rgb.obj (.text:RGBEnable)
                  000018ac    000000b0     main.obj (.text:main)
                  0000195c    000000ac     heap_2.obj (.text:pvPortMalloc)
                  00001a08    0000009c     rtsv7M4_T_le_v4SPD16_eabi.lib : memcpy_t2.asm.obj (.text)
                  00001aa4    00000090     rgb.obj (.text:RGBColorSet)
                  00001b34    00000090     tasks.obj (.text:vTaskPriorityInherit)
                  00001bc4    0000008c     tasks.obj (.text:vTaskSwitchContext)
                  00001c50    00000088     buttons.obj (.text:ButtonsPoll)
                  00001cd8    00000084     tasks.obj (.text:vTaskDelayUntil)
                  00001d5c    00000084     queue.obj (.text:xQueueGenericReset)
                  00001de0    00000080     main.obj (.text:ConfigureUART)
                  00001e60    0000007a     rtsv7M4_T_le_v4SPD16_eabi.lib : memset_t2.asm.obj (.text)
                  00001eda    00000002                                   : div0.asm.obj (.text)
                  00001edc    00000078     tasks.obj (.text:xTaskPriorityDisinherit)
                  00001f54    00000074     main.obj (.text:ConfigureI2C)
                  00001fc8    00000074     tasks.obj (.text:xTaskRemoveFromEventList)
                  0000203c    00000072     queue.obj (.text:prvCopyDataToQueue)
                  000020ae    00000002     main.obj (.text:vApplicationStackOverflowHook)
                  000020b0    00000068     buttons.obj (.text:ButtonsInit)
                  00002118    00000068     rgb.obj (.text:RGBDisable)
                  00002180    00000068     rtsv7M4_T_le_v4SPD16_eabi.lib : copy_decompress_lzss.c.obj (.text:decompress:lzss:__TI_decompress_lzss)
                  000021e8    00000064     tasks.obj (.text:vTaskPlaceOnEventList)
                  0000224c    00000062     queue.obj (.text:prvUnlockQueue)
                  000022ae    00000002     --HOLE-- [fill = 0]
                  000022b0    00000060     measurement_task.obj (.text:MeasurementTaskInit)
                  00002310    00000060     uartstdio.obj (.text:UARTStdioConfig)
                  00002370    00000060     tasks.obj (.text:prvInitialiseTaskLists)
                  000023d0    00000060     tasks.obj (.text:vTaskStartScheduler)
                  00002430    00000058     printing_task.obj (.text:PrintMeasurements)
                  00002488    00000058     tasks.obj (.text:prvCheckTasksWaitingTermination)
                  000024e0    00000056     tasks.obj (.text:prvInitialiseTCBVariables)
                  00002536    00000002     --HOLE-- [fill = 0]
                  00002538    00000054     printing_task.obj (.text:PrintingTaskInit)
                  0000258c    00000054     tasks.obj (.text:xTaskCheckForTimeOut)
                  000025e0    0000004e     queue.obj (.text:xQueueCreateMutex)
                  0000262e    00000002     --HOLE-- [fill = 0]
                  00002630    0000004c     driverlib.lib : i2c.obj (.text:I2CMasterInitExpClk)
                  0000267c    0000004c     tasks.obj (.text:prvAddCurrentTaskToDelayedList)
                  000026c8    00000048     driverlib.lib : gpio.obj (.text:GPIOPinConfigure)
                  00002710    00000048     switch_task.obj (.text:SwitchTaskInit)
                  00002758    00000048     uartstdio.obj (.text:UARTwrite)
                  000027a0    00000044     rtsv7M4_T_le_v4SPD16_eabi.lib : autoinit.c.obj (.text:__TI_auto_init_nobinit_nopinit:__TI_auto_init_nobinit_nopinit)
                  000027e4    00000044     heap_2.obj (.text:vPortFree)
                  00002828    00000040     rtsv7M4_T_le_v4SPD16_eabi.lib : u_divt2.asm.obj (.text)
                  00002868    00000040     port.obj (.text:xPortStartScheduler)
                  000028a8    0000003c     queue.obj (.text:xQueueGenericCreate)
                  000028e4    0000003a     tasks.obj (.text:prvAllocateTCBAndStack)
                  0000291e    00000038     list.obj (.text:vListInsert)
                  00002956    00000002     --HOLE-- [fill = 0]
                  00002958    00000034     driverlib.lib : sysctl.obj (.text:SysCtlPeripheralEnable)
                  0000298c    00000034     rtsv7M4_T_le_v4SPD16_eabi.lib : boot_cortex_m.c.obj (.text:_c_int00_noargs:_c_int00_noargs)
                  000029c0    00000030     heap_2.obj (.text:prvHeapInit)
                  000029f0    0000002c     port.obj (.text:xPortSysTickHandler)
                  00002a1c    0000002a     driverlib.lib : gpio.obj (.text:GPIODirModeSet)
                  00002a46    00000002     --HOLE-- [fill = 0]
                  00002a48    00000028     tasks.obj (.text:prvResetNextTaskUnblockTime)
                  00002a70    00000028     port.obj (.text:pxPortInitialiseStack)
                  00002a98    00000026     queue.obj (.text:prvCopyDataFromQueue)
                  00002abe    00000020     measurement_task.obj (.text:MeasurementTask)
                  00002ade    00000020     list.obj (.text:uxListRemove)
                  00002afe    0000001c     queue.obj (.text:prvIsQueueFull)
                  00002b1a    00000002     --HOLE-- [fill = 0]
                  00002b1c    0000001c     port.obj (.text:vPortEnterCritical)
                  00002b38    0000001a     uartstdio.obj (.text:UARTprintf)
                  00002b52    0000001a     queue.obj (.text:prvIsQueueEmpty)
                  00002b6c    00000018     printing_task.obj (.text:PrintingTask)
                  00002b84    00000018     tasks.obj (.text:pvTaskIncrementMutexHeldCount)
                  00002b9c    00000018     list.obj (.text:vListInsertEnd)
                  00002bb4    00000018     port.obj (.text:vPortExitCritical)
                  00002bcc    00000018     tasks.obj (.text:vTaskSetTimeOutState)
                  00002be4    00000016     driverlib.lib : i2c.obj (.text:I2CMasterErr)
                  00002bfa    00000016     list.obj (.text:vListInitialise)
                  00002c10    00000014     rgb.obj (.text:RGBIntensitySet)
                  00002c24    00000014     port.obj (.text:vPortSetupTimerInterrupt)
                  00002c38    00000012     driverlib.lib : gpio.obj (.text:GPIOPinTypeI2C)
                  00002c4a    00000012                   : gpio.obj (.text:GPIOPinTypeI2CSCL)
                  00002c5c    00000012     tasks.obj (.text:prvDeleteTCB)
                  00002c6e    00000010     port.obj (.text:prvTaskExitError)
                  00002c7e    00000002     --HOLE-- [fill = 0]
                  00002c80    00000010     tasks.obj (.text:vTaskSuspendAll)
                  00002c90    0000000e     rtsv7M4_T_le_v4SPD16_eabi.lib : copy_decompress_none.c.obj (.text:decompress:none:__TI_decompress_none)
                  00002c9e    0000000c                                   : copy_zero_init.c.obj (.text:decompress:ZI:__TI_zero_init)
                  00002caa    00000002     --HOLE-- [fill = 0]
                  00002cac    0000000c     tasks.obj (.text:vTaskMissedYield)
                  00002cb8    0000000c     tasks.obj (.text:xTaskGetTickCount)
                  00002cc4    0000000a     driverlib.lib : i2c.obj (.text:I2CMasterEnable)
                  00002cce    00000008                   : i2c.obj (.text:I2CMasterBusy)
                  00002cd6    00000008                   : i2c.obj (.text:I2CMasterSlaveAddrSet)
                  00002cde    00000008     tasks.obj (.text:prvIdleTask)
                  00002ce6    00000006     startup_ccs.obj (.text:ResetISR)
                  00002cec    00000006     driverlib.lib : sysctl.obj (.text:SysCtlDelay)
                  00002cf2    00000006                   : uart.obj (.text:UARTClockSourceSet)
                  00002cf8    00000006     list.obj (.text:vListInitialiseItem)
                  00002cfe    00000004     driverlib.lib : i2c.obj (.text:I2CMasterControl)
                  00002d02    00000004                   : i2c.obj (.text:I2CMasterDataGet)
                  00002d06    00000004     rtsv7M4_T_le_v4SPD16_eabi.lib : pre_init.c.obj (.text:_system_pre_init)
                  00002d0a    00000004                                   : exit.c.obj (.text:abort:abort)

.const     0    00002d10    00000118     
                  00002d10    00000090     driverlib.lib : gpio.obj (.const:g_pui32GPIOBaseAddrs)
                  00002da0    0000006c                   : sysctl.obj (.const:g_pui32Xtals)
                  00002e0c    0000000c     uartstdio.obj (.const:g_ui32UARTBase)
                  00002e18    0000000c     uartstdio.obj (.const:g_ui32UARTPeriph)
                  00002e24    00000004     port.obj (.const)

.cinit     0    00002e28    00000040     
                  00002e28    0000001c     (.cinit..data.load) [load image, compression = lzss]
                  00002e44    0000000c     (__TI_handler_table)
                  00002e50    00000008     (.cinit..bss.load) [load image, compression = zero_init]
                  00002e58    00000010     (__TI_cinit_table)

.init_array 
*          0    00000000    00000000     UNINITIALIZED

.bss       0    20000000    00007705     UNINITIALIZED
                  20000000    00007530     heap_2.obj (.bss:ucHeap)
                  20007530    00000140     tasks.obj (.bss:pxReadyTasksLists)
                  20007670    00000014     tasks.obj (.bss:xDelayedTaskList1)
                  20007684    00000014     tasks.obj (.bss:xDelayedTaskList2)
                  20007698    00000014     tasks.obj (.bss:xPendingReadyList)
                  200076ac    00000014     tasks.obj (.bss:xSuspendedTaskList)
                  200076c0    00000014     tasks.obj (.bss:xTasksWaitingTermination)
                  200076d4    0000000c     rgb.obj (.bss:g_ui32Colors)
                  200076e0    00000008     tasks.obj (.bss)
                  200076e8    00000008     heap_2.obj (.bss:xEnd)
                  200076f0    00000008     heap_2.obj (.bss:xStart)
                  200076f8    00000004     (.common:g_pI2CSemaphore)
                  200076fc    00000004     (.common:g_pLEDQueue)
                  20007700    00000004     (.common:g_pUARTSemaphore)
                  20007704    00000001     led_task.obj (.bss)

.data      0    20007908    00000068     UNINITIALIZED
                  20007908    00000030     tasks.obj (.data)
                  20007938    00000014     main.obj (.data)
                  2000794c    0000000c     led_task.obj (.data:g_pui32Colors)
                  20007958    00000008     heap_2.obj (.data)
                  20007960    00000005     uartstdio.obj (.data)
                  20007965    00000003     buttons.obj (.data)
                  20007968    00000004     port.obj (.data)
                  2000796c    00000004     rgb.obj (.data)

.stack     0    20007708    00000200     UNINITIALIZED
                  20007708    00000004     rtsv7M4_T_le_v4SPD16_eabi.lib : boot_cortex_m.c.obj (.stack)
                  2000770c    000001fc     --HOLE--

__llvm_prf_cnts 
*          0    20000000    00000000     UNINITIALIZED

MODULE SUMMARY

       Module                       code    ro data   rw data
       ------                       ----    -------   -------
    .\
       measurement_task.obj         1476    0         0      
       main.obj                     794     0         28     
       startup_ccs.obj              12      620       0      
       led_task.obj                 484     0         17     
       switch_task.obj              324     0         0      
       printing_task.obj            196     0         0      
    +--+----------------------------+-------+---------+---------+
       Total:                       3286    620       45     
                                                             
    .\drivers\
       rgb.obj                      720     0         16     
       buttons.obj                  240     0         3      
    +--+----------------------------+-------+---------+---------+
       Total:                       960     0         19     
                                                             
    .\third_party\FreeRTOS\Source\
       tasks.obj                    2234    0         476    
       queue.obj                    1086    0         0      
       list.obj                     140     0         0      
    +--+----------------------------+-------+---------+---------+
       Total:                       3460    0         476    
                                                             
    .\third_party\FreeRTOS\Source\portable\CCS\ARM_CM4F\
       port.obj                     236     4         4      
       portasm.obj                  210     0         0      
    +--+----------------------------+-------+---------+---------+
       Total:                       446     4         4      
                                                             
    .\third_party\FreeRTOS\Source\portable\MemMang\
       heap_2.obj                   288     0         30024  
    +--+----------------------------+-------+---------+---------+
       Total:                       288     0         30024  
                                                             
    .\utils\
       uartstdio.obj                688     24        5      
    +--+----------------------------+-------+---------+---------+
       Total:                       688     24        5      
                                                             
    C:/ti/tivaware_c_series_2_1_4_178/driverlib/ccs/Debug/driverlib.lib
       sysctl.obj                   574     108       0      
       gpio.obj                     456     144       0      
       i2c.obj                      132     0         0      
       uart.obj                     6       0         0      
    +--+----------------------------+-------+---------+---------+
       Total:                       1168    252       0      
                                                             
    C:\ti\ccs1200\ccs\tools\compiler\ti-cgt-arm_20.2.7.LTS\lib\rtsv7M4_T_le_v4SPD16_eabi.lib
       memcpy_t2.asm.obj            156     0         0      
       memset_t2.asm.obj            122     0         0      
       copy_decompress_lzss.c.obj   104     0         0      
       autoinit.c.obj               68      0         0      
       u_divt2.asm.obj              64      0         0      
       boot_cortex_m.c.obj          52      0         0      
       copy_decompress_none.c.obj   14      0         0      
       copy_zero_init.c.obj         12      0         0      
       exit.c.obj                   4       0         0      
       pre_init.c.obj               4       0         0      
       div0.asm.obj                 2       0         0      
    +--+----------------------------+-------+---------+---------+
       Total:                       602     0         0      
                                                             
       Stack:                       0       0         512    
       Linker Generated:            0       64        0      
    +--+----------------------------+-------+---------+---------+
       Grand Total:                 10898   964       31085  


LINKER GENERATED COPY TABLES

__TI_cinit_table @ 00002e58 records: 2, size/record: 8, table size: 16
	.data: load addr=00002e28, load size=0000001c bytes, run addr=20007908, run size=00000068 bytes, compression=lzss
	.bss: load addr=00002e50, load size=00000008 bytes, run addr=20000000, run size=00007705 bytes, compression=zero_init


LINKER GENERATED HANDLER TABLE

__TI_handler_table @ 00002e44 records: 3, size/record: 4, table size: 12
	index: 0, handler: __TI_decompress_lzss
	index: 1, handler: __TI_decompress_none
	index: 2, handler: __TI_zero_init


GLOBAL SYMBOLS: SORTED ALPHABETICALLY BY Name 

address   name                          
-------   ----                          
00000b29  AmmeterReadRegisters          
000020b1  ButtonsInit                   
00001c51  ButtonsPoll                   
00002d0b  C$$EXIT                       
00000881  ConfigureADC                  
00001f55  ConfigureI2C                  
00001de1  ConfigureUART                 
00002a1d  GPIODirModeSet                
000009f5  GPIOPadConfigSet              
000026c9  GPIOPinConfigure              
00002c39  GPIOPinTypeI2C                
00002c4b  GPIOPinTypeI2CSCL             
00002ccf  I2CMasterBusy                 
00002cff  I2CMasterControl              
00002d03  I2CMasterDataGet              
00002cc5  I2CMasterEnable               
00002be5  I2CMasterErr                  
00002631  I2CMasterInitExpClk           
00002cd7  I2CMasterSlaveAddrSet         
00001725  LEDTaskInit                   
000022b1  MeasurementTaskInit           
0000026d  PSReadRegisters               
00002431  PrintMeasurements             
00002539  PrintingTaskInit              
00001aa5  RGBColorSet                   
00002119  RGBDisable                    
000017ed  RGBEnable                     
00000f8d  RGBInit                       
00002c11  RGBIntensitySet               
00002ce7  ResetISR                      
00002711  SwitchTaskInit                
00000e7d  SysCtlClockGet                
00001391  SysCtlClockSet                
00002ced  SysCtlDelay                   
00002959  SysCtlPeripheralEnable        
000006bd  TSReadADC                     
00002cf3  UARTClockSourceSet            
00002311  UARTStdioConfig               
00002b39  UARTprintf                    
000004cd  UARTvprintf                   
00002759  UARTwrite                     
20007908  __STACK_END                   
00000200  __STACK_SIZE                  
20007908  __STACK_TOP                   
00002e58  __TI_CINIT_Base               
00002e68  __TI_CINIT_Limit              
00002e44  __TI_Handler_Table_Base       
00002e50  __TI_Handler_Table_Limit      
000027a1  __TI_auto_init_nobinit_nopinit
00002181  __TI_decompress_lzss          
00002c91  __TI_decompress_none          
ffffffff  __TI_pprof_out_hndl           
ffffffff  __TI_prof_data_size           
ffffffff  __TI_prof_data_start          
00000000  __TI_static_base__            
00002c9f  __TI_zero_init                
00001edb  __aeabi_idiv0                 
00001edb  __aeabi_ldiv0                 
00001e61  __aeabi_memclr                
00001e61  __aeabi_memclr4               
00001e61  __aeabi_memclr8               
00001a09  __aeabi_memcpy                
00001a09  __aeabi_memcpy4               
00001a09  __aeabi_memcpy8               
00001e63  __aeabi_memset                
00001e63  __aeabi_memset4               
00001e63  __aeabi_memset8               
00002829  __aeabi_uidiv                 
00002829  __aeabi_uidivmod              
ffffffff  __binit__                     
ffffffff  __c_args__                    
UNDEFED   __mpu_init                    
20007708  __stack                       
20000000  __start___llvm_prf_cnts       
20000000  __stop___llvm_prf_cnts        
0000298d  _c_int00_noargs               
UNDEFED   _system_post_cinit            
00002d07  _system_pre_init              
00002d0b  abort                         
20007948  ammeterRaw                    
ffffffff  binit                         
200076f8  g_pI2CSemaphore               
200076fc  g_pLEDQueue                   
20007700  g_pUARTSemaphore              
00000000  g_pfnVectors                  
000018ad  main                          
00001a09  memcpy                        
00001e69  memset                        
2000793c  pressureRaw                   
20007938  pressureStatus                
20007940  pressureTempRaw               
0000195d  pvPortMalloc                  
00002b85  pvTaskIncrementMutexHeldCount 
20007908  pxCurrentTCB                  
00002a71  pxPortInitialiseStack         
20007944  temperatureRaw                
00002e24  ulMaxSyscallInterruptPriority 
00001661  ulPortGetIPSR                 
00002adf  uxListRemove                  
000020af  vApplicationStackOverflowHook 
00002bfb  vListInitialise               
00002cf9  vListInitialiseItem           
0000291f  vListInsert                   
00002b9d  vListInsertEnd                
00001715  vPortEnableVFP                
00002b1d  vPortEnterCritical            
00002bb5  vPortExitCritical             
000027e5  vPortFree                     
000016d9  vPortSVCHandler               
00002c25  vPortSetupTimerInterrupt      
000016f9  vPortStartFirstTask           
00001cd9  vTaskDelayUntil               
00002cad  vTaskMissedYield              
000021e9  vTaskPlaceOnEventList         
00001b35  vTaskPriorityInherit          
00002bcd  vTaskSetTimeOutState          
000023d1  vTaskStartScheduler           
00002c81  vTaskSuspendAll               
00001bc5  vTaskSwitchContext            
00001679  xPortPendSVHandler            
00002869  xPortStartScheduler           
000029f1  xPortSysTickHandler           
000025e1  xQueueCreateMutex             
000028a9  xQueueGenericCreate           
00000d65  xQueueGenericReceive          
00001d5d  xQueueGenericReset            
00001485  xQueueGenericSend             
0000258d  xTaskCheckForTimeOut          
00001195  xTaskGenericCreate            
00002cb9  xTaskGetTickCount             
00001091  xTaskIncrementTick            
00001edd  xTaskPriorityDisinherit       
00001fc9  xTaskRemoveFromEventList      
0000156d  xTaskResumeAll                


GLOBAL SYMBOLS: SORTED BY Symbol Address 

address   name                          
-------   ----                          
00000000  __TI_static_base__            
00000000  g_pfnVectors                  
00000200  __STACK_SIZE                  
0000026d  PSReadRegisters               
000004cd  UARTvprintf                   
000006bd  TSReadADC                     
00000881  ConfigureADC                  
000009f5  GPIOPadConfigSet              
00000b29  AmmeterReadRegisters          
00000d65  xQueueGenericReceive          
00000e7d  SysCtlClockGet                
00000f8d  RGBInit                       
00001091  xTaskIncrementTick            
00001195  xTaskGenericCreate            
00001391  SysCtlClockSet                
00001485  xQueueGenericSend             
0000156d  xTaskResumeAll                
00001661  ulPortGetIPSR                 
00001679  xPortPendSVHandler            
000016d9  vPortSVCHandler               
000016f9  vPortStartFirstTask           
00001715  vPortEnableVFP                
00001725  LEDTaskInit                   
000017ed  RGBEnable                     
000018ad  main                          
0000195d  pvPortMalloc                  
00001a09  __aeabi_memcpy                
00001a09  __aeabi_memcpy4               
00001a09  __aeabi_memcpy8               
00001a09  memcpy                        
00001aa5  RGBColorSet                   
00001b35  vTaskPriorityInherit          
00001bc5  vTaskSwitchContext            
00001c51  ButtonsPoll                   
00001cd9  vTaskDelayUntil               
00001d5d  xQueueGenericReset            
00001de1  ConfigureUART                 
00001e61  __aeabi_memclr                
00001e61  __aeabi_memclr4               
00001e61  __aeabi_memclr8               
00001e63  __aeabi_memset                
00001e63  __aeabi_memset4               
00001e63  __aeabi_memset8               
00001e69  memset                        
00001edb  __aeabi_idiv0                 
00001edb  __aeabi_ldiv0                 
00001edd  xTaskPriorityDisinherit       
00001f55  ConfigureI2C                  
00001fc9  xTaskRemoveFromEventList      
000020af  vApplicationStackOverflowHook 
000020b1  ButtonsInit                   
00002119  RGBDisable                    
00002181  __TI_decompress_lzss          
000021e9  vTaskPlaceOnEventList         
000022b1  MeasurementTaskInit           
00002311  UARTStdioConfig               
000023d1  vTaskStartScheduler           
00002431  PrintMeasurements             
00002539  PrintingTaskInit              
0000258d  xTaskCheckForTimeOut          
000025e1  xQueueCreateMutex             
00002631  I2CMasterInitExpClk           
000026c9  GPIOPinConfigure              
00002711  SwitchTaskInit                
00002759  UARTwrite                     
000027a1  __TI_auto_init_nobinit_nopinit
000027e5  vPortFree                     
00002829  __aeabi_uidiv                 
00002829  __aeabi_uidivmod              
00002869  xPortStartScheduler           
000028a9  xQueueGenericCreate           
0000291f  vListInsert                   
00002959  SysCtlPeripheralEnable        
0000298d  _c_int00_noargs               
000029f1  xPortSysTickHandler           
00002a1d  GPIODirModeSet                
00002a71  pxPortInitialiseStack         
00002adf  uxListRemove                  
00002b1d  vPortEnterCritical            
00002b39  UARTprintf                    
00002b85  pvTaskIncrementMutexHeldCount 
00002b9d  vListInsertEnd                
00002bb5  vPortExitCritical             
00002bcd  vTaskSetTimeOutState          
00002be5  I2CMasterErr                  
00002bfb  vListInitialise               
00002c11  RGBIntensitySet               
00002c25  vPortSetupTimerInterrupt      
00002c39  GPIOPinTypeI2C                
00002c4b  GPIOPinTypeI2CSCL             
00002c81  vTaskSuspendAll               
00002c91  __TI_decompress_none          
00002c9f  __TI_zero_init                
00002cad  vTaskMissedYield              
00002cb9  xTaskGetTickCount             
00002cc5  I2CMasterEnable               
00002ccf  I2CMasterBusy                 
00002cd7  I2CMasterSlaveAddrSet         
00002ce7  ResetISR                      
00002ced  SysCtlDelay                   
00002cf3  UARTClockSourceSet            
00002cf9  vListInitialiseItem           
00002cff  I2CMasterControl              
00002d03  I2CMasterDataGet              
00002d07  _system_pre_init              
00002d0b  C$$EXIT                       
00002d0b  abort                         
00002e24  ulMaxSyscallInterruptPriority 
00002e44  __TI_Handler_Table_Base       
00002e50  __TI_Handler_Table_Limit      
00002e58  __TI_CINIT_Base               
00002e68  __TI_CINIT_Limit              
20000000  __start___llvm_prf_cnts       
20000000  __stop___llvm_prf_cnts        
200076f8  g_pI2CSemaphore               
200076fc  g_pLEDQueue                   
20007700  g_pUARTSemaphore              
20007708  __stack                       
20007908  __STACK_END                   
20007908  __STACK_TOP                   
20007908  pxCurrentTCB                  
20007938  pressureStatus                
2000793c  pressureRaw                   
20007940  pressureTempRaw               
20007944  temperatureRaw                
20007948  ammeterRaw                    
ffffffff  __TI_pprof_out_hndl           
ffffffff  __TI_prof_data_size           
ffffffff  __TI_prof_data_start          
ffffffff  __binit__                     
ffffffff  __c_args__                    
ffffffff  binit                         
UNDEFED   __mpu_init                    
UNDEFED   _system_post_cinit            

[134 symbols]
