<?xml version="1.0" encoding="ISO-8859-1" ?>
<link_info>
   <banner>TI ARM Linker PC v20.2.7.LTS</banner>
   <copyright>Copyright (c) 1996-2018 Texas Instruments Incorporated</copyright>
   <link_time>0x63869b4e</link_time>
   <link_errors>0x0</link_errors>
   <output_file>Projekt22.out</output_file>
   <entry_point>
      <name>_c_int00_noargs</name>
      <address>0x28dd</address>
   </entry_point>
   <input_file_list>
      <input_file id="fl-2">
         <path>.\</path>
         <kind>object</kind>
         <file>led_task.obj</file>
         <name>led_task.obj</name>
      </input_file>
      <input_file id="fl-3">
         <path>.\</path>
         <kind>object</kind>
         <file>main.obj</file>
         <name>main.obj</name>
      </input_file>
      <input_file id="fl-4">
         <path>.\</path>
         <kind>object</kind>
         <file>measurement_task.obj</file>
         <name>measurement_task.obj</name>
      </input_file>
      <input_file id="fl-5">
         <path>.\</path>
         <kind>object</kind>
         <file>startup_ccs.obj</file>
         <name>startup_ccs.obj</name>
      </input_file>
      <input_file id="fl-6">
         <path>.\</path>
         <kind>object</kind>
         <file>switch_task.obj</file>
         <name>switch_task.obj</name>
      </input_file>
      <input_file id="fl-7">
         <path>.\drivers\</path>
         <kind>object</kind>
         <file>buttons.obj</file>
         <name>buttons.obj</name>
      </input_file>
      <input_file id="fl-8">
         <path>.\drivers\</path>
         <kind>object</kind>
         <file>rgb.obj</file>
         <name>rgb.obj</name>
      </input_file>
      <input_file id="fl-9">
         <path>.\third_party\FreeRTOS\Source\</path>
         <kind>object</kind>
         <file>list.obj</file>
         <name>list.obj</name>
      </input_file>
      <input_file id="fl-a">
         <path>.\third_party\FreeRTOS\Source\</path>
         <kind>object</kind>
         <file>queue.obj</file>
         <name>queue.obj</name>
      </input_file>
      <input_file id="fl-b">
         <path>.\third_party\FreeRTOS\Source\</path>
         <kind>object</kind>
         <file>tasks.obj</file>
         <name>tasks.obj</name>
      </input_file>
      <input_file id="fl-c">
         <path>.\third_party\FreeRTOS\Source\portable\CCS\ARM_CM4F\</path>
         <kind>object</kind>
         <file>port.obj</file>
         <name>port.obj</name>
      </input_file>
      <input_file id="fl-d">
         <path>.\third_party\FreeRTOS\Source\portable\CCS\ARM_CM4F\</path>
         <kind>object</kind>
         <file>portasm.obj</file>
         <name>portasm.obj</name>
      </input_file>
      <input_file id="fl-e">
         <path>.\third_party\FreeRTOS\Source\portable\MemMang\</path>
         <kind>object</kind>
         <file>heap_2.obj</file>
         <name>heap_2.obj</name>
      </input_file>
      <input_file id="fl-f">
         <path>.\utils\</path>
         <kind>object</kind>
         <file>uartstdio.obj</file>
         <name>uartstdio.obj</name>
      </input_file>
      <input_file id="fl-10">
         <path>.\utils\</path>
         <kind>object</kind>
         <file>ustdlib.obj</file>
         <name>ustdlib.obj</name>
      </input_file>
      <input_file id="fl-15">
         <kind>object</kind>
         <file>&lt;internal&gt;</file>
         <name>&lt;internal&gt;</name>
      </input_file>
      <input_file id="fl-cb">
         <path>C:\ti\ccs1200\ccs\tools\compiler\ti-cgt-arm_20.2.7.LTS\lib\</path>
         <kind>archive</kind>
         <file>rtsv7M4_T_le_v4SPD16_eabi.lib</file>
         <name>fs_toull_t2.asm.obj</name>
      </input_file>
      <input_file id="fl-cc">
         <path>C:\ti\ccs1200\ccs\tools\compiler\ti-cgt-arm_20.2.7.LTS\lib\</path>
         <kind>archive</kind>
         <file>rtsv7M4_T_le_v4SPD16_eabi.lib</file>
         <name>memcpy_t2.asm.obj</name>
      </input_file>
      <input_file id="fl-cd">
         <path>C:\ti\ccs1200\ccs\tools\compiler\ti-cgt-arm_20.2.7.LTS\lib\</path>
         <kind>archive</kind>
         <file>rtsv7M4_T_le_v4SPD16_eabi.lib</file>
         <name>memset_t2.asm.obj</name>
      </input_file>
      <input_file id="fl-ce">
         <path>C:\ti\ccs1200\ccs\tools\compiler\ti-cgt-arm_20.2.7.LTS\lib\</path>
         <kind>archive</kind>
         <file>rtsv7M4_T_le_v4SPD16_eabi.lib</file>
         <name>u_divt2.asm.obj</name>
      </input_file>
      <input_file id="fl-cf">
         <path>C:\ti\ccs1200\ccs\tools\compiler\ti-cgt-arm_20.2.7.LTS\lib\</path>
         <kind>archive</kind>
         <file>rtsv7M4_T_le_v4SPD16_eabi.lib</file>
         <name>copy_zero_init.c.obj</name>
      </input_file>
      <input_file id="fl-d0">
         <path>C:\ti\ccs1200\ccs\tools\compiler\ti-cgt-arm_20.2.7.LTS\lib\</path>
         <kind>archive</kind>
         <file>rtsv7M4_T_le_v4SPD16_eabi.lib</file>
         <name>copy_decompress_none.c.obj</name>
      </input_file>
      <input_file id="fl-d1">
         <path>C:\ti\ccs1200\ccs\tools\compiler\ti-cgt-arm_20.2.7.LTS\lib\</path>
         <kind>archive</kind>
         <file>rtsv7M4_T_le_v4SPD16_eabi.lib</file>
         <name>copy_decompress_lzss.c.obj</name>
      </input_file>
      <input_file id="fl-d2">
         <path>C:\ti\ccs1200\ccs\tools\compiler\ti-cgt-arm_20.2.7.LTS\lib\</path>
         <kind>archive</kind>
         <file>rtsv7M4_T_le_v4SPD16_eabi.lib</file>
         <name>boot_cortex_m.c.obj</name>
      </input_file>
      <input_file id="fl-d3">
         <path>C:\ti\ccs1200\ccs\tools\compiler\ti-cgt-arm_20.2.7.LTS\lib\</path>
         <kind>archive</kind>
         <file>rtsv7M4_T_le_v4SPD16_eabi.lib</file>
         <name>div0.asm.obj</name>
      </input_file>
      <input_file id="fl-d4">
         <path>C:\ti\ccs1200\ccs\tools\compiler\ti-cgt-arm_20.2.7.LTS\lib\</path>
         <kind>archive</kind>
         <file>rtsv7M4_T_le_v4SPD16_eabi.lib</file>
         <name>autoinit.c.obj</name>
      </input_file>
      <input_file id="fl-d5">
         <path>C:\ti\ccs1200\ccs\tools\compiler\ti-cgt-arm_20.2.7.LTS\lib\</path>
         <kind>archive</kind>
         <file>rtsv7M4_T_le_v4SPD16_eabi.lib</file>
         <name>pre_init.c.obj</name>
      </input_file>
      <input_file id="fl-d6">
         <path>C:\ti\ccs1200\ccs\tools\compiler\ti-cgt-arm_20.2.7.LTS\lib\</path>
         <kind>archive</kind>
         <file>rtsv7M4_T_le_v4SPD16_eabi.lib</file>
         <name>cpy_tbl.c.obj</name>
      </input_file>
      <input_file id="fl-d7">
         <path>C:\ti\ccs1200\ccs\tools\compiler\ti-cgt-arm_20.2.7.LTS\lib\</path>
         <kind>archive</kind>
         <file>rtsv7M4_T_le_v4SPD16_eabi.lib</file>
         <name>exit.c.obj</name>
      </input_file>
      <input_file id="fl-d8">
         <path>C:\ti\ccs1200\ccs\tools\compiler\ti-cgt-arm_20.2.7.LTS\lib\</path>
         <kind>archive</kind>
         <file>rtsv7M4_T_le_v4SPD16_eabi.lib</file>
         <name>_lock.c.obj</name>
      </input_file>
      <input_file id="fl-d9">
         <path>C:\ti\ccs1200\ccs\tools\compiler\ti-cgt-arm_20.2.7.LTS\lib\</path>
         <kind>archive</kind>
         <file>rtsv7M4_T_le_v4SPD16_eabi.lib</file>
         <name>args_main.c.obj</name>
      </input_file>
      <input_file id="fl-da">
         <path>C:\ti\tivaware_c_series_2_1_4_178\driverlib\ccs\Debug\</path>
         <kind>archive</kind>
         <file>driverlib.lib</file>
         <name>gpio.obj</name>
      </input_file>
      <input_file id="fl-db">
         <path>C:\ti\tivaware_c_series_2_1_4_178\driverlib\ccs\Debug\</path>
         <kind>archive</kind>
         <file>driverlib.lib</file>
         <name>i2c.obj</name>
      </input_file>
      <input_file id="fl-dc">
         <path>C:\ti\tivaware_c_series_2_1_4_178\driverlib\ccs\Debug\</path>
         <kind>archive</kind>
         <file>driverlib.lib</file>
         <name>interrupt.obj</name>
      </input_file>
      <input_file id="fl-dd">
         <path>C:\ti\tivaware_c_series_2_1_4_178\driverlib\ccs\Debug\</path>
         <kind>archive</kind>
         <file>driverlib.lib</file>
         <name>sysctl.obj</name>
      </input_file>
      <input_file id="fl-de">
         <path>C:\ti\tivaware_c_series_2_1_4_178\driverlib\ccs\Debug\</path>
         <kind>archive</kind>
         <file>driverlib.lib</file>
         <name>uart.obj</name>
      </input_file>
      <input_file id="fl-df">
         <path>C:\ti\tivaware_c_series_2_1_4_178\driverlib\ccs\Debug\</path>
         <kind>archive</kind>
         <file>driverlib.lib</file>
         <name>cpu.obj</name>
      </input_file>
   </input_file_list>
   <object_component_list>
      <object_component id="oc-12">
         <name>.intvecs</name>
         <load_address>0x0</load_address>
         <run_address>0x0</run_address>
         <size>0x26c</size>
         <input_file_ref idref="fl-5"/>
      </object_component>
      <object_component id="oc-3a3">
         <name>.text:PSReadRegisters</name>
         <load_address>0x26c</load_address>
         <run_address>0x26c</run_address>
         <size>0x260</size>
         <input_file_ref idref="fl-4"/>
      </object_component>
      <object_component id="oc-216">
         <name>.text:UARTvprintf</name>
         <load_address>0x4cc</load_address>
         <run_address>0x4cc</run_address>
         <size>0x1ee</size>
         <input_file_ref idref="fl-f"/>
      </object_component>
      <object_component id="oc-33">
         <name>.text:FaultISR</name>
         <load_address>0x6ba</load_address>
         <run_address>0x6ba</run_address>
         <size>0x2</size>
         <input_file_ref idref="fl-5"/>
      </object_component>
      <object_component id="oc-3a9">
         <name>.text:TSReadADC</name>
         <load_address>0x6bc</load_address>
         <run_address>0x6bc</run_address>
         <size>0x1c4</size>
         <input_file_ref idref="fl-4"/>
      </object_component>
      <object_component id="oc-129">
         <name>.text:ConfigureADC</name>
         <load_address>0x880</load_address>
         <run_address>0x880</run_address>
         <size>0x174</size>
         <input_file_ref idref="fl-3"/>
      </object_component>
      <object_component id="oc-2cc">
         <name>.text:GPIOPadConfigSet</name>
         <load_address>0x9f4</load_address>
         <run_address>0x9f4</run_address>
         <size>0x132</size>
         <input_file_ref idref="fl-da"/>
      </object_component>
      <object_component id="oc-39">
         <name>.text:IntDefaultHandler</name>
         <load_address>0xb26</load_address>
         <run_address>0xb26</run_address>
         <size>0x2</size>
         <input_file_ref idref="fl-5"/>
      </object_component>
      <object_component id="oc-3af">
         <name>.text:AmmeterReadRegisters</name>
         <load_address>0xb28</load_address>
         <run_address>0xb28</run_address>
         <size>0x120</size>
         <input_file_ref idref="fl-4"/>
      </object_component>
      <object_component id="oc-25d">
         <name>.text:LEDTask</name>
         <load_address>0xc48</load_address>
         <run_address>0xc48</run_address>
         <size>0x11c</size>
         <input_file_ref idref="fl-2"/>
      </object_component>
      <object_component id="oc-384">
         <name>.text:xQueueGenericReceive</name>
         <load_address>0xd64</load_address>
         <run_address>0xd64</run_address>
         <size>0x118</size>
         <input_file_ref idref="fl-a"/>
      </object_component>
      <object_component id="oc-209">
         <name>.text:SysCtlClockGet</name>
         <load_address>0xe7c</load_address>
         <run_address>0xe7c</run_address>
         <size>0x110</size>
         <input_file_ref idref="fl-dd"/>
      </object_component>
      <object_component id="oc-238">
         <name>.text:RGBInit</name>
         <load_address>0xf8c</load_address>
         <run_address>0xf8c</run_address>
         <size>0x104</size>
         <input_file_ref idref="fl-8"/>
      </object_component>
      <object_component id="oc-9b">
         <name>.text:xTaskIncrementTick</name>
         <load_address>0x1090</load_address>
         <run_address>0x1090</run_address>
         <size>0x104</size>
         <input_file_ref idref="fl-b"/>
      </object_component>
      <object_component id="oc-250">
         <name>.text:xTaskGenericCreate</name>
         <load_address>0x1194</load_address>
         <run_address>0x1194</run_address>
         <size>0x100</size>
         <input_file_ref idref="fl-b"/>
      </object_component>
      <object_component id="oc-26a">
         <name>.text:SwitchTask</name>
         <load_address>0x1294</load_address>
         <run_address>0x1294</run_address>
         <size>0xfc</size>
         <input_file_ref idref="fl-6"/>
      </object_component>
      <object_component id="oc-1eb">
         <name>.text:SysCtlClockSet</name>
         <load_address>0x1390</load_address>
         <run_address>0x1390</run_address>
         <size>0xf4</size>
         <input_file_ref idref="fl-dd"/>
      </object_component>
      <object_component id="oc-22f">
         <name>.text:xQueueGenericSend</name>
         <load_address>0x1484</load_address>
         <run_address>0x1484</run_address>
         <size>0xe8</size>
         <input_file_ref idref="fl-a"/>
      </object_component>
      <object_component id="oc-2fa">
         <name>.text:xTaskResumeAll</name>
         <load_address>0x156c</load_address>
         <run_address>0x156c</run_address>
         <size>0xe4</size>
         <input_file_ref idref="fl-b"/>
      </object_component>
      <object_component id="oc-3f">
         <name>.text</name>
         <load_address>0x1650</load_address>
         <run_address>0x1650</run_address>
         <size>0xd2</size>
         <input_file_ref idref="fl-d"/>
      </object_component>
      <object_component id="oc-2d">
         <name>.text:NmiSR</name>
         <load_address>0x1722</load_address>
         <run_address>0x1722</run_address>
         <size>0x2</size>
         <input_file_ref idref="fl-5"/>
      </object_component>
      <object_component id="oc-141">
         <name>.text:LEDTaskInit</name>
         <load_address>0x1724</load_address>
         <run_address>0x1724</run_address>
         <size>0xc8</size>
         <input_file_ref idref="fl-2"/>
      </object_component>
      <object_component id="oc-34a">
         <name>.text:RGBEnable</name>
         <load_address>0x17ec</load_address>
         <run_address>0x17ec</run_address>
         <size>0xc0</size>
         <input_file_ref idref="fl-8"/>
      </object_component>
      <object_component id="oc-223">
         <name>.text:pvPortMalloc</name>
         <load_address>0x18ac</load_address>
         <run_address>0x18ac</run_address>
         <size>0xac</size>
         <input_file_ref idref="fl-e"/>
      </object_component>
      <object_component id="oc-cf">
         <name>.text:main</name>
         <load_address>0x1958</load_address>
         <run_address>0x1958</run_address>
         <size>0xa8</size>
         <input_file_ref idref="fl-3"/>
      </object_component>
      <object_component id="oc-58">
         <name>.text</name>
         <load_address>0x1a00</load_address>
         <run_address>0x1a00</run_address>
         <size>0x9c</size>
         <input_file_ref idref="fl-cc"/>
      </object_component>
      <object_component id="oc-244">
         <name>.text:RGBColorSet</name>
         <load_address>0x1a9c</load_address>
         <run_address>0x1a9c</run_address>
         <size>0x90</size>
         <input_file_ref idref="fl-8"/>
      </object_component>
      <object_component id="oc-474">
         <name>.text:vTaskPriorityInherit</name>
         <load_address>0x1b2c</load_address>
         <run_address>0x1b2c</run_address>
         <size>0x90</size>
         <input_file_ref idref="fl-b"/>
      </object_component>
      <object_component id="oc-94">
         <name>.text:vTaskSwitchContext</name>
         <load_address>0x1bbc</load_address>
         <run_address>0x1bbc</run_address>
         <size>0x8c</size>
         <input_file_ref idref="fl-b"/>
      </object_component>
      <object_component id="oc-39e">
         <name>.text:ButtonsPoll</name>
         <load_address>0x1c48</load_address>
         <run_address>0x1c48</run_address>
         <size>0x88</size>
         <input_file_ref idref="fl-7"/>
      </object_component>
      <object_component id="oc-38a">
         <name>.text:vTaskDelayUntil</name>
         <load_address>0x1cd0</load_address>
         <run_address>0x1cd0</run_address>
         <size>0x84</size>
         <input_file_ref idref="fl-b"/>
      </object_component>
      <object_component id="oc-35a">
         <name>.text:xQueueGenericReset</name>
         <load_address>0x1d54</load_address>
         <run_address>0x1d54</run_address>
         <size>0x84</size>
         <input_file_ref idref="fl-a"/>
      </object_component>
      <object_component id="oc-123">
         <name>.text:ConfigureUART</name>
         <load_address>0x1dd8</load_address>
         <run_address>0x1dd8</run_address>
         <size>0x80</size>
         <input_file_ref idref="fl-3"/>
      </object_component>
      <object_component id="oc-c3">
         <name>.text</name>
         <load_address>0x1e58</load_address>
         <run_address>0x1e58</run_address>
         <size>0x7a</size>
         <input_file_ref idref="fl-cd"/>
      </object_component>
      <object_component id="oc-406">
         <name>.text</name>
         <load_address>0x1ed2</load_address>
         <run_address>0x1ed2</run_address>
         <size>0x2</size>
         <input_file_ref idref="fl-d3"/>
      </object_component>
      <object_component id="oc-43e">
         <name>.text:xTaskPriorityDisinherit</name>
         <load_address>0x1ed4</load_address>
         <run_address>0x1ed4</run_address>
         <size>0x78</size>
         <input_file_ref idref="fl-b"/>
      </object_component>
      <object_component id="oc-12f">
         <name>.text:ConfigureI2C</name>
         <load_address>0x1f4c</load_address>
         <run_address>0x1f4c</run_address>
         <size>0x74</size>
         <input_file_ref idref="fl-3"/>
      </object_component>
      <object_component id="oc-33c">
         <name>.text:xTaskRemoveFromEventList</name>
         <load_address>0x1fc0</load_address>
         <run_address>0x1fc0</run_address>
         <size>0x74</size>
         <input_file_ref idref="fl-b"/>
      </object_component>
      <object_component id="oc-336">
         <name>.text:prvCopyDataToQueue</name>
         <load_address>0x2034</load_address>
         <run_address>0x2034</run_address>
         <size>0x72</size>
         <input_file_ref idref="fl-a"/>
      </object_component>
      <object_component id="oc-ec">
         <name>.text:vApplicationStackOverflowHook</name>
         <load_address>0x20a6</load_address>
         <run_address>0x20a6</run_address>
         <size>0x2</size>
         <input_file_ref idref="fl-3"/>
      </object_component>
      <object_component id="oc-264">
         <name>.text:ButtonsInit</name>
         <load_address>0x20a8</load_address>
         <run_address>0x20a8</run_address>
         <size>0x68</size>
         <input_file_ref idref="fl-7"/>
      </object_component>
      <object_component id="oc-390">
         <name>.text:RGBDisable</name>
         <load_address>0x2110</load_address>
         <run_address>0x2110</run_address>
         <size>0x68</size>
         <input_file_ref idref="fl-8"/>
      </object_component>
      <object_component id="oc-15">
         <name>.text:decompress:lzss:__TI_decompress_lzss</name>
         <load_address>0x2178</load_address>
         <run_address>0x2178</run_address>
         <size>0x68</size>
         <input_file_ref idref="fl-d1"/>
      </object_component>
      <object_component id="oc-14d">
         <name>.text:MeasurementTaskInit</name>
         <load_address>0x21e0</load_address>
         <run_address>0x21e0</run_address>
         <size>0x64</size>
         <input_file_ref idref="fl-4"/>
      </object_component>
      <object_component id="oc-330">
         <name>.text:vTaskPlaceOnEventList</name>
         <load_address>0x2244</load_address>
         <run_address>0x2244</run_address>
         <size>0x64</size>
         <input_file_ref idref="fl-b"/>
      </object_component>
      <object_component id="oc-324">
         <name>.text:prvUnlockQueue</name>
         <load_address>0x22a8</load_address>
         <run_address>0x22a8</run_address>
         <size>0x62</size>
         <input_file_ref idref="fl-a"/>
      </object_component>
      <object_component id="oc-1e3">
         <name>.text:UARTStdioConfig</name>
         <load_address>0x230c</load_address>
         <run_address>0x230c</run_address>
         <size>0x60</size>
         <input_file_ref idref="fl-f"/>
      </object_component>
      <object_component id="oc-373">
         <name>.text:prvInitialiseTaskLists</name>
         <load_address>0x236c</load_address>
         <run_address>0x236c</run_address>
         <size>0x60</size>
         <input_file_ref idref="fl-b"/>
      </object_component>
      <object_component id="oc-153">
         <name>.text:vTaskStartScheduler</name>
         <load_address>0x23cc</load_address>
         <run_address>0x23cc</run_address>
         <size>0x60</size>
         <input_file_ref idref="fl-b"/>
      </object_component>
      <object_component id="oc-3c1">
         <name>.text:prvCheckTasksWaitingTermination</name>
         <load_address>0x242c</load_address>
         <run_address>0x242c</run_address>
         <size>0x58</size>
         <input_file_ref idref="fl-b"/>
      </object_component>
      <object_component id="oc-367">
         <name>.text:prvInitialiseTCBVariables</name>
         <load_address>0x2484</load_address>
         <run_address>0x2484</run_address>
         <size>0x56</size>
         <input_file_ref idref="fl-b"/>
      </object_component>
      <object_component id="oc-31e">
         <name>.text:xTaskCheckForTimeOut</name>
         <load_address>0x24dc</load_address>
         <run_address>0x24dc</run_address>
         <size>0x54</size>
         <input_file_ref idref="fl-b"/>
      </object_component>
      <object_component id="oc-13b">
         <name>.text:xQueueCreateMutex</name>
         <load_address>0x2530</load_address>
         <run_address>0x2530</run_address>
         <size>0x4e</size>
         <input_file_ref idref="fl-a"/>
      </object_component>
      <object_component id="oc-20f">
         <name>.text:I2CMasterInitExpClk</name>
         <load_address>0x2580</load_address>
         <run_address>0x2580</run_address>
         <size>0x4c</size>
         <input_file_ref idref="fl-db"/>
      </object_component>
      <object_component id="oc-434">
         <name>.text:prvAddCurrentTaskToDelayedList</name>
         <load_address>0x25cc</load_address>
         <run_address>0x25cc</run_address>
         <size>0x4c</size>
         <input_file_ref idref="fl-b"/>
      </object_component>
      <object_component id="oc-1f7">
         <name>.text:GPIOPinConfigure</name>
         <load_address>0x2618</load_address>
         <run_address>0x2618</run_address>
         <size>0x48</size>
         <input_file_ref idref="fl-da"/>
      </object_component>
      <object_component id="oc-147">
         <name>.text:SwitchTaskInit</name>
         <load_address>0x2660</load_address>
         <run_address>0x2660</run_address>
         <size>0x48</size>
         <input_file_ref idref="fl-6"/>
      </object_component>
      <object_component id="oc-2e0">
         <name>.text:UARTwrite</name>
         <load_address>0x26a8</load_address>
         <run_address>0x26a8</run_address>
         <size>0x48</size>
         <input_file_ref idref="fl-f"/>
      </object_component>
      <object_component id="oc-16f">
         <name>.text:__TI_auto_init_nobinit_nopinit:__TI_auto_init_nobinit_nopinit</name>
         <load_address>0x26f0</load_address>
         <run_address>0x26f0</run_address>
         <size>0x44</size>
         <input_file_ref idref="fl-d4"/>
      </object_component>
      <object_component id="oc-44e">
         <name>.text:vPortFree</name>
         <load_address>0x2734</load_address>
         <run_address>0x2734</run_address>
         <size>0x44</size>
         <input_file_ref idref="fl-e"/>
      </object_component>
      <object_component id="oc-2e6">
         <name>.text</name>
         <load_address>0x2778</load_address>
         <run_address>0x2778</run_address>
         <size>0x40</size>
         <input_file_ref idref="fl-ce"/>
      </object_component>
      <object_component id="oc-278">
         <name>.text:xPortStartScheduler</name>
         <load_address>0x27b8</load_address>
         <run_address>0x27b8</run_address>
         <size>0x40</size>
         <input_file_ref idref="fl-c"/>
      </object_component>
      <object_component id="oc-24a">
         <name>.text:xQueueGenericCreate</name>
         <load_address>0x27f8</load_address>
         <run_address>0x27f8</run_address>
         <size>0x3c</size>
         <input_file_ref idref="fl-a"/>
      </object_component>
      <object_component id="oc-361">
         <name>.text:prvAllocateTCBAndStack</name>
         <load_address>0x2834</load_address>
         <run_address>0x2834</run_address>
         <size>0x3a</size>
         <input_file_ref idref="fl-b"/>
      </object_component>
      <object_component id="oc-42e">
         <name>.text:vListInsert</name>
         <load_address>0x286e</load_address>
         <run_address>0x286e</run_address>
         <size>0x38</size>
         <input_file_ref idref="fl-9"/>
      </object_component>
      <object_component id="oc-1f1">
         <name>.text:SysCtlPeripheralEnable</name>
         <load_address>0x28a8</load_address>
         <run_address>0x28a8</run_address>
         <size>0x34</size>
         <input_file_ref idref="fl-dd"/>
      </object_component>
      <object_component id="oc-76">
         <name>.text:_c_int00_noargs:_c_int00_noargs</name>
         <load_address>0x28dc</load_address>
         <run_address>0x28dc</run_address>
         <size>0x34</size>
         <input_file_ref idref="fl-d2"/>
      </object_component>
      <object_component id="oc-2f4">
         <name>.text:prvHeapInit</name>
         <load_address>0x2910</load_address>
         <run_address>0x2910</run_address>
         <size>0x30</size>
         <input_file_ref idref="fl-e"/>
      </object_component>
      <object_component id="oc-44">
         <name>.text:xPortSysTickHandler</name>
         <load_address>0x2940</load_address>
         <run_address>0x2940</run_address>
         <size>0x2c</size>
         <input_file_ref idref="fl-c"/>
      </object_component>
      <object_component id="oc-2c6">
         <name>.text:GPIODirModeSet</name>
         <load_address>0x296c</load_address>
         <run_address>0x296c</run_address>
         <size>0x2a</size>
         <input_file_ref idref="fl-da"/>
      </object_component>
      <object_component id="oc-f6">
         <name>.text:prvResetNextTaskUnblockTime</name>
         <load_address>0x2998</load_address>
         <run_address>0x2998</run_address>
         <size>0x28</size>
         <input_file_ref idref="fl-b"/>
      </object_component>
      <object_component id="oc-36d">
         <name>.text:pxPortInitialiseStack</name>
         <load_address>0x29c0</load_address>
         <run_address>0x29c0</run_address>
         <size>0x28</size>
         <input_file_ref idref="fl-c"/>
      </object_component>
      <object_component id="oc-47a">
         <name>.text:prvCopyDataFromQueue</name>
         <load_address>0x29e8</load_address>
         <run_address>0x29e8</run_address>
         <size>0x26</size>
         <input_file_ref idref="fl-a"/>
      </object_component>
      <object_component id="oc-271">
         <name>.text:MeasurementTask</name>
         <load_address>0x2a0e</load_address>
         <run_address>0x2a0e</run_address>
         <size>0x20</size>
         <input_file_ref idref="fl-4"/>
      </object_component>
      <object_component id="oc-fc">
         <name>.text:uxListRemove</name>
         <load_address>0x2a2e</load_address>
         <run_address>0x2a2e</run_address>
         <size>0x20</size>
         <input_file_ref idref="fl-9"/>
      </object_component>
      <object_component id="oc-32a">
         <name>.text:prvIsQueueFull</name>
         <load_address>0x2a4e</load_address>
         <run_address>0x2a4e</run_address>
         <size>0x1c</size>
         <input_file_ref idref="fl-a"/>
      </object_component>
      <object_component id="oc-318">
         <name>.text:vPortEnterCritical</name>
         <load_address>0x2a6c</load_address>
         <run_address>0x2a6c</run_address>
         <size>0x1c</size>
         <input_file_ref idref="fl-c"/>
      </object_component>
      <object_component id="oc-135">
         <name>.text:UARTprintf</name>
         <load_address>0x2a88</load_address>
         <run_address>0x2a88</run_address>
         <size>0x1a</size>
         <input_file_ref idref="fl-f"/>
      </object_component>
      <object_component id="oc-46e">
         <name>.text:prvIsQueueEmpty</name>
         <load_address>0x2aa2</load_address>
         <run_address>0x2aa2</run_address>
         <size>0x1a</size>
         <input_file_ref idref="fl-a"/>
      </object_component>
      <object_component id="oc-480">
         <name>.text:pvTaskIncrementMutexHeldCount</name>
         <load_address>0x2abc</load_address>
         <run_address>0x2abc</run_address>
         <size>0x18</size>
         <input_file_ref idref="fl-b"/>
      </object_component>
      <object_component id="oc-102">
         <name>.text:vListInsertEnd</name>
         <load_address>0x2ad4</load_address>
         <run_address>0x2ad4</run_address>
         <size>0x18</size>
         <input_file_ref idref="fl-9"/>
      </object_component>
      <object_component id="oc-312">
         <name>.text:vPortExitCritical</name>
         <load_address>0x2aec</load_address>
         <run_address>0x2aec</run_address>
         <size>0x18</size>
         <input_file_ref idref="fl-c"/>
      </object_component>
      <object_component id="oc-30c">
         <name>.text:vTaskSetTimeOutState</name>
         <load_address>0x2b04</load_address>
         <run_address>0x2b04</run_address>
         <size>0x18</size>
         <input_file_ref idref="fl-b"/>
      </object_component>
      <object_component id="oc-4a1">
         <name>.text:I2CMasterErr</name>
         <load_address>0x2b1c</load_address>
         <run_address>0x2b1c</run_address>
         <size>0x16</size>
         <input_file_ref idref="fl-db"/>
      </object_component>
      <object_component id="oc-229">
         <name>.text:vListInitialise</name>
         <load_address>0x2b32</load_address>
         <run_address>0x2b32</run_address>
         <size>0x16</size>
         <input_file_ref idref="fl-9"/>
      </object_component>
      <object_component id="oc-23e">
         <name>.text:RGBIntensitySet</name>
         <load_address>0x2b48</load_address>
         <run_address>0x2b48</run_address>
         <size>0x14</size>
         <input_file_ref idref="fl-8"/>
      </object_component>
      <object_component id="oc-3b7">
         <name>.text:vPortSetupTimerInterrupt</name>
         <load_address>0x2b5c</load_address>
         <run_address>0x2b5c</run_address>
         <size>0x14</size>
         <input_file_ref idref="fl-c"/>
      </object_component>
      <object_component id="oc-203">
         <name>.text:GPIOPinTypeI2C</name>
         <load_address>0x2b70</load_address>
         <run_address>0x2b70</run_address>
         <size>0x12</size>
         <input_file_ref idref="fl-da"/>
      </object_component>
      <object_component id="oc-1fd">
         <name>.text:GPIOPinTypeI2CSCL</name>
         <load_address>0x2b82</load_address>
         <run_address>0x2b82</run_address>
         <size>0x12</size>
         <input_file_ref idref="fl-da"/>
      </object_component>
      <object_component id="oc-4b8">
         <name>.text:prvDeleteTCB</name>
         <load_address>0x2b94</load_address>
         <run_address>0x2b94</run_address>
         <size>0x12</size>
         <input_file_ref idref="fl-b"/>
      </object_component>
      <object_component id="oc-45c">
         <name>.text:prvTaskExitError</name>
         <load_address>0x2ba6</load_address>
         <run_address>0x2ba6</run_address>
         <size>0x10</size>
         <input_file_ref idref="fl-c"/>
      </object_component>
      <object_component id="oc-2ee">
         <name>.text:vTaskSuspendAll</name>
         <load_address>0x2bb8</load_address>
         <run_address>0x2bb8</run_address>
         <size>0x10</size>
         <input_file_ref idref="fl-b"/>
      </object_component>
      <object_component id="oc-1b">
         <name>.text:decompress:none:__TI_decompress_none</name>
         <load_address>0x2bc8</load_address>
         <run_address>0x2bc8</run_address>
         <size>0xe</size>
         <input_file_ref idref="fl-d0"/>
      </object_component>
      <object_component id="oc-6a">
         <name>.text:decompress:ZI:__TI_zero_init</name>
         <load_address>0x2bd6</load_address>
         <run_address>0x2bd6</run_address>
         <size>0xc</size>
         <input_file_ref idref="fl-cf"/>
      </object_component>
      <object_component id="oc-426">
         <name>.text:vTaskMissedYield</name>
         <load_address>0x2be4</load_address>
         <run_address>0x2be4</run_address>
         <size>0xc</size>
         <input_file_ref idref="fl-b"/>
      </object_component>
      <object_component id="oc-37e">
         <name>.text:xTaskGetTickCount</name>
         <load_address>0x2bf0</load_address>
         <run_address>0x2bf0</run_address>
         <size>0xc</size>
         <input_file_ref idref="fl-b"/>
      </object_component>
      <object_component id="oc-2d8">
         <name>.text:I2CMasterEnable</name>
         <load_address>0x2bfc</load_address>
         <run_address>0x2bfc</run_address>
         <size>0xa</size>
         <input_file_ref idref="fl-db"/>
      </object_component>
      <object_component id="oc-49b">
         <name>.text:I2CMasterBusy</name>
         <load_address>0x2c06</load_address>
         <run_address>0x2c06</run_address>
         <size>0x8</size>
         <input_file_ref idref="fl-db"/>
      </object_component>
      <object_component id="oc-48f">
         <name>.text:I2CMasterSlaveAddrSet</name>
         <load_address>0x2c0e</load_address>
         <run_address>0x2c0e</run_address>
         <size>0x8</size>
         <input_file_ref idref="fl-db"/>
      </object_component>
      <object_component id="oc-27e">
         <name>.text:prvIdleTask</name>
         <load_address>0x2c16</load_address>
         <run_address>0x2c16</run_address>
         <size>0x8</size>
         <input_file_ref idref="fl-b"/>
      </object_component>
      <object_component id="oc-27">
         <name>.text:ResetISR</name>
         <load_address>0x2c1e</load_address>
         <run_address>0x2c1e</run_address>
         <size>0x6</size>
         <input_file_ref idref="fl-5"/>
      </object_component>
      <object_component id="oc-2bd">
         <name>.text:SysCtlDelay</name>
         <load_address>0x2c24</load_address>
         <run_address>0x2c24</run_address>
         <size>0x6</size>
         <input_file_ref idref="fl-dd"/>
      </object_component>
      <object_component id="oc-1dd">
         <name>.text:UARTClockSourceSet</name>
         <load_address>0x2c2a</load_address>
         <run_address>0x2c2a</run_address>
         <size>0x6</size>
         <input_file_ref idref="fl-de"/>
      </object_component>
      <object_component id="oc-455">
         <name>.text:vListInitialiseItem</name>
         <load_address>0x2c30</load_address>
         <run_address>0x2c30</run_address>
         <size>0x6</size>
         <input_file_ref idref="fl-9"/>
      </object_component>
      <object_component id="oc-495">
         <name>.text:I2CMasterControl</name>
         <load_address>0x2c36</load_address>
         <run_address>0x2c36</run_address>
         <size>0x4</size>
         <input_file_ref idref="fl-db"/>
      </object_component>
      <object_component id="oc-4a7">
         <name>.text:I2CMasterDataGet</name>
         <load_address>0x2c3a</load_address>
         <run_address>0x2c3a</run_address>
         <size>0x4</size>
         <input_file_ref idref="fl-db"/>
      </object_component>
      <object_component id="oc-c9">
         <name>.text:_system_pre_init</name>
         <load_address>0x2c3e</load_address>
         <run_address>0x2c3e</run_address>
         <size>0x4</size>
         <input_file_ref idref="fl-d5"/>
      </object_component>
      <object_component id="oc-163">
         <name>.text:abort:abort</name>
         <load_address>0x2c42</load_address>
         <run_address>0x2c42</run_address>
         <size>0x4</size>
         <input_file_ref idref="fl-d7"/>
      </object_component>
      <object_component id="oc-2c1">
         <name>.const:g_pui32GPIOBaseAddrs</name>
         <load_address>0x2c48</load_address>
         <run_address>0x2c48</run_address>
         <size>0x90</size>
         <input_file_ref idref="fl-da"/>
      </object_component>
      <object_component id="oc-2d4">
         <name>.const:g_pui32Xtals</name>
         <load_address>0x2cd8</load_address>
         <run_address>0x2cd8</run_address>
         <size>0x6c</size>
         <input_file_ref idref="fl-dd"/>
      </object_component>
      <object_component id="oc-2b3">
         <name>.const:g_ui32UARTBase</name>
         <load_address>0x2d44</load_address>
         <run_address>0x2d44</run_address>
         <size>0xc</size>
         <input_file_ref idref="fl-f"/>
      </object_component>
      <object_component id="oc-2b0">
         <name>.const:g_ui32UARTPeriph</name>
         <load_address>0x2d50</load_address>
         <run_address>0x2d50</run_address>
         <size>0xc</size>
         <input_file_ref idref="fl-f"/>
      </object_component>
      <object_component id="oc-91">
         <name>.const</name>
         <load_address>0x2d5c</load_address>
         <run_address>0x2d5c</run_address>
         <size>0x4</size>
         <input_file_ref idref="fl-c"/>
      </object_component>
      <object_component id="oc-51b">
         <name>.cinit..data.load</name>
         <load_address>0x2d60</load_address>
         <run_address>0x2d60</run_address>
         <size>0x1c</size>
      </object_component>
      <object_component id="oc-519">
         <name>__TI_handler_table</name>
         <load_address>0x2d7c</load_address>
         <run_address>0x2d7c</run_address>
         <size>0xc</size>
      </object_component>
      <object_component id="oc-51c">
         <name>.cinit..bss.load</name>
         <load_address>0x2d88</load_address>
         <run_address>0x2d88</run_address>
         <size>0x8</size>
      </object_component>
      <object_component id="oc-51a">
         <name>__TI_cinit_table</name>
         <load_address>0x2d90</load_address>
         <run_address>0x2d90</run_address>
         <size>0x10</size>
      </object_component>
      <object_component id="oc-259">
         <name>.data:g_pui32Colors</name>
         <load_address>0x2000794c</load_address>
         <run_address>0x2000794c</run_address>
         <size>0xc</size>
         <input_file_ref idref="fl-2"/>
      </object_component>
      <object_component id="oc-4ad">
         <name>.data</name>
         <load_address>0x20007938</load_address>
         <run_address>0x20007938</run_address>
         <size>0x14</size>
         <input_file_ref idref="fl-3"/>
      </object_component>
      <object_component id="oc-397">
         <name>.data</name>
         <load_address>0x20007965</load_address>
         <run_address>0x20007965</run_address>
         <size>0x3</size>
         <input_file_ref idref="fl-7"/>
      </object_component>
      <object_component id="oc-352">
         <name>.data</name>
         <load_address>0x2000796c</load_address>
         <run_address>0x2000796c</run_address>
         <size>0x4</size>
         <input_file_ref idref="fl-8"/>
      </object_component>
      <object_component id="oc-8e">
         <name>.data</name>
         <load_address>0x20007908</load_address>
         <run_address>0x20007908</run_address>
         <size>0x30</size>
         <input_file_ref idref="fl-b"/>
      </object_component>
      <object_component id="oc-3bd">
         <name>.data</name>
         <load_address>0x20007968</load_address>
         <run_address>0x20007968</run_address>
         <size>0x4</size>
         <input_file_ref idref="fl-c"/>
      </object_component>
      <object_component id="oc-300">
         <name>.data</name>
         <load_address>0x20007958</load_address>
         <run_address>0x20007958</run_address>
         <size>0x8</size>
         <input_file_ref idref="fl-e"/>
      </object_component>
      <object_component id="oc-2b6">
         <name>.data</name>
         <load_address>0x20007960</load_address>
         <run_address>0x20007960</run_address>
         <size>0x5</size>
         <input_file_ref idref="fl-f"/>
      </object_component>
      <object_component id="oc-256">
         <name>.bss</name>
         <uninitialized>true</uninitialized>
         <run_address>0x20007704</run_address>
         <size>0x1</size>
         <input_file_ref idref="fl-2"/>
      </object_component>
      <object_component id="oc-355">
         <name>.bss:g_ui32Colors</name>
         <uninitialized>true</uninitialized>
         <run_address>0x200076d4</run_address>
         <size>0xc</size>
         <input_file_ref idref="fl-8"/>
      </object_component>
      <object_component id="oc-f2">
         <name>.bss:pxReadyTasksLists</name>
         <uninitialized>true</uninitialized>
         <run_address>0x20007530</run_address>
         <size>0x140</size>
         <input_file_ref idref="fl-b"/>
      </object_component>
      <object_component id="oc-463">
         <name>.bss:xDelayedTaskList1</name>
         <uninitialized>true</uninitialized>
         <run_address>0x20007670</run_address>
         <size>0x14</size>
         <input_file_ref idref="fl-b"/>
      </object_component>
      <object_component id="oc-466">
         <name>.bss:xDelayedTaskList2</name>
         <uninitialized>true</uninitialized>
         <run_address>0x20007684</run_address>
         <size>0x14</size>
         <input_file_ref idref="fl-b"/>
      </object_component>
      <object_component id="oc-108">
         <name>.bss</name>
         <uninitialized>true</uninitialized>
         <run_address>0x200076e0</run_address>
         <size>0x8</size>
         <input_file_ref idref="fl-b"/>
      </object_component>
      <object_component id="oc-411">
         <name>.bss:xPendingReadyList</name>
         <uninitialized>true</uninitialized>
         <run_address>0x20007698</run_address>
         <size>0x14</size>
         <input_file_ref idref="fl-b"/>
      </object_component>
      <object_component id="oc-469">
         <name>.bss:xTasksWaitingTermination</name>
         <uninitialized>true</uninitialized>
         <run_address>0x200076c0</run_address>
         <size>0x14</size>
         <input_file_ref idref="fl-b"/>
      </object_component>
      <object_component id="oc-43a">
         <name>.bss:xSuspendedTaskList</name>
         <uninitialized>true</uninitialized>
         <run_address>0x200076ac</run_address>
         <size>0x14</size>
         <input_file_ref idref="fl-b"/>
      </object_component>
      <object_component id="oc-40d">
         <name>.bss:ucHeap</name>
         <uninitialized>true</uninitialized>
         <run_address>0x20000000</run_address>
         <size>0x7530</size>
         <input_file_ref idref="fl-e"/>
      </object_component>
      <object_component id="oc-303">
         <name>.bss:xStart</name>
         <uninitialized>true</uninitialized>
         <run_address>0x200076f0</run_address>
         <size>0x8</size>
         <input_file_ref idref="fl-e"/>
      </object_component>
      <object_component id="oc-306">
         <name>.bss:xEnd</name>
         <uninitialized>true</uninitialized>
         <run_address>0x200076e8</run_address>
         <size>0x8</size>
         <input_file_ref idref="fl-e"/>
      </object_component>
      <object_component id="oc-25c">
         <name>.common:g_pLEDQueue</name>
         <uninitialized>true</uninitialized>
         <run_address>0x200076fc</run_address>
         <size>0x4</size>
      </object_component>
      <object_component id="oc-159">
         <name>.common:g_pUARTSemaphore</name>
         <uninitialized>true</uninitialized>
         <run_address>0x20007700</run_address>
         <size>0x4</size>
      </object_component>
      <object_component id="oc-15c">
         <name>.common:g_pI2CSemaphore</name>
         <uninitialized>true</uninitialized>
         <run_address>0x200076f8</run_address>
         <size>0x4</size>
      </object_component>
      <object_component id="oc-24">
         <name>.stack</name>
         <uninitialized>true</uninitialized>
         <run_address>0x20007708</run_address>
         <size>0x4</size>
         <input_file_ref idref="fl-d2"/>
      </object_component>
      <object_component id="oc-51e">
         <name>.stack</name>
         <uninitialized>true</uninitialized>
         <run_address>0x20007708</run_address>
         <size>0x0</size>
      </object_component>
      <object_component id="oc-111">
         <name>.debug_info</name>
         <load_address>0x0</load_address>
         <run_address>0x0</run_address>
         <size>0x5e6</size>
         <input_file_ref idref="fl-2"/>
      </object_component>
      <object_component id="oc-25a">
         <name>.debug_info</name>
         <load_address>0x5e6</load_address>
         <run_address>0x5e6</run_address>
         <size>0xcc</size>
         <input_file_ref idref="fl-2"/>
      </object_component>
      <object_component id="oc-257">
         <name>.debug_info</name>
         <load_address>0x6b2</load_address>
         <run_address>0x6b2</run_address>
         <size>0xd0</size>
         <input_file_ref idref="fl-2"/>
      </object_component>
      <object_component id="oc-145">
         <name>.debug_info</name>
         <load_address>0x782</load_address>
         <run_address>0x782</run_address>
         <size>0x18a</size>
         <input_file_ref idref="fl-2"/>
      </object_component>
      <object_component id="oc-261">
         <name>.debug_info</name>
         <load_address>0x90c</load_address>
         <run_address>0x90c</run_address>
         <size>0x292</size>
         <input_file_ref idref="fl-2"/>
      </object_component>
      <object_component id="oc-1ad">
         <name>.debug_info</name>
         <load_address>0xb9e</load_address>
         <run_address>0xb9e</run_address>
         <size>0x2ef</size>
         <input_file_ref idref="fl-2"/>
      </object_component>
      <object_component id="oc-a4">
         <name>.debug_info</name>
         <load_address>0xe8d</load_address>
         <run_address>0xe8d</run_address>
         <size>0x26b</size>
         <input_file_ref idref="fl-2"/>
      </object_component>
      <object_component id="oc-53">
         <name>.debug_info</name>
         <load_address>0x10f8</load_address>
         <run_address>0x10f8</run_address>
         <size>0x84</size>
         <input_file_ref idref="fl-2"/>
      </object_component>
      <object_component id="oc-1d3">
         <name>.debug_info</name>
         <load_address>0x117c</load_address>
         <run_address>0x117c</run_address>
         <size>0x46</size>
         <input_file_ref idref="fl-2"/>
      </object_component>
      <object_component id="oc-1d8">
         <name>.debug_info</name>
         <load_address>0x11c2</load_address>
         <run_address>0x11c2</run_address>
         <size>0x2c</size>
         <input_file_ref idref="fl-2"/>
      </object_component>
      <object_component id="oc-1b2">
         <name>.debug_info</name>
         <load_address>0x11ee</load_address>
         <run_address>0x11ee</run_address>
         <size>0x2c</size>
         <input_file_ref idref="fl-2"/>
      </object_component>
      <object_component id="oc-10c">
         <name>.debug_info</name>
         <load_address>0x121a</load_address>
         <run_address>0x121a</run_address>
         <size>0x2a4</size>
         <input_file_ref idref="fl-2"/>
      </object_component>
      <object_component id="oc-a9">
         <name>.debug_info</name>
         <load_address>0x14be</load_address>
         <run_address>0x14be</run_address>
         <size>0xbb</size>
         <input_file_ref idref="fl-2"/>
      </object_component>
      <object_component id="oc-e4">
         <name>.debug_info</name>
         <load_address>0x1579</load_address>
         <run_address>0x1579</run_address>
         <size>0x53</size>
         <input_file_ref idref="fl-2"/>
      </object_component>
      <object_component id="oc-21e">
         <name>.debug_info</name>
         <load_address>0x15cc</load_address>
         <run_address>0x15cc</run_address>
         <size>0x2c</size>
         <input_file_ref idref="fl-2"/>
      </object_component>
      <object_component id="oc-1c1">
         <name>.debug_info</name>
         <load_address>0x15f8</load_address>
         <run_address>0x15f8</run_address>
         <size>0x14c</size>
         <input_file_ref idref="fl-2"/>
      </object_component>
      <object_component id="oc-15a">
         <name>.debug_info</name>
         <load_address>0x1744</load_address>
         <run_address>0x1744</run_address>
         <size>0x6ad</size>
         <input_file_ref idref="fl-3"/>
      </object_component>
      <object_component id="oc-4ae">
         <name>.debug_info</name>
         <load_address>0x1df1</load_address>
         <run_address>0x1df1</run_address>
         <size>0x173</size>
         <input_file_ref idref="fl-3"/>
      </object_component>
      <object_component id="oc-ef">
         <name>.debug_info</name>
         <load_address>0x1f64</load_address>
         <run_address>0x1f64</run_address>
         <size>0x13f</size>
         <input_file_ref idref="fl-3"/>
      </object_component>
      <object_component id="oc-124">
         <name>.debug_info</name>
         <load_address>0x20a3</load_address>
         <run_address>0x20a3</run_address>
         <size>0x156</size>
         <input_file_ref idref="fl-3"/>
      </object_component>
      <object_component id="oc-12c">
         <name>.debug_info</name>
         <load_address>0x21f9</load_address>
         <run_address>0x21f9</run_address>
         <size>0x1c7</size>
         <input_file_ref idref="fl-3"/>
      </object_component>
      <object_component id="oc-130">
         <name>.debug_info</name>
         <load_address>0x23c0</load_address>
         <run_address>0x23c0</run_address>
         <size>0x1dc</size>
         <input_file_ref idref="fl-3"/>
      </object_component>
      <object_component id="oc-d1">
         <name>.debug_info</name>
         <load_address>0x259c</load_address>
         <run_address>0x259c</run_address>
         <size>0x1bf</size>
         <input_file_ref idref="fl-3"/>
      </object_component>
      <object_component id="oc-15e">
         <name>.debug_info</name>
         <load_address>0x275b</load_address>
         <run_address>0x275b</run_address>
         <size>0x8b</size>
         <input_file_ref idref="fl-3"/>
      </object_component>
      <object_component id="oc-3b6">
         <name>.debug_info</name>
         <load_address>0x27e6</load_address>
         <run_address>0x27e6</run_address>
         <size>0x6f6</size>
         <input_file_ref idref="fl-4"/>
      </object_component>
      <object_component id="oc-3a5">
         <name>.debug_info</name>
         <load_address>0x2edc</load_address>
         <run_address>0x2edc</run_address>
         <size>0x4e9</size>
         <input_file_ref idref="fl-4"/>
      </object_component>
      <object_component id="oc-3b1">
         <name>.debug_info</name>
         <load_address>0x33c5</load_address>
         <run_address>0x33c5</run_address>
         <size>0x305</size>
         <input_file_ref idref="fl-4"/>
      </object_component>
      <object_component id="oc-272">
         <name>.debug_info</name>
         <load_address>0x36ca</load_address>
         <run_address>0x36ca</run_address>
         <size>0x1c9</size>
         <input_file_ref idref="fl-4"/>
      </object_component>
      <object_component id="oc-3aa">
         <name>.debug_info</name>
         <load_address>0x3893</load_address>
         <run_address>0x3893</run_address>
         <size>0x22b</size>
         <input_file_ref idref="fl-4"/>
      </object_component>
      <object_component id="oc-14e">
         <name>.debug_info</name>
         <load_address>0x3abe</load_address>
         <run_address>0x3abe</run_address>
         <size>0x154</size>
         <input_file_ref idref="fl-4"/>
      </object_component>
      <object_component id="oc-4c">
         <name>.debug_info</name>
         <load_address>0x3c12</load_address>
         <run_address>0x3c12</run_address>
         <size>0x30f</size>
         <input_file_ref idref="fl-5"/>
      </object_component>
      <object_component id="oc-13">
         <name>.debug_info</name>
         <load_address>0x3f21</load_address>
         <run_address>0x3f21</run_address>
         <size>0xce</size>
         <input_file_ref idref="fl-5"/>
      </object_component>
      <object_component id="oc-2b">
         <name>.debug_info</name>
         <load_address>0x3fef</load_address>
         <run_address>0x3fef</run_address>
         <size>0xfe</size>
         <input_file_ref idref="fl-5"/>
      </object_component>
      <object_component id="oc-31">
         <name>.debug_info</name>
         <load_address>0x40ed</load_address>
         <run_address>0x40ed</run_address>
         <size>0xef</size>
         <input_file_ref idref="fl-5"/>
      </object_component>
      <object_component id="oc-3d">
         <name>.debug_info</name>
         <load_address>0x41dc</load_address>
         <run_address>0x41dc</run_address>
         <size>0x107</size>
         <input_file_ref idref="fl-5"/>
      </object_component>
      <object_component id="oc-37">
         <name>.debug_info</name>
         <load_address>0x42e3</load_address>
         <run_address>0x42e3</run_address>
         <size>0xf5</size>
         <input_file_ref idref="fl-5"/>
      </object_component>
      <object_component id="oc-3a2">
         <name>.debug_info</name>
         <load_address>0x43d8</load_address>
         <run_address>0x43d8</run_address>
         <size>0x51b</size>
         <input_file_ref idref="fl-6"/>
      </object_component>
      <object_component id="oc-14a">
         <name>.debug_info</name>
         <load_address>0x48f3</load_address>
         <run_address>0x48f3</run_address>
         <size>0x139</size>
         <input_file_ref idref="fl-6"/>
      </object_component>
      <object_component id="oc-26d">
         <name>.debug_info</name>
         <load_address>0x4a2c</load_address>
         <run_address>0x4a2c</run_address>
         <size>0x27c</size>
         <input_file_ref idref="fl-6"/>
      </object_component>
      <object_component id="oc-48c">
         <name>.debug_info</name>
         <load_address>0x4ca8</load_address>
         <run_address>0x4ca8</run_address>
         <size>0x29d</size>
         <input_file_ref idref="fl-7"/>
      </object_component>
      <object_component id="oc-398">
         <name>.debug_info</name>
         <load_address>0x4f45</load_address>
         <run_address>0x4f45</run_address>
         <size>0x118</size>
         <input_file_ref idref="fl-7"/>
      </object_component>
      <object_component id="oc-39a">
         <name>.debug_info</name>
         <load_address>0x505d</load_address>
         <run_address>0x505d</run_address>
         <size>0x2d8</size>
         <input_file_ref idref="fl-7"/>
      </object_component>
      <object_component id="oc-265">
         <name>.debug_info</name>
         <load_address>0x5335</load_address>
         <run_address>0x5335</run_address>
         <size>0x1e3</size>
         <input_file_ref idref="fl-7"/>
      </object_component>
      <object_component id="oc-351">
         <name>.debug_info</name>
         <load_address>0x5518</load_address>
         <run_address>0x5518</run_address>
         <size>0x2e0</size>
         <input_file_ref idref="fl-8"/>
      </object_component>
      <object_component id="oc-356">
         <name>.debug_info</name>
         <load_address>0x57f8</load_address>
         <run_address>0x57f8</run_address>
         <size>0x10a</size>
         <input_file_ref idref="fl-8"/>
      </object_component>
      <object_component id="oc-353">
         <name>.debug_info</name>
         <load_address>0x5902</load_address>
         <run_address>0x5902</run_address>
         <size>0x10a</size>
         <input_file_ref idref="fl-8"/>
      </object_component>
      <object_component id="oc-245">
         <name>.debug_info</name>
         <load_address>0x5a0c</load_address>
         <run_address>0x5a0c</run_address>
         <size>0x212</size>
         <input_file_ref idref="fl-8"/>
      </object_component>
      <object_component id="oc-241">
         <name>.debug_info</name>
         <load_address>0x5c1e</load_address>
         <run_address>0x5c1e</run_address>
         <size>0x20f</size>
         <input_file_ref idref="fl-8"/>
      </object_component>
      <object_component id="oc-34d">
         <name>.debug_info</name>
         <load_address>0x5e2d</load_address>
         <run_address>0x5e2d</run_address>
         <size>0x20b</size>
         <input_file_ref idref="fl-8"/>
      </object_component>
      <object_component id="oc-23b">
         <name>.debug_info</name>
         <load_address>0x6038</load_address>
         <run_address>0x6038</run_address>
         <size>0x24a</size>
         <input_file_ref idref="fl-8"/>
      </object_component>
      <object_component id="oc-391">
         <name>.debug_info</name>
         <load_address>0x6282</load_address>
         <run_address>0x6282</run_address>
         <size>0x1e3</size>
         <input_file_ref idref="fl-8"/>
      </object_component>
      <object_component id="oc-1cd">
         <name>.debug_info</name>
         <load_address>0x6465</load_address>
         <run_address>0x6465</run_address>
         <size>0x2ec</size>
         <input_file_ref idref="fl-9"/>
      </object_component>
      <object_component id="oc-103">
         <name>.debug_info</name>
         <load_address>0x6751</load_address>
         <run_address>0x6751</run_address>
         <size>0x22d</size>
         <input_file_ref idref="fl-9"/>
      </object_component>
      <object_component id="oc-42f">
         <name>.debug_info</name>
         <load_address>0x697e</load_address>
         <run_address>0x697e</run_address>
         <size>0x258</size>
         <input_file_ref idref="fl-9"/>
      </object_component>
      <object_component id="oc-458">
         <name>.debug_info</name>
         <load_address>0x6bd6</load_address>
         <run_address>0x6bd6</run_address>
         <size>0x1da</size>
         <input_file_ref idref="fl-9"/>
      </object_component>
      <object_component id="oc-22c">
         <name>.debug_info</name>
         <load_address>0x6db0</load_address>
         <run_address>0x6db0</run_address>
         <size>0x1d2</size>
         <input_file_ref idref="fl-9"/>
      </object_component>
      <object_component id="oc-fd">
         <name>.debug_info</name>
         <load_address>0x6f82</load_address>
         <run_address>0x6f82</run_address>
         <size>0x205</size>
         <input_file_ref idref="fl-9"/>
      </object_component>
      <object_component id="oc-1a3">
         <name>.debug_info</name>
         <load_address>0x7187</load_address>
         <run_address>0x7187</run_address>
         <size>0x110</size>
         <input_file_ref idref="fl-9"/>
      </object_component>
      <object_component id="oc-236">
         <name>.debug_info</name>
         <load_address>0x7297</load_address>
         <run_address>0x7297</run_address>
         <size>0x783</size>
         <input_file_ref idref="fl-a"/>
      </object_component>
      <object_component id="oc-326">
         <name>.debug_info</name>
         <load_address>0x7a1a</load_address>
         <run_address>0x7a1a</run_address>
         <size>0x2a7</size>
         <input_file_ref idref="fl-a"/>
      </object_component>
      <object_component id="oc-46f">
         <name>.debug_info</name>
         <load_address>0x7cc1</load_address>
         <run_address>0x7cc1</run_address>
         <size>0x227</size>
         <input_file_ref idref="fl-a"/>
      </object_component>
      <object_component id="oc-47c">
         <name>.debug_info</name>
         <load_address>0x7ee8</load_address>
         <run_address>0x7ee8</run_address>
         <size>0x224</size>
         <input_file_ref idref="fl-a"/>
      </object_component>
      <object_component id="oc-386">
         <name>.debug_info</name>
         <load_address>0x810c</load_address>
         <run_address>0x810c</run_address>
         <size>0x550</size>
         <input_file_ref idref="fl-a"/>
      </object_component>
      <object_component id="oc-32c">
         <name>.debug_info</name>
         <load_address>0x865c</load_address>
         <run_address>0x865c</run_address>
         <size>0x225</size>
         <input_file_ref idref="fl-a"/>
      </object_component>
      <object_component id="oc-338">
         <name>.debug_info</name>
         <load_address>0x8881</load_address>
         <run_address>0x8881</run_address>
         <size>0x28d</size>
         <input_file_ref idref="fl-a"/>
      </object_component>
      <object_component id="oc-231">
         <name>.debug_info</name>
         <load_address>0x8b0e</load_address>
         <run_address>0x8b0e</run_address>
         <size>0x4c0</size>
         <input_file_ref idref="fl-a"/>
      </object_component>
      <object_component id="oc-35b">
         <name>.debug_info</name>
         <load_address>0x8fce</load_address>
         <run_address>0x8fce</run_address>
         <size>0x2ab</size>
         <input_file_ref idref="fl-a"/>
      </object_component>
      <object_component id="oc-24b">
         <name>.debug_info</name>
         <load_address>0x9279</load_address>
         <run_address>0x9279</run_address>
         <size>0x309</size>
         <input_file_ref idref="fl-a"/>
      </object_component>
      <object_component id="oc-13d">
         <name>.debug_info</name>
         <load_address>0x9582</load_address>
         <run_address>0x9582</run_address>
         <size>0x268</size>
         <input_file_ref idref="fl-a"/>
      </object_component>
      <object_component id="oc-345">
         <name>.debug_info</name>
         <load_address>0x97ea</load_address>
         <run_address>0x97ea</run_address>
         <size>0x1cd</size>
         <input_file_ref idref="fl-a"/>
      </object_component>
      <object_component id="oc-1bc">
         <name>.debug_info</name>
         <load_address>0x99b7</load_address>
         <run_address>0x99b7</run_address>
         <size>0x35</size>
         <input_file_ref idref="fl-a"/>
      </object_component>
      <object_component id="oc-e3">
         <name>.debug_info</name>
         <load_address>0x99ec</load_address>
         <run_address>0x99ec</run_address>
         <size>0x76a</size>
         <input_file_ref idref="fl-b"/>
      </object_component>
      <object_component id="oc-8f">
         <name>.debug_info</name>
         <load_address>0xa156</load_address>
         <run_address>0xa156</run_address>
         <size>0x310</size>
         <input_file_ref idref="fl-b"/>
      </object_component>
      <object_component id="oc-f3">
         <name>.debug_info</name>
         <load_address>0xa466</load_address>
         <run_address>0xa466</run_address>
         <size>0x10c</size>
         <input_file_ref idref="fl-b"/>
      </object_component>
      <object_component id="oc-464">
         <name>.debug_info</name>
         <load_address>0xa572</load_address>
         <run_address>0xa572</run_address>
         <size>0x10c</size>
         <input_file_ref idref="fl-b"/>
      </object_component>
      <object_component id="oc-467">
         <name>.debug_info</name>
         <load_address>0xa67e</load_address>
         <run_address>0xa67e</run_address>
         <size>0x10c</size>
         <input_file_ref idref="fl-b"/>
      </object_component>
      <object_component id="oc-109">
         <name>.debug_info</name>
         <load_address>0xa78a</load_address>
         <run_address>0xa78a</run_address>
         <size>0x14e</size>
         <input_file_ref idref="fl-b"/>
      </object_component>
      <object_component id="oc-412">
         <name>.debug_info</name>
         <load_address>0xa8d8</load_address>
         <run_address>0xa8d8</run_address>
         <size>0x10c</size>
         <input_file_ref idref="fl-b"/>
      </object_component>
      <object_component id="oc-46a">
         <name>.debug_info</name>
         <load_address>0xa9e4</load_address>
         <run_address>0xa9e4</run_address>
         <size>0x11a</size>
         <input_file_ref idref="fl-b"/>
      </object_component>
      <object_component id="oc-43b">
         <name>.debug_info</name>
         <load_address>0xaafe</load_address>
         <run_address>0xaafe</run_address>
         <size>0x10e</size>
         <input_file_ref idref="fl-b"/>
      </object_component>
      <object_component id="oc-f7">
         <name>.debug_info</name>
         <load_address>0xac0c</load_address>
         <run_address>0xac0c</run_address>
         <size>0x1d8</size>
         <input_file_ref idref="fl-b"/>
      </object_component>
      <object_component id="oc-9c">
         <name>.debug_info</name>
         <load_address>0xade4</load_address>
         <run_address>0xade4</run_address>
         <size>0x2a8</size>
         <input_file_ref idref="fl-b"/>
      </object_component>
      <object_component id="oc-2fb">
         <name>.debug_info</name>
         <load_address>0xb08c</load_address>
         <run_address>0xb08c</run_address>
         <size>0x270</size>
         <input_file_ref idref="fl-b"/>
      </object_component>
      <object_component id="oc-33d">
         <name>.debug_info</name>
         <load_address>0xb2fc</load_address>
         <run_address>0xb2fc</run_address>
         <size>0x279</size>
         <input_file_ref idref="fl-b"/>
      </object_component>
      <object_component id="oc-43f">
         <name>.debug_info</name>
         <load_address>0xb575</load_address>
         <run_address>0xb575</run_address>
         <size>0x25a</size>
         <input_file_ref idref="fl-b"/>
      </object_component>
      <object_component id="oc-435">
         <name>.debug_info</name>
         <load_address>0xb7cf</load_address>
         <run_address>0xb7cf</run_address>
         <size>0x233</size>
         <input_file_ref idref="fl-b"/>
      </object_component>
      <object_component id="oc-37f">
         <name>.debug_info</name>
         <load_address>0xba02</load_address>
         <run_address>0xba02</run_address>
         <size>0x1cb</size>
         <input_file_ref idref="fl-b"/>
      </object_component>
      <object_component id="oc-362">
         <name>.debug_info</name>
         <load_address>0xbbcd</load_address>
         <run_address>0xbbcd</run_address>
         <size>0x2be</size>
         <input_file_ref idref="fl-b"/>
      </object_component>
      <object_component id="oc-368">
         <name>.debug_info</name>
         <load_address>0xbe8b</load_address>
         <run_address>0xbe8b</run_address>
         <size>0x2ba</size>
         <input_file_ref idref="fl-b"/>
      </object_component>
      <object_component id="oc-374">
         <name>.debug_info</name>
         <load_address>0xc145</load_address>
         <run_address>0xc145</run_address>
         <size>0x23f</size>
         <input_file_ref idref="fl-b"/>
      </object_component>
      <object_component id="oc-251">
         <name>.debug_info</name>
         <load_address>0xc384</load_address>
         <run_address>0xc384</run_address>
         <size>0x475</size>
         <input_file_ref idref="fl-b"/>
      </object_component>
      <object_component id="oc-30d">
         <name>.debug_info</name>
         <load_address>0xc7f9</load_address>
         <run_address>0xc7f9</run_address>
         <size>0x1ee</size>
         <input_file_ref idref="fl-b"/>
      </object_component>
      <object_component id="oc-31f">
         <name>.debug_info</name>
         <load_address>0xc9e7</load_address>
         <run_address>0xc9e7</run_address>
         <size>0x2c2</size>
         <input_file_ref idref="fl-b"/>
      </object_component>
      <object_component id="oc-95">
         <name>.debug_info</name>
         <load_address>0xcca9</load_address>
         <run_address>0xcca9</run_address>
         <size>0x239</size>
         <input_file_ref idref="fl-b"/>
      </object_component>
      <object_component id="oc-2ef">
         <name>.debug_info</name>
         <load_address>0xcee2</load_address>
         <run_address>0xcee2</run_address>
         <size>0x1ae</size>
         <input_file_ref idref="fl-b"/>
      </object_component>
      <object_component id="oc-154">
         <name>.debug_info</name>
         <load_address>0xd090</load_address>
         <run_address>0xd090</run_address>
         <size>0x1e9</size>
         <input_file_ref idref="fl-b"/>
      </object_component>
      <object_component id="oc-475">
         <name>.debug_info</name>
         <load_address>0xd279</load_address>
         <run_address>0xd279</run_address>
         <size>0x23f</size>
         <input_file_ref idref="fl-b"/>
      </object_component>
      <object_component id="oc-331">
         <name>.debug_info</name>
         <load_address>0xd4b8</load_address>
         <run_address>0xd4b8</run_address>
         <size>0x29f</size>
         <input_file_ref idref="fl-b"/>
      </object_component>
      <object_component id="oc-427">
         <name>.debug_info</name>
         <load_address>0xd757</load_address>
         <run_address>0xd757</run_address>
         <size>0x1b0</size>
         <input_file_ref idref="fl-b"/>
      </object_component>
      <object_component id="oc-38b">
         <name>.debug_info</name>
         <load_address>0xd907</load_address>
         <run_address>0xd907</run_address>
         <size>0x31c</size>
         <input_file_ref idref="fl-b"/>
      </object_component>
      <object_component id="oc-481">
         <name>.debug_info</name>
         <load_address>0xdc23</load_address>
         <run_address>0xdc23</run_address>
         <size>0x1ce</size>
         <input_file_ref idref="fl-b"/>
      </object_component>
      <object_component id="oc-4b9">
         <name>.debug_info</name>
         <load_address>0xddf1</load_address>
         <run_address>0xddf1</run_address>
         <size>0x1ed</size>
         <input_file_ref idref="fl-b"/>
      </object_component>
      <object_component id="oc-3c2">
         <name>.debug_info</name>
         <load_address>0xdfde</load_address>
         <run_address>0xdfde</run_address>
         <size>0x283</size>
         <input_file_ref idref="fl-b"/>
      </object_component>
      <object_component id="oc-27f">
         <name>.debug_info</name>
         <load_address>0xe261</load_address>
         <run_address>0xe261</run_address>
         <size>0x1e6</size>
         <input_file_ref idref="fl-b"/>
      </object_component>
      <object_component id="oc-1a8">
         <name>.debug_info</name>
         <load_address>0xe447</load_address>
         <run_address>0xe447</run_address>
         <size>0x169</size>
         <input_file_ref idref="fl-b"/>
      </object_component>
      <object_component id="oc-1b7">
         <name>.debug_info</name>
         <load_address>0xe5b0</load_address>
         <run_address>0xe5b0</run_address>
         <size>0x46</size>
         <input_file_ref idref="fl-b"/>
      </object_component>
      <object_component id="oc-eb">
         <name>.debug_info</name>
         <load_address>0xe5f6</load_address>
         <run_address>0xe5f6</run_address>
         <size>0x3cc</size>
         <input_file_ref idref="fl-c"/>
      </object_component>
      <object_component id="oc-92">
         <name>.debug_info</name>
         <load_address>0xe9c2</load_address>
         <run_address>0xe9c2</run_address>
         <size>0x13a</size>
         <input_file_ref idref="fl-c"/>
      </object_component>
      <object_component id="oc-3be">
         <name>.debug_info</name>
         <load_address>0xeafc</load_address>
         <run_address>0xeafc</run_address>
         <size>0x121</size>
         <input_file_ref idref="fl-c"/>
      </object_component>
      <object_component id="oc-45">
         <name>.debug_info</name>
         <load_address>0xec1d</load_address>
         <run_address>0xec1d</run_address>
         <size>0x20e</size>
         <input_file_ref idref="fl-c"/>
      </object_component>
      <object_component id="oc-3b8">
         <name>.debug_info</name>
         <load_address>0xee2b</load_address>
         <run_address>0xee2b</run_address>
         <size>0x1ff</size>
         <input_file_ref idref="fl-c"/>
      </object_component>
      <object_component id="oc-279">
         <name>.debug_info</name>
         <load_address>0xf02a</load_address>
         <run_address>0xf02a</run_address>
         <size>0x247</size>
         <input_file_ref idref="fl-c"/>
      </object_component>
      <object_component id="oc-313">
         <name>.debug_info</name>
         <load_address>0xf271</load_address>
         <run_address>0xf271</run_address>
         <size>0x1f1</size>
         <input_file_ref idref="fl-c"/>
      </object_component>
      <object_component id="oc-319">
         <name>.debug_info</name>
         <load_address>0xf462</load_address>
         <run_address>0xf462</run_address>
         <size>0x1f3</size>
         <input_file_ref idref="fl-c"/>
      </object_component>
      <object_component id="oc-36e">
         <name>.debug_info</name>
         <load_address>0xf655</load_address>
         <run_address>0xf655</run_address>
         <size>0x2a8</size>
         <input_file_ref idref="fl-c"/>
      </object_component>
      <object_component id="oc-45d">
         <name>.debug_info</name>
         <load_address>0xf8fd</load_address>
         <run_address>0xf8fd</run_address>
         <size>0x1e1</size>
         <input_file_ref idref="fl-c"/>
      </object_component>
      <object_component id="oc-42">
         <name>.debug_info</name>
         <load_address>0xfade</load_address>
         <run_address>0xfade</run_address>
         <size>0x26f</size>
         <input_file_ref idref="fl-d"/>
      </object_component>
      <object_component id="oc-30a">
         <name>.debug_info</name>
         <load_address>0xfd4d</load_address>
         <run_address>0xfd4d</run_address>
         <size>0x395</size>
         <input_file_ref idref="fl-e"/>
      </object_component>
      <object_component id="oc-40e">
         <name>.debug_info</name>
         <load_address>0x100e2</load_address>
         <run_address>0x100e2</run_address>
         <size>0x108</size>
         <input_file_ref idref="fl-e"/>
      </object_component>
      <object_component id="oc-304">
         <name>.debug_info</name>
         <load_address>0x101ea</load_address>
         <run_address>0x101ea</run_address>
         <size>0x108</size>
         <input_file_ref idref="fl-e"/>
      </object_component>
      <object_component id="oc-307">
         <name>.debug_info</name>
         <load_address>0x102f2</load_address>
         <run_address>0x102f2</run_address>
         <size>0x104</size>
         <input_file_ref idref="fl-e"/>
      </object_component>
      <object_component id="oc-301">
         <name>.debug_info</name>
         <load_address>0x103f6</load_address>
         <run_address>0x103f6</run_address>
         <size>0x122</size>
         <input_file_ref idref="fl-e"/>
      </object_component>
      <object_component id="oc-450">
         <name>.debug_info</name>
         <load_address>0x10518</load_address>
         <run_address>0x10518</run_address>
         <size>0x26a</size>
         <input_file_ref idref="fl-e"/>
      </object_component>
      <object_component id="oc-2f5">
         <name>.debug_info</name>
         <load_address>0x10782</load_address>
         <run_address>0x10782</run_address>
         <size>0x1db</size>
         <input_file_ref idref="fl-e"/>
      </object_component>
      <object_component id="oc-224">
         <name>.debug_info</name>
         <load_address>0x1095d</load_address>
         <run_address>0x1095d</run_address>
         <size>0x34d</size>
         <input_file_ref idref="fl-e"/>
      </object_component>
      <object_component id="oc-419">
         <name>.debug_info</name>
         <load_address>0x10caa</load_address>
         <run_address>0x10caa</run_address>
         <size>0x62</size>
         <input_file_ref idref="fl-e"/>
      </object_component>
      <object_component id="oc-21d">
         <name>.debug_info</name>
         <load_address>0x10d0c</load_address>
         <run_address>0x10d0c</run_address>
         <size>0x2ab</size>
         <input_file_ref idref="fl-f"/>
      </object_component>
      <object_component id="oc-2b7">
         <name>.debug_info</name>
         <load_address>0x10fb7</load_address>
         <run_address>0x10fb7</run_address>
         <size>0xec</size>
         <input_file_ref idref="fl-f"/>
      </object_component>
      <object_component id="oc-2b4">
         <name>.debug_info</name>
         <load_address>0x110a3</load_address>
         <run_address>0x110a3</run_address>
         <size>0xf4</size>
         <input_file_ref idref="fl-f"/>
      </object_component>
      <object_component id="oc-2b1">
         <name>.debug_info</name>
         <load_address>0x11197</load_address>
         <run_address>0x11197</run_address>
         <size>0xf8</size>
         <input_file_ref idref="fl-f"/>
      </object_component>
      <object_component id="oc-2e1">
         <name>.debug_info</name>
         <load_address>0x1128f</load_address>
         <run_address>0x1128f</run_address>
         <size>0x1e3</size>
         <input_file_ref idref="fl-f"/>
      </object_component>
      <object_component id="oc-217">
         <name>.debug_info</name>
         <load_address>0x11472</load_address>
         <run_address>0x11472</run_address>
         <size>0x315</size>
         <input_file_ref idref="fl-f"/>
      </object_component>
      <object_component id="oc-136">
         <name>.debug_info</name>
         <load_address>0x11787</load_address>
         <run_address>0x11787</run_address>
         <size>0x1b0</size>
         <input_file_ref idref="fl-f"/>
      </object_component>
      <object_component id="oc-2b9">
         <name>.debug_info</name>
         <load_address>0x11937</load_address>
         <run_address>0x11937</run_address>
         <size>0x22e</size>
         <input_file_ref idref="fl-f"/>
      </object_component>
      <object_component id="oc-1e5">
         <name>.debug_info</name>
         <load_address>0x11b65</load_address>
         <run_address>0x11b65</run_address>
         <size>0x246</size>
         <input_file_ref idref="fl-f"/>
      </object_component>
      <object_component id="oc-59">
         <name>.debug_info</name>
         <load_address>0x11dab</load_address>
         <run_address>0x11dab</run_address>
         <size>0x119</size>
         <input_file_ref idref="fl-cc"/>
      </object_component>
      <object_component id="oc-c4">
         <name>.debug_info</name>
         <load_address>0x11ec4</load_address>
[...]
      </symbol>
      <symbol id="sm-3">
         <name>__stop___llvm_prf_cnts</name>
         <value>0x20000000</value>
      </symbol>
      <symbol id="sm-4">
         <name>__TI_CINIT_Base</name>
         <value>0x2d90</value>
      </symbol>
      <symbol id="sm-5">
         <name>__TI_CINIT_Limit</name>
         <value>0x2da0</value>
      </symbol>
      <symbol id="sm-6">
         <name>__TI_Handler_Table_Base</name>
         <value>0x2d7c</value>
      </symbol>
      <symbol id="sm-7">
         <name>__TI_Handler_Table_Limit</name>
         <value>0x2d88</value>
      </symbol>
      <symbol id="sm-8">
         <name>binit</name>
         <value>0xffffffff</value>
      </symbol>
      <symbol id="sm-9">
         <name>__binit__</name>
         <value>0xffffffff</value>
      </symbol>
      <symbol id="sm-a">
         <name>__STACK_SIZE</name>
         <value>0x200</value>
      </symbol>
      <symbol id="sm-b">
         <name>__STACK_END</name>
         <value>0x20007908</value>
      </symbol>
      <symbol id="sm-c">
         <name>__c_args__</name>
         <value>0xffffffff</value>
      </symbol>
      <symbol id="sm-d">
         <name>__TI_pprof_out_hndl</name>
         <value>0xffffffff</value>
      </symbol>
      <symbol id="sm-e">
         <name>__TI_prof_data_start</name>
         <value>0xffffffff</value>
      </symbol>
      <symbol id="sm-f">
         <name>__TI_prof_data_size</name>
         <value>0xffffffff</value>
      </symbol>
      <symbol id="sm-97">
         <name>g_pLEDQueue</name>
         <value>0x200076fc</value>
      </symbol>
      <symbol id="sm-98">
         <name>LEDTaskInit</name>
         <value>0x1725</value>
         <object_component_ref idref="oc-141"/>
      </symbol>
      <symbol id="sm-fc">
         <name>g_pUARTSemaphore</name>
         <value>0x20007700</value>
      </symbol>
      <symbol id="sm-fd">
         <name>g_pI2CSemaphore</name>
         <value>0x200076f8</value>
      </symbol>
      <symbol id="sm-fe">
         <name>temperatureRaw</name>
         <value>0x20007944</value>
         <object_component_ref idref="oc-4ad"/>
      </symbol>
      <symbol id="sm-ff">
         <name>vApplicationStackOverflowHook</name>
         <value>0x20a7</value>
         <object_component_ref idref="oc-ec"/>
      </symbol>
      <symbol id="sm-100">
         <name>pressureTempRaw</name>
         <value>0x20007940</value>
         <object_component_ref idref="oc-4ad"/>
      </symbol>
      <symbol id="sm-101">
         <name>ConfigureI2C</name>
         <value>0x1f4d</value>
         <object_component_ref idref="oc-12f"/>
      </symbol>
      <symbol id="sm-102">
         <name>main</name>
         <value>0x1959</value>
         <object_component_ref idref="oc-cf"/>
      </symbol>
      <symbol id="sm-103">
         <name>ConfigureUART</name>
         <value>0x1dd9</value>
         <object_component_ref idref="oc-123"/>
      </symbol>
      <symbol id="sm-104">
         <name>pressureStatus</name>
         <value>0x20007938</value>
         <object_component_ref idref="oc-4ad"/>
      </symbol>
      <symbol id="sm-105">
         <name>pressureRaw</name>
         <value>0x2000793c</value>
         <object_component_ref idref="oc-4ad"/>
      </symbol>
      <symbol id="sm-106">
         <name>ConfigureADC</name>
         <value>0x881</value>
         <object_component_ref idref="oc-129"/>
      </symbol>
      <symbol id="sm-107">
         <name>ammeterRaw</name>
         <value>0x20007948</value>
         <object_component_ref idref="oc-4ad"/>
      </symbol>
      <symbol id="sm-169">
         <name>PSReadRegisters</name>
         <value>0x26d</value>
         <object_component_ref idref="oc-3a3"/>
      </symbol>
      <symbol id="sm-16a">
         <name>AmmeterReadRegisters</name>
         <value>0xb29</value>
         <object_component_ref idref="oc-3af"/>
      </symbol>
      <symbol id="sm-16b">
         <name>MeasurementTaskInit</name>
         <value>0x21e1</value>
         <object_component_ref idref="oc-14d"/>
      </symbol>
      <symbol id="sm-16c">
         <name>TSReadADC</name>
         <value>0x6bd</value>
         <object_component_ref idref="oc-3a9"/>
      </symbol>
      <symbol id="sm-19d">
         <name>ResetISR</name>
         <value>0x2c1f</value>
         <object_component_ref idref="oc-27"/>
      </symbol>
      <symbol id="sm-19e">
         <name>g_pfnVectors</name>
         <value>0x0</value>
         <object_component_ref idref="oc-12"/>
      </symbol>
      <symbol id="sm-1c7">
         <name>SwitchTaskInit</name>
         <value>0x2661</value>
         <object_component_ref idref="oc-147"/>
      </symbol>
      <symbol id="sm-1f5">
         <name>ButtonsInit</name>
         <value>0x20a9</value>
         <object_component_ref idref="oc-264"/>
      </symbol>
      <symbol id="sm-1f6">
         <name>ButtonsPoll</name>
         <value>0x1c49</value>
         <object_component_ref idref="oc-39e"/>
      </symbol>
      <symbol id="sm-24c">
         <name>RGBDisable</name>
         <value>0x2111</value>
         <object_component_ref idref="oc-390"/>
      </symbol>
      <symbol id="sm-24d">
         <name>RGBIntensitySet</name>
         <value>0x2b49</value>
         <object_component_ref idref="oc-23e"/>
      </symbol>
      <symbol id="sm-24e">
         <name>RGBEnable</name>
         <value>0x17ed</value>
         <object_component_ref idref="oc-34a"/>
      </symbol>
      <symbol id="sm-24f">
         <name>RGBInit</name>
         <value>0xf8d</value>
         <object_component_ref idref="oc-238"/>
      </symbol>
      <symbol id="sm-250">
         <name>RGBColorSet</name>
         <value>0x1a9d</value>
         <object_component_ref idref="oc-244"/>
      </symbol>
      <symbol id="sm-285">
         <name>uxListRemove</name>
         <value>0x2a2f</value>
         <object_component_ref idref="oc-fc"/>
      </symbol>
      <symbol id="sm-286">
         <name>vListInsert</name>
         <value>0x286f</value>
         <object_component_ref idref="oc-42e"/>
      </symbol>
      <symbol id="sm-287">
         <name>vListInitialiseItem</name>
         <value>0x2c31</value>
         <object_component_ref idref="oc-455"/>
      </symbol>
      <symbol id="sm-288">
         <name>vListInsertEnd</name>
         <value>0x2ad5</value>
         <object_component_ref idref="oc-102"/>
      </symbol>
      <symbol id="sm-289">
         <name>vListInitialise</name>
         <value>0x2b33</value>
         <object_component_ref idref="oc-229"/>
      </symbol>
      <symbol id="sm-31e">
         <name>xQueueGenericCreate</name>
         <value>0x27f9</value>
         <object_component_ref idref="oc-24a"/>
      </symbol>
      <symbol id="sm-31f">
         <name>xQueueCreateMutex</name>
         <value>0x2531</value>
         <object_component_ref idref="oc-13b"/>
      </symbol>
      <symbol id="sm-320">
         <name>xQueueGenericSend</name>
         <value>0x1485</value>
         <object_component_ref idref="oc-22f"/>
      </symbol>
      <symbol id="sm-321">
         <name>xQueueGenericReset</name>
         <value>0x1d55</value>
         <object_component_ref idref="oc-35a"/>
      </symbol>
      <symbol id="sm-322">
         <name>xQueueGenericReceive</name>
         <value>0xd65</value>
         <object_component_ref idref="oc-384"/>
      </symbol>
      <symbol id="sm-4e6">
         <name>vTaskSuspendAll</name>
         <value>0x2bb9</value>
         <object_component_ref idref="oc-2ee"/>
      </symbol>
      <symbol id="sm-4e7">
         <name>vTaskPriorityInherit</name>
         <value>0x1b2d</value>
         <object_component_ref idref="oc-474"/>
      </symbol>
      <symbol id="sm-4e8">
         <name>vTaskPlaceOnEventList</name>
         <value>0x2245</value>
         <object_component_ref idref="oc-330"/>
      </symbol>
      <symbol id="sm-4e9">
         <name>xTaskCheckForTimeOut</name>
         <value>0x24dd</value>
         <object_component_ref idref="oc-31e"/>
      </symbol>
      <symbol id="sm-4ea">
         <name>xTaskPriorityDisinherit</name>
         <value>0x1ed5</value>
         <object_component_ref idref="oc-43e"/>
      </symbol>
      <symbol id="sm-4eb">
         <name>vTaskStartScheduler</name>
         <value>0x23cd</value>
         <object_component_ref idref="oc-153"/>
      </symbol>
      <symbol id="sm-4ec">
         <name>pvTaskIncrementMutexHeldCount</name>
         <value>0x2abd</value>
         <object_component_ref idref="oc-480"/>
      </symbol>
      <symbol id="sm-4ed">
         <name>vTaskDelayUntil</name>
         <value>0x1cd1</value>
         <object_component_ref idref="oc-38a"/>
      </symbol>
      <symbol id="sm-4ee">
         <name>vTaskMissedYield</name>
         <value>0x2be5</value>
         <object_component_ref idref="oc-426"/>
      </symbol>
      <symbol id="sm-4ef">
         <name>xTaskResumeAll</name>
         <value>0x156d</value>
         <object_component_ref idref="oc-2fa"/>
      </symbol>
      <symbol id="sm-4f0">
         <name>xTaskGetTickCount</name>
         <value>0x2bf1</value>
         <object_component_ref idref="oc-37e"/>
      </symbol>
      <symbol id="sm-4f1">
         <name>xTaskGenericCreate</name>
         <value>0x1195</value>
         <object_component_ref idref="oc-250"/>
      </symbol>
      <symbol id="sm-4f2">
         <name>pxCurrentTCB</name>
         <value>0x20007908</value>
         <object_component_ref idref="oc-8e"/>
      </symbol>
      <symbol id="sm-4f3">
         <name>vTaskSetTimeOutState</name>
         <value>0x2b05</value>
         <object_component_ref idref="oc-30c"/>
      </symbol>
      <symbol id="sm-4f4">
         <name>xTaskIncrementTick</name>
         <value>0x1091</value>
         <object_component_ref idref="oc-9b"/>
      </symbol>
      <symbol id="sm-4f5">
         <name>vTaskSwitchContext</name>
         <value>0x1bbd</value>
         <object_component_ref idref="oc-94"/>
      </symbol>
      <symbol id="sm-4f6">
         <name>xTaskRemoveFromEventList</name>
         <value>0x1fc1</value>
         <object_component_ref idref="oc-33c"/>
      </symbol>
      <symbol id="sm-550">
         <name>ulMaxSyscallInterruptPriority</name>
         <value>0x2d5c</value>
         <object_component_ref idref="oc-91"/>
      </symbol>
      <symbol id="sm-551">
         <name>vPortSetupTimerInterrupt</name>
         <value>0x2b5d</value>
         <object_component_ref idref="oc-3b7"/>
      </symbol>
      <symbol id="sm-552">
         <name>xPortSysTickHandler</name>
         <value>0x2941</value>
         <object_component_ref idref="oc-44"/>
      </symbol>
      <symbol id="sm-553">
         <name>pxPortInitialiseStack</name>
         <value>0x29c1</value>
         <object_component_ref idref="oc-36d"/>
      </symbol>
      <symbol id="sm-554">
         <name>vPortExitCritical</name>
         <value>0x2aed</value>
         <object_component_ref idref="oc-312"/>
      </symbol>
      <symbol id="sm-555">
         <name>xPortStartScheduler</name>
         <value>0x27b9</value>
         <object_component_ref idref="oc-278"/>
      </symbol>
      <symbol id="sm-556">
         <name>vPortEnterCritical</name>
         <value>0x2a6d</value>
         <object_component_ref idref="oc-318"/>
      </symbol>
      <symbol id="sm-565">
         <name>vPortStartFirstTask</name>
         <value>0x16f9</value>
         <object_component_ref idref="oc-3f"/>
      </symbol>
      <symbol id="sm-566">
         <name>ulPortGetIPSR</name>
         <value>0x1661</value>
         <object_component_ref idref="oc-3f"/>
      </symbol>
      <symbol id="sm-567">
         <name>vPortEnableVFP</name>
         <value>0x1715</value>
         <object_component_ref idref="oc-3f"/>
      </symbol>
      <symbol id="sm-568">
         <name>xPortPendSVHandler</name>
         <value>0x1679</value>
         <object_component_ref idref="oc-3f"/>
      </symbol>
      <symbol id="sm-569">
         <name>vPortSVCHandler</name>
         <value>0x16d9</value>
         <object_component_ref idref="oc-3f"/>
      </symbol>
      <symbol id="sm-5be">
         <name>pvPortMalloc</name>
         <value>0x18ad</value>
         <object_component_ref idref="oc-223"/>
      </symbol>
      <symbol id="sm-5bf">
         <name>vPortFree</name>
         <value>0x2735</value>
         <object_component_ref idref="oc-44e"/>
      </symbol>
      <symbol id="sm-62d">
         <name>UARTStdioConfig</name>
         <value>0x230d</value>
         <object_component_ref idref="oc-1e3"/>
      </symbol>
      <symbol id="sm-62e">
         <name>UARTwrite</name>
         <value>0x26a9</value>
         <object_component_ref idref="oc-2e0"/>
      </symbol>
      <symbol id="sm-62f">
         <name>UARTprintf</name>
         <value>0x2a89</value>
         <object_component_ref idref="oc-135"/>
      </symbol>
      <symbol id="sm-630">
         <name>UARTvprintf</name>
         <value>0x4cd</value>
         <object_component_ref idref="oc-216"/>
      </symbol>
      <symbol id="sm-64d">
         <name>memcpy</name>
         <value>0x1a01</value>
         <object_component_ref idref="oc-58"/>
      </symbol>
      <symbol id="sm-64e">
         <name>__aeabi_memcpy</name>
         <value>0x1a01</value>
         <object_component_ref idref="oc-58"/>
      </symbol>
      <symbol id="sm-64f">
         <name>__aeabi_memcpy8</name>
         <value>0x1a01</value>
         <object_component_ref idref="oc-58"/>
      </symbol>
      <symbol id="sm-650">
         <name>__aeabi_memcpy4</name>
         <value>0x1a01</value>
         <object_component_ref idref="oc-58"/>
      </symbol>
      <symbol id="sm-65f">
         <name>__aeabi_memset</name>
         <value>0x1e5b</value>
         <object_component_ref idref="oc-c3"/>
      </symbol>
      <symbol id="sm-660">
         <name>memset</name>
         <value>0x1e61</value>
         <object_component_ref idref="oc-c3"/>
      </symbol>
      <symbol id="sm-661">
         <name>__aeabi_memset8</name>
         <value>0x1e5b</value>
         <object_component_ref idref="oc-c3"/>
      </symbol>
      <symbol id="sm-662">
         <name>__aeabi_memset4</name>
         <value>0x1e5b</value>
         <object_component_ref idref="oc-c3"/>
      </symbol>
      <symbol id="sm-663">
         <name>__aeabi_memclr8</name>
         <value>0x1e59</value>
         <object_component_ref idref="oc-c3"/>
      </symbol>
      <symbol id="sm-664">
         <name>__aeabi_memclr4</name>
         <value>0x1e59</value>
         <object_component_ref idref="oc-c3"/>
      </symbol>
      <symbol id="sm-665">
         <name>__aeabi_memclr</name>
         <value>0x1e59</value>
         <object_component_ref idref="oc-c3"/>
      </symbol>
      <symbol id="sm-674">
         <name>__aeabi_uidivmod</name>
         <value>0x2779</value>
         <object_component_ref idref="oc-2e6"/>
      </symbol>
      <symbol id="sm-675">
         <name>__aeabi_uidiv</name>
         <value>0x2779</value>
         <object_component_ref idref="oc-2e6"/>
      </symbol>
      <symbol id="sm-68c">
         <name>__TI_zero_init</name>
         <value>0x2bd7</value>
         <object_component_ref idref="oc-6a"/>
      </symbol>
      <symbol id="sm-6a3">
         <name>__TI_decompress_none</name>
         <value>0x2bc9</value>
         <object_component_ref idref="oc-1b"/>
      </symbol>
      <symbol id="sm-6c6">
         <name>__TI_decompress_lzss</name>
         <value>0x2179</value>
         <object_component_ref idref="oc-15"/>
      </symbol>
      <symbol id="sm-6d9">
         <name>__stack</name>
         <value>0x20007708</value>
         <object_component_ref idref="oc-24"/>
      </symbol>
      <symbol id="sm-6da">
         <name>_c_int00_noargs</name>
         <value>0x28dd</value>
         <object_component_ref idref="oc-76"/>
      </symbol>
      <symbol id="sm-6e4">
         <name>__aeabi_idiv0</name>
         <value>0x1ed3</value>
         <object_component_ref idref="oc-406"/>
      </symbol>
      <symbol id="sm-6e5">
         <name>__aeabi_ldiv0</name>
         <value>0x1ed3</value>
         <object_component_ref idref="oc-406"/>
      </symbol>
      <symbol id="sm-70d">
         <name>__TI_auto_init_nobinit_nopinit</name>
         <value>0x26f1</value>
         <object_component_ref idref="oc-16f"/>
      </symbol>
      <symbol id="sm-717">
         <name>_system_pre_init</name>
         <value>0x2c3f</value>
         <object_component_ref idref="oc-c9"/>
      </symbol>
      <symbol id="sm-723">
         <name>C$$EXIT</name>
         <value>0x2c43</value>
         <object_component_ref idref="oc-163"/>
      </symbol>
      <symbol id="sm-724">
         <name>abort</name>
         <value>0x2c43</value>
         <object_component_ref idref="oc-163"/>
      </symbol>
      <symbol id="sm-765">
         <name>GPIOPinConfigure</name>
         <value>0x2619</value>
         <object_component_ref idref="oc-1f7"/>
      </symbol>
      <symbol id="sm-766">
         <name>GPIOPinTypeI2CSCL</name>
         <value>0x2b83</value>
         <object_component_ref idref="oc-1fd"/>
      </symbol>
      <symbol id="sm-767">
         <name>GPIOPinTypeI2C</name>
         <value>0x2b71</value>
         <object_component_ref idref="oc-203"/>
      </symbol>
      <symbol id="sm-768">
         <name>GPIODirModeSet</name>
         <value>0x296d</value>
         <object_component_ref idref="oc-2c6"/>
      </symbol>
      <symbol id="sm-769">
         <name>GPIOPadConfigSet</name>
         <value>0x9f5</value>
         <object_component_ref idref="oc-2cc"/>
      </symbol>
      <symbol id="sm-7ac">
         <name>I2CMasterInitExpClk</name>
         <value>0x2581</value>
         <object_component_ref idref="oc-20f"/>
      </symbol>
      <symbol id="sm-7ad">
         <name>I2CMasterSlaveAddrSet</name>
         <value>0x2c0f</value>
         <object_component_ref idref="oc-48f"/>
      </symbol>
      <symbol id="sm-7ae">
         <name>I2CMasterDataGet</name>
         <value>0x2c3b</value>
         <object_component_ref idref="oc-4a7"/>
      </symbol>
      <symbol id="sm-7af">
         <name>I2CMasterErr</name>
         <value>0x2b1d</value>
         <object_component_ref idref="oc-4a1"/>
      </symbol>
      <symbol id="sm-7b0">
         <name>I2CMasterControl</name>
         <value>0x2c37</value>
         <object_component_ref idref="oc-495"/>
      </symbol>
      <symbol id="sm-7b1">
         <name>I2CMasterBusy</name>
         <value>0x2c07</value>
         <object_component_ref idref="oc-49b"/>
      </symbol>
      <symbol id="sm-7b2">
         <name>I2CMasterEnable</name>
         <value>0x2bfd</value>
         <object_component_ref idref="oc-2d8"/>
      </symbol>
      <symbol id="sm-805">
         <name>SysCtlClockSet</name>
         <value>0x1391</value>
         <object_component_ref idref="oc-1eb"/>
      </symbol>
      <symbol id="sm-806">
         <name>SysCtlDelay</name>
         <value>0x2c25</value>
         <object_component_ref idref="oc-2bd"/>
      </symbol>
      <symbol id="sm-807">
         <name>SysCtlPeripheralEnable</name>
         <value>0x28a9</value>
         <object_component_ref idref="oc-1f1"/>
      </symbol>
      <symbol id="sm-808">
         <name>SysCtlClockGet</name>
         <value>0xe7d</value>
         <object_component_ref idref="oc-209"/>
      </symbol>
      <symbol id="sm-815">
         <name>UARTClockSourceSet</name>
         <value>0x2c2b</value>
         <object_component_ref idref="oc-1dd"/>
      </symbol>
      <symbol id="sm-817">
         <name>__TI_static_base__</name>
         <value>0x0</value>
      </symbol>
      <symbol id="sm-81a">
         <name>__mpu_init</name>
         <value>0x0</value>
      </symbol>
      <symbol id="sm-81b">
         <name>_system_post_cinit</name>
         <value>0x0</value>
      </symbol>
   </symbol_table>
   <title>Link successful</title>
</link_info>
