<?xml version="1.0" encoding="ISO-8859-1" ?>
<link_info>
   <banner>TI ARM Linker PC v20.2.7.LTS</banner>
   <copyright>Copyright (c) 1996-2018 Texas Instruments Incorporated</copyright>
   <link_time>0x6386a448</link_time>
   <link_errors>0x0</link_errors>
   <output_file>Projekt22.out</output_file>
   <entry_point>
      <name>_c_int00_noargs</name>
      <address>0x298d</address>
   </entry_point>
   <input_file_list>
      <input_file id="fl-2">
         <path>.\</path>
         <kind>object</kind>
         <file>led_task.obj</file>
         <name>led_task.obj</name>
      </input_file>
      <input_file id="fl-3">
         <path>.\</path>
         <kind>object</kind>
         <file>main.obj</file>
         <name>main.obj</name>
      </input_file>
      <input_file id="fl-4">
         <path>.\</path>
         <kind>object</kind>
         <file>measurement_task.obj</file>
         <name>measurement_task.obj</name>
      </input_file>
      <input_file id="fl-5">
         <path>.\</path>
         <kind>object</kind>
         <file>printing_task.obj</file>
         <name>printing_task.obj</name>
      </input_file>
      <input_file id="fl-6">
         <path>.\</path>
         <kind>object</kind>
         <file>startup_ccs.obj</file>
         <name>startup_ccs.obj</name>
      </input_file>
      <input_file id="fl-7">
         <path>.\</path>
         <kind>object</kind>
         <file>switch_task.obj</file>
         <name>switch_task.obj</name>
      </input_file>
      <input_file id="fl-8">
         <path>.\drivers\</path>
         <kind>object</kind>
         <file>buttons.obj</file>
         <name>buttons.obj</name>
      </input_file>
      <input_file id="fl-9">
         <path>.\drivers\</path>
         <kind>object</kind>
         <file>rgb.obj</file>
         <name>rgb.obj</name>
      </input_file>
      <input_file id="fl-a">
         <path>.\third_party\FreeRTOS\Source\</path>
         <kind>object</kind>
         <file>list.obj</file>
         <name>list.obj</name>
      </input_file>
      <input_file id="fl-b">
         <path>.\third_party\FreeRTOS\Source\</path>
         <kind>object</kind>
         <file>queue.obj</file>
         <name>queue.obj</name>
      </input_file>
      <input_file id="fl-c">
         <path>.\third_party\FreeRTOS\Source\</path>
         <kind>object</kind>
         <file>tasks.obj</file>
         <name>tasks.obj</name>
      </input_file>
      <input_file id="fl-d">
         <path>.\third_party\FreeRTOS\Source\portable\CCS\ARM_CM4F\</path>
         <kind>object</kind>
         <file>port.obj</file>
         <name>port.obj</name>
      </input_file>
      <input_file id="fl-e">
         <path>.\third_party\FreeRTOS\Source\portable\CCS\ARM_CM4F\</path>
         <kind>object</kind>
         <file>portasm.obj</file>
         <name>portasm.obj</name>
      </input_file>
      <input_file id="fl-f">
         <path>.\third_party\FreeRTOS\Source\portable\MemMang\</path>
         <kind>object</kind>
         <file>heap_2.obj</file>
         <name>heap_2.obj</name>
      </input_file>
      <input_file id="fl-10">
         <path>.\utils\</path>
         <kind>object</kind>
         <file>uartstdio.obj</file>
         <name>uartstdio.obj</name>
      </input_file>
      <input_file id="fl-11">
         <path>.\utils\</path>
         <kind>object</kind>
         <file>ustdlib.obj</file>
         <name>ustdlib.obj</name>
      </input_file>
      <input_file id="fl-16">
         <kind>object</kind>
         <file>&lt;internal&gt;</file>
         <name>&lt;internal&gt;</name>
      </input_file>
      <input_file id="fl-cc">
         <path>C:\ti\ccs1200\ccs\tools\compiler\ti-cgt-arm_20.2.7.LTS\lib\</path>
         <kind>archive</kind>
         <file>rtsv7M4_T_le_v4SPD16_eabi.lib</file>
         <name>fs_toull_t2.asm.obj</name>
      </input_file>
      <input_file id="fl-cd">
         <path>C:\ti\ccs1200\ccs\tools\compiler\ti-cgt-arm_20.2.7.LTS\lib\</path>
         <kind>archive</kind>
         <file>rtsv7M4_T_le_v4SPD16_eabi.lib</file>
         <name>memcpy_t2.asm.obj</name>
      </input_file>
      <input_file id="fl-ce">
         <path>C:\ti\ccs1200\ccs\tools\compiler\ti-cgt-arm_20.2.7.LTS\lib\</path>
         <kind>archive</kind>
         <file>rtsv7M4_T_le_v4SPD16_eabi.lib</file>
         <name>memset_t2.asm.obj</name>
      </input_file>
      <input_file id="fl-cf">
         <path>C:\ti\ccs1200\ccs\tools\compiler\ti-cgt-arm_20.2.7.LTS\lib\</path>
         <kind>archive</kind>
         <file>rtsv7M4_T_le_v4SPD16_eabi.lib</file>
         <name>u_divt2.asm.obj</name>
      </input_file>
      <input_file id="fl-d0">
         <path>C:\ti\ccs1200\ccs\tools\compiler\ti-cgt-arm_20.2.7.LTS\lib\</path>
         <kind>archive</kind>
         <file>rtsv7M4_T_le_v4SPD16_eabi.lib</file>
         <name>copy_zero_init.c.obj</name>
      </input_file>
      <input_file id="fl-d1">
         <path>C:\ti\ccs1200\ccs\tools\compiler\ti-cgt-arm_20.2.7.LTS\lib\</path>
         <kind>archive</kind>
         <file>rtsv7M4_T_le_v4SPD16_eabi.lib</file>
         <name>copy_decompress_none.c.obj</name>
      </input_file>
      <input_file id="fl-d2">
         <path>C:\ti\ccs1200\ccs\tools\compiler\ti-cgt-arm_20.2.7.LTS\lib\</path>
         <kind>archive</kind>
         <file>rtsv7M4_T_le_v4SPD16_eabi.lib</file>
         <name>copy_decompress_lzss.c.obj</name>
      </input_file>
      <input_file id="fl-d3">
         <path>C:\ti\ccs1200\ccs\tools\compiler\ti-cgt-arm_20.2.7.LTS\lib\</path>
         <kind>archive</kind>
         <file>rtsv7M4_T_le_v4SPD16_eabi.lib</file>
         <name>boot_cortex_m.c.obj</name>
      </input_file>
      <input_file id="fl-d4">
         <path>C:\ti\ccs1200\ccs\tools\compiler\ti-cgt-arm_20.2.7.LTS\lib\</path>
         <kind>archive</kind>
         <file>rtsv7M4_T_le_v4SPD16_eabi.lib</file>
         <name>div0.asm.obj</name>
      </input_file>
      <input_file id="fl-d5">
         <path>C:\ti\ccs1200\ccs\tools\compiler\ti-cgt-arm_20.2.7.LTS\lib\</path>
         <kind>archive</kind>
         <file>rtsv7M4_T_le_v4SPD16_eabi.lib</file>
         <name>autoinit.c.obj</name>
      </input_file>
      <input_file id="fl-d6">
         <path>C:\ti\ccs1200\ccs\tools\compiler\ti-cgt-arm_20.2.7.LTS\lib\</path>
         <kind>archive</kind>
         <file>rtsv7M4_T_le_v4SPD16_eabi.lib</file>
         <name>pre_init.c.obj</name>
      </input_file>
      <input_file id="fl-d7">
         <path>C:\ti\ccs1200\ccs\tools\compiler\ti-cgt-arm_20.2.7.LTS\lib\</path>
         <kind>archive</kind>
         <file>rtsv7M4_T_le_v4SPD16_eabi.lib</file>
         <name>cpy_tbl.c.obj</name>
      </input_file>
      <input_file id="fl-d8">
         <path>C:\ti\ccs1200\ccs\tools\compiler\ti-cgt-arm_20.2.7.LTS\lib\</path>
         <kind>archive</kind>
         <file>rtsv7M4_T_le_v4SPD16_eabi.lib</file>
         <name>exit.c.obj</name>
      </input_file>
      <input_file id="fl-d9">
         <path>C:\ti\ccs1200\ccs\tools\compiler\ti-cgt-arm_20.2.7.LTS\lib\</path>
         <kind>archive</kind>
         <file>rtsv7M4_T_le_v4SPD16_eabi.lib</file>
         <name>_lock.c.obj</name>
      </input_file>
      <input_file id="fl-da">
         <path>C:\ti\ccs1200\ccs\tools\compiler\ti-cgt-arm_20.2.7.LTS\lib\</path>
         <kind>archive</kind>
         <file>rtsv7M4_T_le_v4SPD16_eabi.lib</file>
         <name>args_main.c.obj</name>
      </input_file>
      <input_file id="fl-db">
         <path>C:\ti\tivaware_c_series_2_1_4_178\driverlib\ccs\Debug\</path>
         <kind>archive</kind>
         <file>driverlib.lib</file>
         <name>gpio.obj</name>
      </input_file>
      <input_file id="fl-dc">
         <path>C:\ti\tivaware_c_series_2_1_4_178\driverlib\ccs\Debug\</path>
         <kind>archive</kind>
         <file>driverlib.lib</file>
         <name>i2c.obj</name>
      </input_file>
      <input_file id="fl-dd">
         <path>C:\ti\tivaware_c_series_2_1_4_178\driverlib\ccs\Debug\</path>
         <kind>archive</kind>
         <file>driverlib.lib</file>
         <name>interrupt.obj</name>
      </input_file>
      <input_file id="fl-de">
         <path>C:\ti\tivaware_c_series_2_1_4_178\driverlib\ccs\Debug\</path>
         <kind>archive</kind>
         <file>driverlib.lib</file>
         <name>sysctl.obj</name>
      </input_file>
      <input_file id="fl-df">
         <path>C:\ti\tivaware_c_series_2_1_4_178\driverlib\ccs\Debug\</path>
         <kind>archive</kind>
         <file>driverlib.lib</file>
         <name>uart.obj</name>
      </input_file>
      <input_file id="fl-e0">
         <path>C:\ti\tivaware_c_series_2_1_4_178\driverlib\ccs\Debug\</path>
         <kind>archive</kind>
         <file>driverlib.lib</file>
         <name>cpu.obj</name>
      </input_file>
   </input_file_list>
   <object_component_list>
      <object_component id="oc-12">
         <name>.intvecs</name>
         <load_address>0x0</load_address>
         <run_address>0x0</run_address>
         <size>0x26c</size>
         <input_file_ref idref="fl-6"/>
      </object_component>
      <object_component id="oc-3b0">
         <name>.text:PSReadRegisters</name>
         <load_address>0x26c</load_address>
         <run_address>0x26c</run_address>
         <size>0x260</size>
         <input_file_ref idref="fl-4"/>
      </object_component>
      <object_component id="oc-21c">
         <name>.text:UARTvprintf</name>
         <load_address>0x4cc</load_address>
         <run_address>0x4cc</run_address>
         <size>0x1ee</size>
         <input_file_ref idref="fl-10"/>
      </object_component>
      <object_component id="oc-33">
         <name>.text:FaultISR</name>
         <load_address>0x6ba</load_address>
         <run_address>0x6ba</run_address>
         <size>0x2</size>
         <input_file_ref idref="fl-6"/>
      </object_component>
      <object_component id="oc-3b6">
         <name>.text:TSReadADC</name>
         <load_address>0x6bc</load_address>
         <run_address>0x6bc</run_address>
         <size>0x1c4</size>
         <input_file_ref idref="fl-4"/>
      </object_component>
      <object_component id="oc-129">
         <name>.text:ConfigureADC</name>
         <load_address>0x880</load_address>
         <run_address>0x880</run_address>
         <size>0x174</size>
         <input_file_ref idref="fl-3"/>
      </object_component>
      <object_component id="oc-2d9">
         <name>.text:GPIOPadConfigSet</name>
         <load_address>0x9f4</load_address>
         <run_address>0x9f4</run_address>
         <size>0x132</size>
         <input_file_ref idref="fl-db"/>
      </object_component>
      <object_component id="oc-39">
         <name>.text:IntDefaultHandler</name>
         <load_address>0xb26</load_address>
         <run_address>0xb26</run_address>
         <size>0x2</size>
         <input_file_ref idref="fl-6"/>
      </object_component>
      <object_component id="oc-3bc">
         <name>.text:AmmeterReadRegisters</name>
         <load_address>0xb28</load_address>
         <run_address>0xb28</run_address>
         <size>0x120</size>
         <input_file_ref idref="fl-4"/>
      </object_component>
      <object_component id="oc-263">
         <name>.text:LEDTask</name>
         <load_address>0xc48</load_address>
         <run_address>0xc48</run_address>
         <size>0x11c</size>
         <input_file_ref idref="fl-2"/>
      </object_component>
      <object_component id="oc-391">
         <name>.text:xQueueGenericReceive</name>
         <load_address>0xd64</load_address>
         <run_address>0xd64</run_address>
         <size>0x118</size>
         <input_file_ref idref="fl-b"/>
      </object_component>
      <object_component id="oc-20f">
         <name>.text:SysCtlClockGet</name>
         <load_address>0xe7c</load_address>
         <run_address>0xe7c</run_address>
         <size>0x110</size>
         <input_file_ref idref="fl-de"/>
      </object_component>
      <object_component id="oc-23e">
         <name>.text:RGBInit</name>
         <load_address>0xf8c</load_address>
         <run_address>0xf8c</run_address>
         <size>0x104</size>
         <input_file_ref idref="fl-9"/>
      </object_component>
      <object_component id="oc-9b">
         <name>.text:xTaskIncrementTick</name>
         <load_address>0x1090</load_address>
         <run_address>0x1090</run_address>
         <size>0x104</size>
         <input_file_ref idref="fl-c"/>
      </object_component>
      <object_component id="oc-256">
         <name>.text:xTaskGenericCreate</name>
         <load_address>0x1194</load_address>
         <run_address>0x1194</run_address>
         <size>0x100</size>
         <input_file_ref idref="fl-c"/>
      </object_component>
      <object_component id="oc-270">
         <name>.text:SwitchTask</name>
         <load_address>0x1294</load_address>
         <run_address>0x1294</run_address>
         <size>0xfc</size>
         <input_file_ref idref="fl-7"/>
      </object_component>
      <object_component id="oc-1f1">
         <name>.text:SysCtlClockSet</name>
         <load_address>0x1390</load_address>
         <run_address>0x1390</run_address>
         <size>0xf4</size>
         <input_file_ref idref="fl-de"/>
      </object_component>
      <object_component id="oc-235">
         <name>.text:xQueueGenericSend</name>
         <load_address>0x1484</load_address>
         <run_address>0x1484</run_address>
         <size>0xe8</size>
         <input_file_ref idref="fl-b"/>
      </object_component>
      <object_component id="oc-307">
         <name>.text:xTaskResumeAll</name>
         <load_address>0x156c</load_address>
         <run_address>0x156c</run_address>
         <size>0xe4</size>
         <input_file_ref idref="fl-c"/>
      </object_component>
      <object_component id="oc-3f">
         <name>.text</name>
         <load_address>0x1650</load_address>
         <run_address>0x1650</run_address>
         <size>0xd2</size>
         <input_file_ref idref="fl-e"/>
      </object_component>
      <object_component id="oc-2d">
         <name>.text:NmiSR</name>
         <load_address>0x1722</load_address>
         <run_address>0x1722</run_address>
         <size>0x2</size>
         <input_file_ref idref="fl-6"/>
      </object_component>
      <object_component id="oc-141">
         <name>.text:LEDTaskInit</name>
         <load_address>0x1724</load_address>
         <run_address>0x1724</run_address>
         <size>0xc8</size>
         <input_file_ref idref="fl-2"/>
      </object_component>
      <object_component id="oc-357">
         <name>.text:RGBEnable</name>
         <load_address>0x17ec</load_address>
         <run_address>0x17ec</run_address>
         <size>0xc0</size>
         <input_file_ref idref="fl-9"/>
      </object_component>
      <object_component id="oc-cf">
         <name>.text:main</name>
         <load_address>0x18ac</load_address>
         <run_address>0x18ac</run_address>
         <size>0xb0</size>
         <input_file_ref idref="fl-3"/>
      </object_component>
      <object_component id="oc-229">
         <name>.text:pvPortMalloc</name>
         <load_address>0x195c</load_address>
         <run_address>0x195c</run_address>
         <size>0xac</size>
         <input_file_ref idref="fl-f"/>
      </object_component>
      <object_component id="oc-58">
         <name>.text</name>
         <load_address>0x1a08</load_address>
         <run_address>0x1a08</run_address>
         <size>0x9c</size>
         <input_file_ref idref="fl-cd"/>
      </object_component>
      <object_component id="oc-24a">
         <name>.text:RGBColorSet</name>
         <load_address>0x1aa4</load_address>
         <run_address>0x1aa4</run_address>
         <size>0x90</size>
         <input_file_ref idref="fl-9"/>
      </object_component>
      <object_component id="oc-489">
         <name>.text:vTaskPriorityInherit</name>
         <load_address>0x1b34</load_address>
         <run_address>0x1b34</run_address>
         <size>0x90</size>
         <input_file_ref idref="fl-c"/>
      </object_component>
      <object_component id="oc-94">
         <name>.text:vTaskSwitchContext</name>
         <load_address>0x1bc4</load_address>
         <run_address>0x1bc4</run_address>
         <size>0x8c</size>
         <input_file_ref idref="fl-c"/>
      </object_component>
      <object_component id="oc-3ab">
         <name>.text:ButtonsPoll</name>
         <load_address>0x1c50</load_address>
         <run_address>0x1c50</run_address>
         <size>0x88</size>
         <input_file_ref idref="fl-8"/>
      </object_component>
      <object_component id="oc-397">
         <name>.text:vTaskDelayUntil</name>
         <load_address>0x1cd8</load_address>
         <run_address>0x1cd8</run_address>
         <size>0x84</size>
         <input_file_ref idref="fl-c"/>
      </object_component>
      <object_component id="oc-367">
         <name>.text:xQueueGenericReset</name>
         <load_address>0x1d5c</load_address>
         <run_address>0x1d5c</run_address>
         <size>0x84</size>
         <input_file_ref idref="fl-b"/>
      </object_component>
      <object_component id="oc-123">
         <name>.text:ConfigureUART</name>
         <load_address>0x1de0</load_address>
         <run_address>0x1de0</run_address>
         <size>0x80</size>
         <input_file_ref idref="fl-3"/>
      </object_component>
      <object_component id="oc-c3">
         <name>.text</name>
         <load_address>0x1e60</load_address>
         <run_address>0x1e60</run_address>
         <size>0x7a</size>
         <input_file_ref idref="fl-ce"/>
      </object_component>
      <object_component id="oc-41b">
         <name>.text</name>
         <load_address>0x1eda</load_address>
         <run_address>0x1eda</run_address>
         <size>0x2</size>
         <input_file_ref idref="fl-d4"/>
      </object_component>
      <object_component id="oc-453">
         <name>.text:xTaskPriorityDisinherit</name>
         <load_address>0x1edc</load_address>
         <run_address>0x1edc</run_address>
         <size>0x78</size>
         <input_file_ref idref="fl-c"/>
      </object_component>
      <object_component id="oc-12f">
         <name>.text:ConfigureI2C</name>
         <load_address>0x1f54</load_address>
         <run_address>0x1f54</run_address>
         <size>0x74</size>
         <input_file_ref idref="fl-3"/>
      </object_component>
      <object_component id="oc-349">
         <name>.text:xTaskRemoveFromEventList</name>
         <load_address>0x1fc8</load_address>
         <run_address>0x1fc8</run_address>
         <size>0x74</size>
         <input_file_ref idref="fl-c"/>
      </object_component>
      <object_component id="oc-343">
         <name>.text:prvCopyDataToQueue</name>
         <load_address>0x203c</load_address>
         <run_address>0x203c</run_address>
         <size>0x72</size>
         <input_file_ref idref="fl-b"/>
      </object_component>
      <object_component id="oc-ec">
         <name>.text:vApplicationStackOverflowHook</name>
         <load_address>0x20ae</load_address>
         <run_address>0x20ae</run_address>
         <size>0x2</size>
         <input_file_ref idref="fl-3"/>
      </object_component>
      <object_component id="oc-26a">
         <name>.text:ButtonsInit</name>
         <load_address>0x20b0</load_address>
         <run_address>0x20b0</run_address>
         <size>0x68</size>
         <input_file_ref idref="fl-8"/>
      </object_component>
      <object_component id="oc-39d">
         <name>.text:RGBDisable</name>
         <load_address>0x2118</load_address>
         <run_address>0x2118</run_address>
         <size>0x68</size>
         <input_file_ref idref="fl-9"/>
      </object_component>
      <object_component id="oc-15">
         <name>.text:decompress:lzss:__TI_decompress_lzss</name>
         <load_address>0x2180</load_address>
         <run_address>0x2180</run_address>
         <size>0x68</size>
         <input_file_ref idref="fl-d2"/>
      </object_component>
      <object_component id="oc-33d">
         <name>.text:vTaskPlaceOnEventList</name>
         <load_address>0x21e8</load_address>
         <run_address>0x21e8</run_address>
         <size>0x64</size>
         <input_file_ref idref="fl-c"/>
      </object_component>
      <object_component id="oc-331">
         <name>.text:prvUnlockQueue</name>
         <load_address>0x224c</load_address>
         <run_address>0x224c</run_address>
         <size>0x62</size>
         <input_file_ref idref="fl-b"/>
      </object_component>
      <object_component id="oc-14d">
         <name>.text:MeasurementTaskInit</name>
         <load_address>0x22b0</load_address>
         <run_address>0x22b0</run_address>
         <size>0x60</size>
         <input_file_ref idref="fl-4"/>
      </object_component>
      <object_component id="oc-1e9">
         <name>.text:UARTStdioConfig</name>
         <load_address>0x2310</load_address>
         <run_address>0x2310</run_address>
         <size>0x60</size>
         <input_file_ref idref="fl-10"/>
      </object_component>
      <object_component id="oc-380">
         <name>.text:prvInitialiseTaskLists</name>
         <load_address>0x2370</load_address>
         <run_address>0x2370</run_address>
         <size>0x60</size>
         <input_file_ref idref="fl-c"/>
      </object_component>
      <object_component id="oc-159">
         <name>.text:vTaskStartScheduler</name>
         <load_address>0x23d0</load_address>
         <run_address>0x23d0</run_address>
         <size>0x60</size>
         <input_file_ref idref="fl-c"/>
      </object_component>
      <object_component id="oc-3c4">
         <name>.text:PrintMeasurements</name>
         <load_address>0x2430</load_address>
         <run_address>0x2430</run_address>
         <size>0x58</size>
         <input_file_ref idref="fl-5"/>
      </object_component>
      <object_component id="oc-3d6">
         <name>.text:prvCheckTasksWaitingTermination</name>
         <load_address>0x2488</load_address>
         <run_address>0x2488</run_address>
         <size>0x58</size>
         <input_file_ref idref="fl-c"/>
      </object_component>
      <object_component id="oc-374">
         <name>.text:prvInitialiseTCBVariables</name>
         <load_address>0x24e0</load_address>
         <run_address>0x24e0</run_address>
         <size>0x56</size>
         <input_file_ref idref="fl-c"/>
      </object_component>
      <object_component id="oc-153">
         <name>.text:PrintingTaskInit</name>
         <load_address>0x2538</load_address>
         <run_address>0x2538</run_address>
         <size>0x54</size>
         <input_file_ref idref="fl-5"/>
      </object_component>
      <object_component id="oc-32b">
         <name>.text:xTaskCheckForTimeOut</name>
         <load_address>0x258c</load_address>
         <run_address>0x258c</run_address>
         <size>0x54</size>
         <input_file_ref idref="fl-c"/>
      </object_component>
      <object_component id="oc-13b">
         <name>.text:xQueueCreateMutex</name>
         <load_address>0x25e0</load_address>
         <run_address>0x25e0</run_address>
         <size>0x4e</size>
         <input_file_ref idref="fl-b"/>
      </object_component>
      <object_component id="oc-215">
         <name>.text:I2CMasterInitExpClk</name>
         <load_address>0x2630</load_address>
         <run_address>0x2630</run_address>
         <size>0x4c</size>
         <input_file_ref idref="fl-dc"/>
      </object_component>
      <object_component id="oc-449">
         <name>.text:prvAddCurrentTaskToDelayedList</name>
         <load_address>0x267c</load_address>
         <run_address>0x267c</run_address>
         <size>0x4c</size>
         <input_file_ref idref="fl-c"/>
      </object_component>
      <object_component id="oc-1fd">
         <name>.text:GPIOPinConfigure</name>
         <load_address>0x26c8</load_address>
         <run_address>0x26c8</run_address>
         <size>0x48</size>
         <input_file_ref idref="fl-db"/>
      </object_component>
      <object_component id="oc-147">
         <name>.text:SwitchTaskInit</name>
         <load_address>0x2710</load_address>
         <run_address>0x2710</run_address>
         <size>0x48</size>
         <input_file_ref idref="fl-7"/>
      </object_component>
      <object_component id="oc-2ed">
         <name>.text:UARTwrite</name>
         <load_address>0x2758</load_address>
         <run_address>0x2758</run_address>
         <size>0x48</size>
         <input_file_ref idref="fl-10"/>
      </object_component>
      <object_component id="oc-175">
         <name>.text:__TI_auto_init_nobinit_nopinit:__TI_auto_init_nobinit_nopinit</name>
         <load_address>0x27a0</load_address>
         <run_address>0x27a0</run_address>
         <size>0x44</size>
         <input_file_ref idref="fl-d5"/>
      </object_component>
      <object_component id="oc-463">
         <name>.text:vPortFree</name>
         <load_address>0x27e4</load_address>
         <run_address>0x27e4</run_address>
         <size>0x44</size>
         <input_file_ref idref="fl-f"/>
      </object_component>
      <object_component id="oc-2f3">
         <name>.text</name>
         <load_address>0x2828</load_address>
         <run_address>0x2828</run_address>
         <size>0x40</size>
         <input_file_ref idref="fl-cf"/>
      </object_component>
      <object_component id="oc-285">
         <name>.text:xPortStartScheduler</name>
         <load_address>0x2868</load_address>
         <run_address>0x2868</run_address>
         <size>0x40</size>
         <input_file_ref idref="fl-d"/>
      </object_component>
      <object_component id="oc-250">
         <name>.text:xQueueGenericCreate</name>
         <load_address>0x28a8</load_address>
         <run_address>0x28a8</run_address>
         <size>0x3c</size>
         <input_file_ref idref="fl-b"/>
      </object_component>
      <object_component id="oc-36e">
         <name>.text:prvAllocateTCBAndStack</name>
         <load_address>0x28e4</load_address>
         <run_address>0x28e4</run_address>
         <size>0x3a</size>
         <input_file_ref idref="fl-c"/>
      </object_component>
      <object_component id="oc-443">
         <name>.text:vListInsert</name>
         <load_address>0x291e</load_address>
         <run_address>0x291e</run_address>
         <size>0x38</size>
         <input_file_ref idref="fl-a"/>
      </object_component>
      <object_component id="oc-1f7">
         <name>.text:SysCtlPeripheralEnable</name>
         <load_address>0x2958</load_address>
         <run_address>0x2958</run_address>
         <size>0x34</size>
         <input_file_ref idref="fl-de"/>
      </object_component>
      <object_component id="oc-76">
         <name>.text:_c_int00_noargs:_c_int00_noargs</name>
         <load_address>0x298c</load_address>
         <run_address>0x298c</run_address>
         <size>0x34</size>
         <input_file_ref idref="fl-d3"/>
      </object_component>
      <object_component id="oc-301">
         <name>.text:prvHeapInit</name>
         <load_address>0x29c0</load_address>
         <run_address>0x29c0</run_address>
         <size>0x30</size>
         <input_file_ref idref="fl-f"/>
      </object_component>
      <object_component id="oc-44">
         <name>.text:xPortSysTickHandler</name>
         <load_address>0x29f0</load_address>
         <run_address>0x29f0</run_address>
         <size>0x2c</size>
         <input_file_ref idref="fl-d"/>
      </object_component>
      <object_component id="oc-2d3">
         <name>.text:GPIODirModeSet</name>
         <load_address>0x2a1c</load_address>
         <run_address>0x2a1c</run_address>
         <size>0x2a</size>
         <input_file_ref idref="fl-db"/>
      </object_component>
      <object_component id="oc-f6">
         <name>.text:prvResetNextTaskUnblockTime</name>
         <load_address>0x2a48</load_address>
         <run_address>0x2a48</run_address>
         <size>0x28</size>
         <input_file_ref idref="fl-c"/>
      </object_component>
      <object_component id="oc-37a">
         <name>.text:pxPortInitialiseStack</name>
         <load_address>0x2a70</load_address>
         <run_address>0x2a70</run_address>
         <size>0x28</size>
         <input_file_ref idref="fl-d"/>
      </object_component>
      <object_component id="oc-48f">
         <name>.text:prvCopyDataFromQueue</name>
         <load_address>0x2a98</load_address>
         <run_address>0x2a98</run_address>
         <size>0x26</size>
         <input_file_ref idref="fl-b"/>
      </object_component>
      <object_component id="oc-277">
         <name>.text:MeasurementTask</name>
         <load_address>0x2abe</load_address>
         <run_address>0x2abe</run_address>
         <size>0x20</size>
         <input_file_ref idref="fl-4"/>
      </object_component>
      <object_component id="oc-fc">
         <name>.text:uxListRemove</name>
         <load_address>0x2ade</load_address>
         <run_address>0x2ade</run_address>
         <size>0x20</size>
         <input_file_ref idref="fl-a"/>
      </object_component>
      <object_component id="oc-337">
         <name>.text:prvIsQueueFull</name>
         <load_address>0x2afe</load_address>
         <run_address>0x2afe</run_address>
         <size>0x1c</size>
         <input_file_ref idref="fl-b"/>
      </object_component>
      <object_component id="oc-325">
         <name>.text:vPortEnterCritical</name>
         <load_address>0x2b1c</load_address>
         <run_address>0x2b1c</run_address>
         <size>0x1c</size>
         <input_file_ref idref="fl-d"/>
      </object_component>
      <object_component id="oc-135">
         <name>.text:UARTprintf</name>
         <load_address>0x2b38</load_address>
         <run_address>0x2b38</run_address>
         <size>0x1a</size>
         <input_file_ref idref="fl-10"/>
      </object_component>
      <object_component id="oc-483">
         <name>.text:prvIsQueueEmpty</name>
         <load_address>0x2b52</load_address>
         <run_address>0x2b52</run_address>
         <size>0x1a</size>
         <input_file_ref idref="fl-b"/>
      </object_component>
      <object_component id="oc-27e">
         <name>.text:PrintingTask</name>
         <load_address>0x2b6c</load_address>
         <run_address>0x2b6c</run_address>
         <size>0x18</size>
         <input_file_ref idref="fl-5"/>
      </object_component>
      <object_component id="oc-495">
         <name>.text:pvTaskIncrementMutexHeldCount</name>
         <load_address>0x2b84</load_address>
         <run_address>0x2b84</run_address>
         <size>0x18</size>
         <input_file_ref idref="fl-c"/>
      </object_component>
      <object_component id="oc-102">
         <name>.text:vListInsertEnd</name>
         <load_address>0x2b9c</load_address>
         <run_address>0x2b9c</run_address>
         <size>0x18</size>
         <input_file_ref idref="fl-a"/>
      </object_component>
      <object_component id="oc-31f">
         <name>.text:vPortExitCritical</name>
         <load_address>0x2bb4</load_address>
         <run_address>0x2bb4</run_address>
         <size>0x18</size>
         <input_file_ref idref="fl-d"/>
      </object_component>
      <object_component id="oc-319">
         <name>.text:vTaskSetTimeOutState</name>
         <load_address>0x2bcc</load_address>
         <run_address>0x2bcc</run_address>
         <size>0x18</size>
         <input_file_ref idref="fl-c"/>
      </object_component>
      <object_component id="oc-4b6">
         <name>.text:I2CMasterErr</name>
         <load_address>0x2be4</load_address>
         <run_address>0x2be4</run_address>
         <size>0x16</size>
         <input_file_ref idref="fl-dc"/>
      </object_component>
      <object_component id="oc-22f">
         <name>.text:vListInitialise</name>
         <load_address>0x2bfa</load_address>
         <run_address>0x2bfa</run_address>
         <size>0x16</size>
         <input_file_ref idref="fl-a"/>
      </object_component>
      <object_component id="oc-244">
         <name>.text:RGBIntensitySet</name>
         <load_address>0x2c10</load_address>
         <run_address>0x2c10</run_address>
         <size>0x14</size>
         <input_file_ref idref="fl-9"/>
      </object_component>
      <object_component id="oc-3cc">
         <name>.text:vPortSetupTimerInterrupt</name>
         <load_address>0x2c24</load_address>
         <run_address>0x2c24</run_address>
         <size>0x14</size>
         <input_file_ref idref="fl-d"/>
      </object_component>
      <object_component id="oc-209">
         <name>.text:GPIOPinTypeI2C</name>
         <load_address>0x2c38</load_address>
         <run_address>0x2c38</run_address>
         <size>0x12</size>
         <input_file_ref idref="fl-db"/>
      </object_component>
      <object_component id="oc-203">
         <name>.text:GPIOPinTypeI2CSCL</name>
         <load_address>0x2c4a</load_address>
         <run_address>0x2c4a</run_address>
         <size>0x12</size>
         <input_file_ref idref="fl-db"/>
      </object_component>
      <object_component id="oc-4d0">
         <name>.text:prvDeleteTCB</name>
         <load_address>0x2c5c</load_address>
         <run_address>0x2c5c</run_address>
         <size>0x12</size>
         <input_file_ref idref="fl-c"/>
      </object_component>
      <object_component id="oc-471">
         <name>.text:prvTaskExitError</name>
         <load_address>0x2c6e</load_address>
         <run_address>0x2c6e</run_address>
         <size>0x10</size>
         <input_file_ref idref="fl-d"/>
      </object_component>
      <object_component id="oc-2fb">
         <name>.text:vTaskSuspendAll</name>
         <load_address>0x2c80</load_address>
         <run_address>0x2c80</run_address>
         <size>0x10</size>
         <input_file_ref idref="fl-c"/>
      </object_component>
      <object_component id="oc-1b">
         <name>.text:decompress:none:__TI_decompress_none</name>
         <load_address>0x2c90</load_address>
         <run_address>0x2c90</run_address>
         <size>0xe</size>
         <input_file_ref idref="fl-d1"/>
      </object_component>
      <object_component id="oc-6a">
         <name>.text:decompress:ZI:__TI_zero_init</name>
         <load_address>0x2c9e</load_address>
         <run_address>0x2c9e</run_address>
         <size>0xc</size>
         <input_file_ref idref="fl-d0"/>
      </object_component>
      <object_component id="oc-43b">
         <name>.text:vTaskMissedYield</name>
         <load_address>0x2cac</load_address>
         <run_address>0x2cac</run_address>
         <size>0xc</size>
         <input_file_ref idref="fl-c"/>
      </object_component>
      <object_component id="oc-38b">
         <name>.text:xTaskGetTickCount</name>
         <load_address>0x2cb8</load_address>
         <run_address>0x2cb8</run_address>
         <size>0xc</size>
         <input_file_ref idref="fl-c"/>
      </object_component>
      <object_component id="oc-2e5">
         <name>.text:I2CMasterEnable</name>
         <load_address>0x2cc4</load_address>
         <run_address>0x2cc4</run_address>
         <size>0xa</size>
         <input_file_ref idref="fl-dc"/>
      </object_component>
      <object_component id="oc-4b0">
         <name>.text:I2CMasterBusy</name>
         <load_address>0x2cce</load_address>
         <run_address>0x2cce</run_address>
         <size>0x8</size>
         <input_file_ref idref="fl-dc"/>
      </object_component>
      <object_component id="oc-4a4">
         <name>.text:I2CMasterSlaveAddrSet</name>
         <load_address>0x2cd6</load_address>
         <run_address>0x2cd6</run_address>
         <size>0x8</size>
         <input_file_ref idref="fl-dc"/>
      </object_component>
      <object_component id="oc-28b">
         <name>.text:prvIdleTask</name>
         <load_address>0x2cde</load_address>
         <run_address>0x2cde</run_address>
         <size>0x8</size>
         <input_file_ref idref="fl-c"/>
      </object_component>
      <object_component id="oc-27">
         <name>.text:ResetISR</name>
         <load_address>0x2ce6</load_address>
         <run_address>0x2ce6</run_address>
         <size>0x6</size>
         <input_file_ref idref="fl-6"/>
      </object_component>
      <object_component id="oc-2ca">
         <name>.text:SysCtlDelay</name>
         <load_address>0x2cec</load_address>
         <run_address>0x2cec</run_address>
         <size>0x6</size>
         <input_file_ref idref="fl-de"/>
      </object_component>
      <object_component id="oc-1e3">
         <name>.text:UARTClockSourceSet</name>
         <load_address>0x2cf2</load_address>
         <run_address>0x2cf2</run_address>
         <size>0x6</size>
         <input_file_ref idref="fl-df"/>
      </object_component>
      <object_component id="oc-46a">
         <name>.text:vListInitialiseItem</name>
         <load_address>0x2cf8</load_address>
         <run_address>0x2cf8</run_address>
         <size>0x6</size>
         <input_file_ref idref="fl-a"/>
      </object_component>
      <object_component id="oc-4aa">
         <name>.text:I2CMasterControl</name>
         <load_address>0x2cfe</load_address>
         <run_address>0x2cfe</run_address>
         <size>0x4</size>
         <input_file_ref idref="fl-dc"/>
      </object_component>
      <object_component id="oc-4bc">
         <name>.text:I2CMasterDataGet</name>
         <load_address>0x2d02</load_address>
         <run_address>0x2d02</run_address>
         <size>0x4</size>
         <input_file_ref idref="fl-dc"/>
      </object_component>
      <object_component id="oc-c9">
         <name>.text:_system_pre_init</name>
         <load_address>0x2d06</load_address>
         <run_address>0x2d06</run_address>
         <size>0x4</size>
         <input_file_ref idref="fl-d6"/>
      </object_component>
      <object_component id="oc-169">
         <name>.text:abort:abort</name>
         <load_address>0x2d0a</load_address>
         <run_address>0x2d0a</run_address>
         <size>0x4</size>
         <input_file_ref idref="fl-d8"/>
      </object_component>
      <object_component id="oc-2ce">
         <name>.const:g_pui32GPIOBaseAddrs</name>
         <load_address>0x2d10</load_address>
         <run_address>0x2d10</run_address>
         <size>0x90</size>
         <input_file_ref idref="fl-db"/>
      </object_component>
      <object_component id="oc-2e1">
         <name>.const:g_pui32Xtals</name>
         <load_address>0x2da0</load_address>
         <run_address>0x2da0</run_address>
         <size>0x6c</size>
         <input_file_ref idref="fl-de"/>
      </object_component>
      <object_component id="oc-2c0">
         <name>.const:g_ui32UARTBase</name>
         <load_address>0x2e0c</load_address>
         <run_address>0x2e0c</run_address>
         <size>0xc</size>
         <input_file_ref idref="fl-10"/>
      </object_component>
      <object_component id="oc-2bd">
         <name>.const:g_ui32UARTPeriph</name>
         <load_address>0x2e18</load_address>
         <run_address>0x2e18</run_address>
         <size>0xc</size>
         <input_file_ref idref="fl-10"/>
      </object_component>
      <object_component id="oc-91">
         <name>.const</name>
         <load_address>0x2e24</load_address>
         <run_address>0x2e24</run_address>
         <size>0x4</size>
         <input_file_ref idref="fl-d"/>
      </object_component>
      <object_component id="oc-533">
         <name>.cinit..data.load</name>
         <load_address>0x2e28</load_address>
         <run_address>0x2e28</run_address>
         <size>0x1c</size>
      </object_component>
      <object_component id="oc-531">
         <name>__TI_handler_table</name>
         <load_address>0x2e44</load_address>
         <run_address>0x2e44</run_address>
         <size>0xc</size>
      </object_component>
      <object_component id="oc-534">
         <name>.cinit..bss.load</name>
         <load_address>0x2e50</load_address>
         <run_address>0x2e50</run_address>
         <size>0x8</size>
      </object_component>
      <object_component id="oc-532">
         <name>__TI_cinit_table</name>
         <load_address>0x2e58</load_address>
         <run_address>0x2e58</run_address>
         <size>0x10</size>
      </object_component>
      <object_component id="oc-25f">
         <name>.data:g_pui32Colors</name>
         <load_address>0x2000794c</load_address>
         <run_address>0x2000794c</run_address>
         <size>0xc</size>
         <input_file_ref idref="fl-2"/>
      </object_component>
      <object_component id="oc-4c2">
         <name>.data</name>
         <load_address>0x20007938</load_address>
         <run_address>0x20007938</run_address>
         <size>0x14</size>
         <input_file_ref idref="fl-3"/>
      </object_component>
      <object_component id="oc-3a4">
         <name>.data</name>
         <load_address>0x20007965</load_address>
         <run_address>0x20007965</run_address>
         <size>0x3</size>
         <input_file_ref idref="fl-8"/>
      </object_component>
      <object_component id="oc-35f">
         <name>.data</name>
         <load_address>0x2000796c</load_address>
         <run_address>0x2000796c</run_address>
         <size>0x4</size>
         <input_file_ref idref="fl-9"/>
      </object_component>
      <object_component id="oc-8e">
         <name>.data</name>
         <load_address>0x20007908</load_address>
         <run_address>0x20007908</run_address>
         <size>0x30</size>
         <input_file_ref idref="fl-c"/>
      </object_component>
      <object_component id="oc-3d2">
         <name>.data</name>
         <load_address>0x20007968</load_address>
         <run_address>0x20007968</run_address>
         <size>0x4</size>
         <input_file_ref idref="fl-d"/>
      </object_component>
      <object_component id="oc-30d">
         <name>.data</name>
         <load_address>0x20007958</load_address>
         <run_address>0x20007958</run_address>
         <size>0x8</size>
         <input_file_ref idref="fl-f"/>
      </object_component>
      <object_component id="oc-2c3">
         <name>.data</name>
         <load_address>0x20007960</load_address>
         <run_address>0x20007960</run_address>
         <size>0x5</size>
         <input_file_ref idref="fl-10"/>
      </object_component>
      <object_component id="oc-25c">
         <name>.bss</name>
         <uninitialized>true</uninitialized>
         <run_address>0x20007704</run_address>
         <size>0x1</size>
         <input_file_ref idref="fl-2"/>
      </object_component>
      <object_component id="oc-362">
         <name>.bss:g_ui32Colors</name>
         <uninitialized>true</uninitialized>
         <run_address>0x200076d4</run_address>
         <size>0xc</size>
         <input_file_ref idref="fl-9"/>
      </object_component>
      <object_component id="oc-f2">
         <name>.bss:pxReadyTasksLists</name>
         <uninitialized>true</uninitialized>
         <run_address>0x20007530</run_address>
         <size>0x140</size>
         <input_file_ref idref="fl-c"/>
      </object_component>
      <object_component id="oc-478">
         <name>.bss:xDelayedTaskList1</name>
         <uninitialized>true</uninitialized>
         <run_address>0x20007670</run_address>
         <size>0x14</size>
         <input_file_ref idref="fl-c"/>
      </object_component>
      <object_component id="oc-47b">
         <name>.bss:xDelayedTaskList2</name>
         <uninitialized>true</uninitialized>
         <run_address>0x20007684</run_address>
         <size>0x14</size>
         <input_file_ref idref="fl-c"/>
      </object_component>
      <object_component id="oc-108">
         <name>.bss</name>
         <uninitialized>true</uninitialized>
         <run_address>0x200076e0</run_address>
         <size>0x8</size>
         <input_file_ref idref="fl-c"/>
      </object_component>
      <object_component id="oc-426">
         <name>.bss:xPendingReadyList</name>
         <uninitialized>true</uninitialized>
         <run_address>0x20007698</run_address>
         <size>0x14</size>
         <input_file_ref idref="fl-c"/>
      </object_component>
      <object_component id="oc-47e">
         <name>.bss:xTasksWaitingTermination</name>
         <uninitialized>true</uninitialized>
         <run_address>0x200076c0</run_address>
         <size>0x14</size>
         <input_file_ref idref="fl-c"/>
      </object_component>
      <object_component id="oc-44f">
         <name>.bss:xSuspendedTaskList</name>
         <uninitialized>true</uninitialized>
         <run_address>0x200076ac</run_address>
         <size>0x14</size>
         <input_file_ref idref="fl-c"/>
      </object_component>
      <object_component id="oc-422">
         <name>.bss:ucHeap</name>
         <uninitialized>true</uninitialized>
         <run_address>0x20000000</run_address>
         <size>0x7530</size>
         <input_file_ref idref="fl-f"/>
      </object_component>
      <object_component id="oc-310">
         <name>.bss:xStart</name>
         <uninitialized>true</uninitialized>
         <run_address>0x200076f0</run_address>
         <size>0x8</size>
         <input_file_ref idref="fl-f"/>
      </object_component>
      <object_component id="oc-313">
         <name>.bss:xEnd</name>
         <uninitialized>true</uninitialized>
         <run_address>0x200076e8</run_address>
         <size>0x8</size>
         <input_file_ref idref="fl-f"/>
      </object_component>
      <object_component id="oc-262">
         <name>.common:g_pLEDQueue</name>
         <uninitialized>true</uninitialized>
         <run_address>0x200076fc</run_address>
         <size>0x4</size>
      </object_component>
      <object_component id="oc-15f">
         <name>.common:g_pUARTSemaphore</name>
         <uninitialized>true</uninitialized>
         <run_address>0x20007700</run_address>
         <size>0x4</size>
      </object_component>
      <object_component id="oc-162">
         <name>.common:g_pI2CSemaphore</name>
         <uninitialized>true</uninitialized>
         <run_address>0x200076f8</run_address>
         <size>0x4</size>
      </object_component>
      <object_component id="oc-24">
         <name>.stack</name>
         <uninitialized>true</uninitialized>
         <run_address>0x20007708</run_address>
         <size>0x4</size>
         <input_file_ref idref="fl-d3"/>
      </object_component>
      <object_component id="oc-536">
         <name>.stack</name>
         <uninitialized>true</uninitialized>
         <run_address>0x20007708</run_address>
         <size>0x0</size>
      </object_component>
      <object_component id="oc-111">
         <name>.debug_info</name>
         <load_address>0x0</load_address>
         <run_address>0x0</run_address>
         <size>0x5e6</size>
         <input_file_ref idref="fl-2"/>
      </object_component>
      <object_component id="oc-260">
         <name>.debug_info</name>
         <load_address>0x5e6</load_address>
         <run_address>0x5e6</run_address>
         <size>0xcc</size>
         <input_file_ref idref="fl-2"/>
      </object_component>
      <object_component id="oc-25d">
         <name>.debug_info</name>
         <load_address>0x6b2</load_address>
         <run_address>0x6b2</run_address>
         <size>0xd0</size>
         <input_file_ref idref="fl-2"/>
      </object_component>
      <object_component id="oc-144">
         <name>.debug_info</name>
         <load_address>0x782</load_address>
         <run_address>0x782</run_address>
         <size>0x18a</size>
         <input_file_ref idref="fl-2"/>
      </object_component>
      <object_component id="oc-267">
         <name>.debug_info</name>
         <load_address>0x90c</load_address>
         <run_address>0x90c</run_address>
         <size>0x292</size>
         <input_file_ref idref="fl-2"/>
      </object_component>
      <object_component id="oc-1b3">
         <name>.debug_info</name>
         <load_address>0xb9e</load_address>
         <run_address>0xb9e</run_address>
         <size>0x2ef</size>
         <input_file_ref idref="fl-2"/>
      </object_component>
      <object_component id="oc-a4">
         <name>.debug_info</name>
         <load_address>0xe8d</load_address>
         <run_address>0xe8d</run_address>
         <size>0x26b</size>
         <input_file_ref idref="fl-2"/>
      </object_component>
      <object_component id="oc-53">
         <name>.debug_info</name>
         <load_address>0x10f8</load_address>
         <run_address>0x10f8</run_address>
         <size>0x84</size>
         <input_file_ref idref="fl-2"/>
      </object_component>
      <object_component id="oc-1d9">
         <name>.debug_info</name>
         <load_address>0x117c</load_address>
         <run_address>0x117c</run_address>
         <size>0x46</size>
         <input_file_ref idref="fl-2"/>
      </object_component>
      <object_component id="oc-1de">
         <name>.debug_info</name>
         <load_address>0x11c2</load_address>
         <run_address>0x11c2</run_address>
         <size>0x2c</size>
         <input_file_ref idref="fl-2"/>
      </object_component>
      <object_component id="oc-1b8">
         <name>.debug_info</name>
         <load_address>0x11ee</load_address>
         <run_address>0x11ee</run_address>
         <size>0x2c</size>
         <input_file_ref idref="fl-2"/>
      </object_component>
      <object_component id="oc-10c">
         <name>.debug_info</name>
         <load_address>0x121a</load_address>
         <run_address>0x121a</run_address>
         <size>0x2a4</size>
         <input_file_ref idref="fl-2"/>
      </object_component>
      <object_component id="oc-a9">
         <name>.debug_info</name>
         <load_address>0x14be</load_address>
         <run_address>0x14be</run_address>
         <size>0xbb</size>
         <input_file_ref idref="fl-2"/>
      </object_component>
      <object_component id="oc-e4">
         <name>.debug_info</name>
         <load_address>0x1579</load_address>
         <run_address>0x1579</run_address>
         <size>0x53</size>
         <input_file_ref idref="fl-2"/>
      </object_component>
      <object_component id="oc-224">
         <name>.debug_info</name>
         <load_address>0x15cc</load_address>
         <run_address>0x15cc</run_address>
         <size>0x2c</size>
         <input_file_ref idref="fl-2"/>
      </object_component>
      <object_component id="oc-1c7">
         <name>.debug_info</name>
         <load_address>0x15f8</load_address>
         <run_address>0x15f8</run_address>
         <size>0x14c</size>
         <input_file_ref idref="fl-2"/>
      </object_component>
      <object_component id="oc-160">
         <name>.debug_info</name>
         <load_address>0x1744</load_address>
         <run_address>0x1744</run_address>
         <size>0x6d9</size>
         <input_file_ref idref="fl-3"/>
      </object_component>
      <object_component id="oc-4c3">
         <name>.debug_info</name>
         <load_address>0x1e1d</load_address>
         <run_address>0x1e1d</run_address>
         <size>0x173</size>
         <input_file_ref idref="fl-3"/>
      </object_component>
      <object_component id="oc-ef">
         <name>.debug_info</name>
         <load_address>0x1f90</load_address>
         <run_address>0x1f90</run_address>
         <size>0x13f</size>
         <input_file_ref idref="fl-3"/>
      </object_component>
      <object_component id="oc-126">
         <name>.debug_info</name>
         <load_address>0x20cf</load_address>
         <run_address>0x20cf</run_address>
         <size>0x156</size>
         <input_file_ref idref="fl-3"/>
      </object_component>
      <object_component id="oc-12a">
         <name>.debug_info</name>
         <load_address>0x2225</load_address>
         <run_address>0x2225</run_address>
         <size>0x1c7</size>
         <input_file_ref idref="fl-3"/>
      </object_component>
      <object_component id="oc-132">
         <name>.debug_info</name>
         <load_address>0x23ec</load_address>
         <run_address>0x23ec</run_address>
         <size>0x1dc</size>
         <input_file_ref idref="fl-3"/>
      </object_component>
      <object_component id="oc-d2">
         <name>.debug_info</name>
         <load_address>0x25c8</load_address>
         <run_address>0x25c8</run_address>
         <size>0x1d6</size>
         <input_file_ref idref="fl-3"/>
      </object_component>
      <object_component id="oc-164">
         <name>.debug_info</name>
         <load_address>0x279e</load_address>
         <run_address>0x279e</run_address>
         <size>0x8b</size>
         <input_file_ref idref="fl-3"/>
      </object_component>
      <object_component id="oc-3c3">
         <name>.debug_info</name>
         <load_address>0x2829</load_address>
         <run_address>0x2829</run_address>
         <size>0x6f6</size>
         <input_file_ref idref="fl-4"/>
      </object_component>
      <object_component id="oc-3b2">
         <name>.debug_info</name>
         <load_address>0x2f1f</load_address>
         <run_address>0x2f1f</run_address>
         <size>0x4e9</size>
         <input_file_ref idref="fl-4"/>
      </object_component>
      <object_component id="oc-3bd">
         <name>.debug_info</name>
         <load_address>0x3408</load_address>
         <run_address>0x3408</run_address>
         <size>0x305</size>
         <input_file_ref idref="fl-4"/>
      </object_component>
      <object_component id="oc-279">
         <name>.debug_info</name>
         <load_address>0x370d</load_address>
         <run_address>0x370d</run_address>
         <size>0x1c9</size>
         <input_file_ref idref="fl-4"/>
      </object_component>
      <object_component id="oc-3b8">
         <name>.debug_info</name>
         <load_address>0x38d6</load_address>
         <run_address>0x38d6</run_address>
         <size>0x22b</size>
         <input_file_ref idref="fl-4"/>
      </object_component>
      <object_component id="oc-14f">
         <name>.debug_info</name>
         <load_address>0x3b01</load_address>
         <run_address>0x3b01</run_address>
         <size>0x154</size>
         <input_file_ref idref="fl-4"/>
      </object_component>
      <object_component id="oc-3cb">
         <name>.debug_info</name>
         <load_address>0x3c55</load_address>
         <run_address>0x3c55</run_address>
         <size>0x4d4</size>
         <input_file_ref idref="fl-5"/>
      </object_component>
      <object_component id="oc-156">
         <name>.debug_info</name>
         <load_address>0x4129</load_address>
         <run_address>0x4129</run_address>
         <size>0x142</size>
         <input_file_ref idref="fl-5"/>
      </object_component>
      <object_component id="oc-3c7">
         <name>.debug_info</name>
         <load_address>0x426b</load_address>
         <run_address>0x426b</run_address>
         <size>0x15e</size>
         <input_file_ref idref="fl-5"/>
      </object_component>
      <object_component id="oc-281">
         <name>.debug_info</name>
         <load_address>0x43c9</load_address>
         <run_address>0x43c9</run_address>
         <size>0x18e</size>
         <input_file_ref idref="fl-5"/>
      </object_component>
      <object_component id="oc-4c">
         <name>.debug_info</name>
         <load_address>0x4557</load_address>
         <run_address>0x4557</run_address>
         <size>0x30f</size>
         <input_file_ref idref="fl-6"/>
      </object_component>
      <object_component id="oc-13">
         <name>.debug_info</name>
         <load_address>0x4866</load_address>
         <run_address>0x4866</run_address>
         <size>0xce</size>
         <input_file_ref idref="fl-6"/>
      </object_component>
      <object_component id="oc-29">
         <name>.debug_info</name>
         <load_address>0x4934</load_address>
         <run_address>0x4934</run_address>
         <size>0xfe</size>
         <input_file_ref idref="fl-6"/>
      </object_component>
      <object_component id="oc-2f">
         <name>.debug_info</name>
         <load_address>0x4a32</load_address>
         <run_address>0x4a32</run_address>
         <size>0xef</size>
         <input_file_ref idref="fl-6"/>
      </object_component>
      <object_component id="oc-3c">
         <name>.debug_info</name>
         <load_address>0x4b21</load_address>
         <run_address>0x4b21</run_address>
         <size>0x107</size>
         <input_file_ref idref="fl-6"/>
      </object_component>
      <object_component id="oc-35">
         <name>.debug_info</name>
         <load_address>0x4c28</load_address>
         <run_address>0x4c28</run_address>
         <size>0xf5</size>
         <input_file_ref idref="fl-6"/>
      </object_component>
      <object_component id="oc-3af">
         <name>.debug_info</name>
         <load_address>0x4d1d</load_address>
         <run_address>0x4d1d</run_address>
         <size>0x51b</size>
         <input_file_ref idref="fl-7"/>
      </object_component>
      <object_component id="oc-14a">
         <name>.debug_info</name>
         <load_address>0x5238</load_address>
         <run_address>0x5238</run_address>
         <size>0x139</size>
         <input_file_ref idref="fl-7"/>
      </object_component>
      <object_component id="oc-272">
         <name>.debug_info</name>
         <load_address>0x5371</load_address>
         <run_address>0x5371</run_address>
         <size>0x27c</size>
         <input_file_ref idref="fl-7"/>
      </object_component>
      <object_component id="oc-4a1">
         <name>.debug_info</name>
         <load_address>0x55ed</load_address>
         <run_address>0x55ed</run_address>
         <size>0x29d</size>
         <input_file_ref idref="fl-8"/>
      </object_component>
      <object_component id="oc-3a5">
         <name>.debug_info</name>
         <load_address>0x588a</load_address>
         <run_address>0x588a</run_address>
         <size>0x118</size>
         <input_file_ref idref="fl-8"/>
      </object_component>
      <object_component id="oc-3a7">
         <name>.debug_info</name>
         <load_address>0x59a2</load_address>
         <run_address>0x59a2</run_address>
         <size>0x2d8</size>
         <input_file_ref idref="fl-8"/>
      </object_component>
      <object_component id="oc-26e">
         <name>.debug_info</name>
         <load_address>0x5c7a</load_address>
         <run_address>0x5c7a</run_address>
         <size>0x1e3</size>
         <input_file_ref idref="fl-8"/>
      </object_component>
      <object_component id="oc-35e">
         <name>.debug_info</name>
         <load_address>0x5e5d</load_address>
         <run_address>0x5e5d</run_address>
         <size>0x2e0</size>
         <input_file_ref idref="fl-9"/>
      </object_component>
      <object_component id="oc-363">
         <name>.debug_info</name>
         <load_address>0x613d</load_address>
         <run_address>0x613d</run_address>
         <size>0x10a</size>
         <input_file_ref idref="fl-9"/>
      </object_component>
      <object_component id="oc-360">
         <name>.debug_info</name>
         <load_address>0x6247</load_address>
         <run_address>0x6247</run_address>
         <size>0x10a</size>
         <input_file_ref idref="fl-9"/>
      </object_component>
      <object_component id="oc-24b">
         <name>.debug_info</name>
         <load_address>0x6351</load_address>
         <run_address>0x6351</run_address>
         <size>0x212</size>
         <input_file_ref idref="fl-9"/>
      </object_component>
      <object_component id="oc-245">
         <name>.debug_info</name>
         <load_address>0x6563</load_address>
         <run_address>0x6563</run_address>
         <size>0x20f</size>
         <input_file_ref idref="fl-9"/>
      </object_component>
      <object_component id="oc-358">
         <name>.debug_info</name>
         <load_address>0x6772</load_address>
         <run_address>0x6772</run_address>
         <size>0x20b</size>
         <input_file_ref idref="fl-9"/>
      </object_component>
      <object_component id="oc-23f">
         <name>.debug_info</name>
         <load_address>0x697d</load_address>
         <run_address>0x697d</run_address>
         <size>0x24a</size>
         <input_file_ref idref="fl-9"/>
      </object_component>
      <object_component id="oc-39e">
         <name>.debug_info</name>
         <load_address>0x6bc7</load_address>
         <run_address>0x6bc7</run_address>
         <size>0x1e3</size>
         <input_file_ref idref="fl-9"/>
      </object_component>
      <object_component id="oc-1d3">
         <name>.debug_info</name>
         <load_address>0x6daa</load_address>
         <run_address>0x6daa</run_address>
         <size>0x2ec</size>
         <input_file_ref idref="fl-a"/>
      </object_component>
      <object_component id="oc-104">
         <name>.debug_info</name>
         <load_address>0x7096</load_address>
         <run_address>0x7096</run_address>
         <size>0x22d</size>
         <input_file_ref idref="fl-a"/>
      </object_component>
      <object_component id="oc-444">
         <name>.debug_info</name>
         <load_address>0x72c3</load_address>
         <run_address>0x72c3</run_address>
         <size>0x258</size>
         <input_file_ref idref="fl-a"/>
      </object_component>
      <object_component id="oc-46b">
         <name>.debug_info</name>
         <load_address>0x751b</load_address>
         <run_address>0x751b</run_address>
         <size>0x1da</size>
         <input_file_ref idref="fl-a"/>
      </object_component>
      <object_component id="oc-230">
         <name>.debug_info</name>
         <load_address>0x76f5</load_address>
         <run_address>0x76f5</run_address>
         <size>0x1d2</size>
         <input_file_ref idref="fl-a"/>
      </object_component>
      <object_component id="oc-fd">
         <name>.debug_info</name>
         <load_address>0x78c7</load_address>
         <run_address>0x78c7</run_address>
         <size>0x205</size>
         <input_file_ref idref="fl-a"/>
      </object_component>
      <object_component id="oc-1a9">
         <name>.debug_info</name>
         <load_address>0x7acc</load_address>
         <run_address>0x7acc</run_address>
         <size>0x110</size>
         <input_file_ref idref="fl-a"/>
      </object_component>
      <object_component id="oc-23c">
         <name>.debug_info</name>
         <load_address>0x7bdc</load_address>
         <run_address>0x7bdc</run_address>
         <size>0x783</size>
         <input_file_ref idref="fl-b"/>
      </object_component>
      <object_component id="oc-334">
         <name>.debug_info</name>
         <load_address>0x835f</load_address>
         <run_address>0x835f</run_address>
         <size>0x2a7</size>
         <input_file_ref idref="fl-b"/>
      </object_component>
      <object_component id="oc-486">
         <name>.debug_info</name>
         <load_address>0x8606</load_address>
         <run_address>0x8606</run_address>
         <size>0x227</size>
         <input_file_ref idref="fl-b"/>
      </object_component>
      <object_component id="oc-492">
         <name>.debug_info</name>
         <load_address>0x882d</load_address>
         <run_address>0x882d</run_address>
         <size>0x224</size>
         <input_file_ref idref="fl-b"/>
      </object_component>
      <object_component id="oc-394">
         <name>.debug_info</name>
         <load_address>0x8a51</load_address>
         <run_address>0x8a51</run_address>
         <size>0x550</size>
         <input_file_ref idref="fl-b"/>
      </object_component>
      <object_component id="oc-339">
         <name>.debug_info</name>
         <load_address>0x8fa1</load_address>
         <run_address>0x8fa1</run_address>
         <size>0x225</size>
         <input_file_ref idref="fl-b"/>
      </object_component>
      <object_component id="oc-345">
         <name>.debug_info</name>
         <load_address>0x91c6</load_address>
         <run_address>0x91c6</run_address>
         <size>0x28d</size>
         <input_file_ref idref="fl-b"/>
      </object_component>
      <object_component id="oc-237">
         <name>.debug_info</name>
         <load_address>0x9453</load_address>
         <run_address>0x9453</run_address>
         <size>0x4c0</size>
         <input_file_ref idref="fl-b"/>
      </object_component>
      <object_component id="oc-369">
         <name>.debug_info</name>
         <load_address>0x9913</load_address>
         <run_address>0x9913</run_address>
         <size>0x2ab</size>
         <input_file_ref idref="fl-b"/>
      </object_component>
      <object_component id="oc-252">
         <name>.debug_info</name>
         <load_address>0x9bbe</load_address>
         <run_address>0x9bbe</run_address>
         <size>0x309</size>
         <input_file_ref idref="fl-b"/>
      </object_component>
      <object_component id="oc-13d">
         <name>.debug_info</name>
         <load_address>0x9ec7</load_address>
         <run_address>0x9ec7</run_address>
         <size>0x268</size>
         <input_file_ref idref="fl-b"/>
      </object_component>
      <object_component id="oc-352">
         <name>.debug_info</name>
         <load_address>0xa12f</load_address>
         <run_address>0xa12f</run_address>
         <size>0x1cd</size>
         <input_file_ref idref="fl-b"/>
      </object_component>
      <object_component id="oc-1c2">
         <name>.debug_info</name>
         <load_address>0xa2fc</load_address>
         <run_address>0xa2fc</run_address>
         <size>0x35</size>
         <input_file_ref idref="fl-b"/>
      </object_component>
      <object_component id="oc-e3">
         <name>.debug_info</name>
         <load_address>0xa331</load_address>
         <run_address>0xa331</run_address>
         <size>0x76a</size>
         <input_file_ref idref="fl-c"/>
      </object_component>
      <object_component id="oc-8f">
         <name>.debug_info</name>
         <load_address>0xaa9b</load_address>
         <run_address>0xaa9b</run_address>
         <size>0x310</size>
         <input_file_ref idref="fl-c"/>
      </object_component>
      <object_component id="oc-f3">
         <name>.debug_info</name>
         <load_address>0xadab</load_address>
         <run_address>0xadab</run_address>
         <size>0x10c</size>
         <input_file_ref idref="fl-c"/>
      </object_component>
      <object_component id="oc-479">
         <name>.debug_info</name>
         <load_address>0xaeb7</load_address>
         <run_address>0xaeb7</run_address>
         <size>0x10c</size>
         <input_file_ref idref="fl-c"/>
      </object_component>
      <object_component id="oc-47c">
         <name>.debug_info</name>
         <load_address>0xafc3</load_address>
         <run_address>0xafc3</run_address>
         <size>0x10c</size>
         <input_file_ref idref="fl-c"/>
      </object_component>
      <object_component id="oc-109">
         <name>.debug_info</name>
         <load_address>0xb0cf</load_address>
         <run_address>0xb0cf</run_address>
         <size>0x14e</size>
         <input_file_ref idref="fl-c"/>
      </object_component>
      <object_component id="oc-427">
         <name>.debug_info</name>
         <load_address>0xb21d</load_address>
         <run_address>0xb21d</run_address>
         <size>0x10c</size>
         <input_file_ref idref="fl-c"/>
      </object_component>
      <object_component id="oc-47f">
         <name>.debug_info</name>
         <load_address>0xb329</load_address>
         <run_address>0xb329</run_address>
         <size>0x11a</size>
         <input_file_ref idref="fl-c"/>
      </object_component>
      <object_component id="oc-450">
         <name>.debug_info</name>
         <load_address>0xb443</load_address>
         <run_address>0xb443</run_address>
         <size>0x10e</size>
         <input_file_ref idref="fl-c"/>
      </object_component>
      <object_component id="oc-f7">
         <name>.debug_info</name>
         <load_address>0xb551</load_address>
         <run_address>0xb551</run_address>
         <size>0x1d8</size>
         <input_file_ref idref="fl-c"/>
      </object_component>
      <object_component id="oc-9c">
         <name>.debug_info</name>
         <load_address>0xb729</load_address>
         <run_address>0xb729</run_address>
         <size>0x2a8</size>
         <input_file_ref idref="fl-c"/>
      </object_component>
      <object_component id="oc-308">
         <name>.debug_info</name>
         <load_address>0xb9d1</load_address>
         <run_address>0xb9d1</run_address>
         <size>0x270</size>
         <input_file_ref idref="fl-c"/>
      </object_component>
      <object_component id="oc-34a">
         <name>.debug_info</name>
         <load_address>0xbc41</load_address>
         <run_address>0xbc41</run_address>
         <size>0x279</size>
         <input_file_ref idref="fl-c"/>
      </object_component>
      <object_component id="oc-454">
         <name>.debug_info</name>
         <load_address>0xbeba</load_address>
         <run_address>0xbeba</run_address>
         <size>0x25a</size>
         <input_file_ref idref="fl-c"/>
      </object_component>
      <object_component id="oc-44a">
         <name>.debug_info</name>
         <load_address>0xc114</load_address>
         <run_address>0xc114</run_address>
         <size>0x233</size>
         <input_file_ref idref="fl-c"/>
      </object_component>
      <object_component id="oc-38c">
         <name>.debug_info</name>
         <load_address>0xc347</load_address>
         <run_address>0xc347</run_address>
         <size>0x1cb</size>
         <input_file_ref idref="fl-c"/>
      </object_component>
      <object_component id="oc-36f">
         <name>.debug_info</name>
         <load_address>0xc512</load_address>
         <run_address>0xc512</run_address>
         <size>0x2be</size>
         <input_file_ref idref="fl-c"/>
      </object_component>
      <object_component id="oc-375">
         <name>.debug_info</name>
         <load_address>0xc7d0</load_address>
         <run_address>0xc7d0</run_address>
         <size>0x2ba</size>
         <input_file_ref idref="fl-c"/>
      </object_component>
      <object_component id="oc-381">
         <name>.debug_info</name>
         <load_address>0xca8a</load_address>
         <run_address>0xca8a</run_address>
         <size>0x23f</size>
         <input_file_ref idref="fl-c"/>
      </object_component>
      <object_component id="oc-257">
         <name>.debug_info</name>
         <load_address>0xccc9</load_address>
         <run_address>0xccc9</run_address>
         <size>0x475</size>
         <input_file_ref idref="fl-c"/>
      </object_component>
      <object_component id="oc-31a">
         <name>.debug_info</name>
         <load_address>0xd13e</load_address>
         <run_address>0xd13e</run_address>
         <size>0x1ee</size>
         <input_file_ref idref="fl-c"/>
      </object_component>
      <object_component id="oc-32c">
         <name>.debug_info</name>
         <load_address>0xd32c</load_address>
         <run_address>0xd32c</run_address>
         <size>0x2c2</size>
         <input_file_ref idref="fl-c"/>
      </object_component>
      <object_component id="oc-95">
         <name>.debug_info</name>
         <load_address>0xd5ee</load_address>
         <run_address>0xd5ee</run_address>
         <size>0x239</size>
         <input_file_ref idref="fl-c"/>
      </object_component>
      <object_component id="oc-2fc">
         <name>.debug_info</name>
         <load_address>0xd827</load_address>
         <run_address>0xd827</run_address>
         <size>0x1ae</size>
         <input_file_ref idref="fl-c"/>
      </object_component>
      <object_component id="oc-15a">
         <name>.debug_info</name>
         <load_address>0xd9d5</load_address>
         <run_address>0xd9d5</run_address>
         <size>0x1e9</size>
         <input_file_ref idref="fl-c"/>
      </object_component>
      <object_component id="oc-48a">
         <name>.debug_info</name>
         <load_address>0xdbbe</load_address>
         <run_address>0xdbbe</run_address>
         <size>0x23f</size>
         <input_file_ref idref="fl-c"/>
      </object_component>
      <object_component id="oc-33e">
         <name>.debug_info</name>
         <load_address>0xddfd</load_address>
         <run_address>0xddfd</run_address>
         <size>0x29f</size>
         <input_file_ref idref="fl-c"/>
      </object_component>
      <object_component id="oc-43c">
         <name>.debug_info</name>
         <load_address>0xe09c</load_address>
         <run_address>0xe09c</run_address>
         <size>0x1b0</size>
         <input_file_ref idref="fl-c"/>
      </object_component>
      <object_component id="oc-398">
         <name>.debug_info</name>
         <load_address>0xe24c</load_address>
         <run_address>0xe24c</run_address>
         <size>0x31c</size>
         <input_file_ref idref="fl-c"/>
      </object_component>
      <object_component id="oc-496">
         <name>.debug_info</name>
         <load_address>0xe568</load_address>
         <run_address>0xe568</run_address>
         <size>0x1ce</size>
         <input_file_ref idref="fl-c"/>
      </object_component>
      <object_component id="oc-4d1">
         <name>.debug_info</name>
         <load_address>0xe736</load_address>
         <run_address>0xe736</run_address>
         <size>0x1ed</size>
         <input_file_ref idref="fl-c"/>
      </object_component>
      <object_component id="oc-3d7">
         <name>.debug_info</name>
         <load_address>0xe923</load_address>
         <run_address>0xe923</run_address>
         <size>0x283</size>
         <input_file_ref idref="fl-c"/>
      </object_component>
      <object_component id="oc-28c">
         <name>.debug_info</name>
         <load_address>0xeba6</load_address>
         <run_address>0xeba6</run_address>
         <size>0x1e6</size>
         <input_file_ref idref="fl-c"/>
      </object_component>
      <object_component id="oc-1ae">
         <name>.debug_info</name>
         <load_address>0xed8c</load_address>
         <run_address>0xed8c</run_address>
         <size>0x169</size>
         <input_file_ref idref="fl-c"/>
      </object_component>
      <object_component id="oc-1bd">
         <name>.debug_info</name>
         <load_address>0xeef5</load_address>
         <run_address>0xeef5</run_address>
         <size>0x46</size>
         <input_file_ref idref="fl-c"/>
      </object_component>
      <object_component id="oc-eb">
         <name>.debug_info</name>
         <load_address>0xef3b</load_address>
         <run_address>0xef3b</run_address>
         <size>0x3cc</size>
         <input_file_ref idref="fl-d"/>
      </object_component>
      <object_component id="oc-92">
         <name>.debug_info</name>
         <load_address>0xf307</load_address>
         <run_address>0xf307</run_address>
         <size>0x13a</size>
         <input_file_ref idref="fl-d"/>
      </object_component>
      <object_component id="oc-3d3">
         <name>.debug_info</name>
         <load_address>0xf441</load_address>
         <run_address>0xf441</run_address>
         <size>0x121</size>
         <input_file_ref idref="fl-d"/>
      </object_component>
      <object_component id="oc-47">
         <name>.debug_info</name>
         <load_address>0xf562</load_address>
         <run_address>0xf562</run_address>
         <size>0x20e</size>
         <input_file_ref idref="fl-d"/>
      </object_component>
      <object_component id="oc-3ce">
         <name>.debug_info</name>
         <load_address>0xf770</load_address>
         <run_address>0xf770</run_address>
         <size>0x1ff</size>
         <input_file_ref idref="fl-d"/>
      </object_component>
      <object_component id="oc-288">
         <name>.debug_info</name>
         <load_address>0xf96f</load_address>
         <run_address>0xf96f</run_address>
         <size>0x247</size>
         <input_file_ref idref="fl-d"/>
      </object_component>
      <object_component id="oc-322">
         <name>.debug_info</name>
         <load_address>0xfbb6</load_address>
         <run_address>0xfbb6</run_address>
         <size>0x1f1</size>
         <input_file_ref idref="fl-d"/>
      </object_component>
      <object_component id="oc-327">
         <name>.debug_info</name>
         <load_address>0xfda7</load_address>
         <run_address>0xfda7</run_address>
         <size>0x1f3</size>
         <input_file_ref idref="fl-d"/>
      </object_component>
      <object_component id="oc-37c">
         <name>.debug_info</name>
         <load_address>0xff9a</load_address>
         <run_address>0xff9a</run_address>
         <size>0x2a8</size>
         <input_file_ref idref="fl-d"/>
      </object_component>
      <object_component id="oc-474">
         <name>.debug_info</name>
         <load_address>0x10242</load_address>
         <run_address>0x10242</run_address>
         <size>0x1e1</size>
         <input_file_ref idref="fl-d"/>
      </object_component>
      <object_component id="oc-40">
         <name>.debug_info</name>
         <load_address>0x10423</load_address>
         <run_address>0x10423</run_address>
         <size>0x26f</size>
         <input_file_ref idref="fl-e"/>
      </object_component>
      <object_component id="oc-317">
         <name>.debug_info</name>
         <load_address>0x10692</load_address>
         <run_address>0x10692</run_address>
         <size>0x395</size>
         <input_file_ref idref="fl-f"/>
      </object_component>
      <object_component id="oc-423">
         <name>.debug_info</name>
         <load_address>0x10a27</load_address>
         <run_address>0x10a27</run_address>
         <size>0x108</size>
         <input_file_ref idref="fl-f"/>
      </object_component>
      <object_component id="oc-311">
         <name>.debug_info</name>
         <load_address>0x10b2f</load_address>
         <run_address>0x10b2f</run_address>
         <size>0x108</size>
         <input_file_ref idref="fl-f"/>
      </object_component>
      <object_component id="oc-314">
         <name>.debug_info</name>
         <load_address>0x10c37</load_address>
         <run_address>0x10c37</run_address>
         <size>0x104</size>
         <input_file_ref idref="fl-f"/>
      </object_component>
      <object_component id="oc-30e">
         <name>.debug_info</name>
         <load_address>0x10d3b</load_address>
         <run_address>0x10d3b</run_address>
         <size>0x122</size>
         <input_file_ref idref="fl-f"/>
      </object_component>
      <object_component id="oc-464">
         <name>.debug_info</name>
         <load_address>0x10e5d</load_address>
         <run_address>0x10e5d</run_address>
         <size>0x26a</size>
         <input_file_ref idref="fl-f"/>
      </object_component>
      <object_component id="oc-303">
         <name>.debug_info</name>
         <load_address>0x110c7</load_address>
         <run_address>0x110c7</run_address>
         <size>0x1db</size>
         <input_file_ref idref="fl-f"/>
      </object_component>
      <object_component id="oc-22b">
         <name>.debug_info</name>
         <load_address>0x112a2</load_address>
         <run_address>0x112a2</run_address>
         <size>0x34d</size>
         <input_file_ref idref="fl-f"/>
      </object_component>
      <object_component id="oc-42e">
         <name>.debug_info</name>
         <load_address>0x115ef</load_address>
         <run_address>0x115ef</run_address>
         <size>0x62</size>
         <input_file_ref idref="fl-f"/>
      </object_component>
      <object_component id="oc-223">
         <name>.debug_info</name>
         <load_address>0x11651</load_address>
         <run_address>0x11651</run_address>
         <size>0x2ab</size>
         <input_file_ref idref="fl-10"/>
      </object_component>
      <object_component id="oc-2c7">
         <name>.debug_info</name>
         <load_address>0x118fc</load_address>
         <run_address>0x118fc</run_address>
         <size>0xec</size>
         <input_file_ref idref="fl-10"/>
      </object_component>
      <object_component id="oc-2c1">
         <name>.debug_info</name>
         <load_address>0x119e8</load_address>
         <run_address>0x119e8</run_address>
         <size>0xf4</size>
[...]
      </symbol>
      <symbol id="sm-6">
         <name>__TI_Handler_Table_Base</name>
         <value>0x2e44</value>
      </symbol>
      <symbol id="sm-7">
         <name>__TI_Handler_Table_Limit</name>
         <value>0x2e50</value>
      </symbol>
      <symbol id="sm-8">
         <name>binit</name>
         <value>0xffffffff</value>
      </symbol>
      <symbol id="sm-9">
         <name>__binit__</name>
         <value>0xffffffff</value>
      </symbol>
      <symbol id="sm-a">
         <name>__STACK_SIZE</name>
         <value>0x200</value>
      </symbol>
      <symbol id="sm-b">
         <name>__STACK_END</name>
         <value>0x20007908</value>
      </symbol>
      <symbol id="sm-c">
         <name>__c_args__</name>
         <value>0xffffffff</value>
      </symbol>
      <symbol id="sm-d">
         <name>__TI_pprof_out_hndl</name>
         <value>0xffffffff</value>
      </symbol>
      <symbol id="sm-e">
         <name>__TI_prof_data_start</name>
         <value>0xffffffff</value>
      </symbol>
      <symbol id="sm-f">
         <name>__TI_prof_data_size</name>
         <value>0xffffffff</value>
      </symbol>
      <symbol id="sm-97">
         <name>g_pLEDQueue</name>
         <value>0x200076fc</value>
      </symbol>
      <symbol id="sm-98">
         <name>LEDTaskInit</name>
         <value>0x1725</value>
         <object_component_ref idref="oc-141"/>
      </symbol>
      <symbol id="sm-fd">
         <name>g_pUARTSemaphore</name>
         <value>0x20007700</value>
      </symbol>
      <symbol id="sm-fe">
         <name>g_pI2CSemaphore</name>
         <value>0x200076f8</value>
      </symbol>
      <symbol id="sm-ff">
         <name>temperatureRaw</name>
         <value>0x20007944</value>
         <object_component_ref idref="oc-4c2"/>
      </symbol>
      <symbol id="sm-100">
         <name>vApplicationStackOverflowHook</name>
         <value>0x20af</value>
         <object_component_ref idref="oc-ec"/>
      </symbol>
      <symbol id="sm-101">
         <name>pressureTempRaw</name>
         <value>0x20007940</value>
         <object_component_ref idref="oc-4c2"/>
      </symbol>
      <symbol id="sm-102">
         <name>ConfigureI2C</name>
         <value>0x1f55</value>
         <object_component_ref idref="oc-12f"/>
      </symbol>
      <symbol id="sm-103">
         <name>main</name>
         <value>0x18ad</value>
         <object_component_ref idref="oc-cf"/>
      </symbol>
      <symbol id="sm-104">
         <name>ConfigureUART</name>
         <value>0x1de1</value>
         <object_component_ref idref="oc-123"/>
      </symbol>
      <symbol id="sm-105">
         <name>pressureStatus</name>
         <value>0x20007938</value>
         <object_component_ref idref="oc-4c2"/>
      </symbol>
      <symbol id="sm-106">
         <name>pressureRaw</name>
         <value>0x2000793c</value>
         <object_component_ref idref="oc-4c2"/>
      </symbol>
      <symbol id="sm-107">
         <name>ConfigureADC</name>
         <value>0x881</value>
         <object_component_ref idref="oc-129"/>
      </symbol>
      <symbol id="sm-108">
         <name>ammeterRaw</name>
         <value>0x20007948</value>
         <object_component_ref idref="oc-4c2"/>
      </symbol>
      <symbol id="sm-16a">
         <name>PSReadRegisters</name>
         <value>0x26d</value>
         <object_component_ref idref="oc-3b0"/>
      </symbol>
      <symbol id="sm-16b">
         <name>AmmeterReadRegisters</name>
         <value>0xb29</value>
         <object_component_ref idref="oc-3bc"/>
      </symbol>
      <symbol id="sm-16c">
         <name>MeasurementTaskInit</name>
         <value>0x22b1</value>
         <object_component_ref idref="oc-14d"/>
      </symbol>
      <symbol id="sm-16d">
         <name>TSReadADC</name>
         <value>0x6bd</value>
         <object_component_ref idref="oc-3b6"/>
      </symbol>
      <symbol id="sm-196">
         <name>PrintingTaskInit</name>
         <value>0x2539</value>
         <object_component_ref idref="oc-153"/>
      </symbol>
      <symbol id="sm-197">
         <name>PrintMeasurements</name>
         <value>0x2431</value>
         <object_component_ref idref="oc-3c4"/>
      </symbol>
      <symbol id="sm-1c8">
         <name>ResetISR</name>
         <value>0x2ce7</value>
         <object_component_ref idref="oc-27"/>
      </symbol>
      <symbol id="sm-1c9">
         <name>g_pfnVectors</name>
         <value>0x0</value>
         <object_component_ref idref="oc-12"/>
      </symbol>
      <symbol id="sm-1f2">
         <name>SwitchTaskInit</name>
         <value>0x2711</value>
         <object_component_ref idref="oc-147"/>
      </symbol>
      <symbol id="sm-220">
         <name>ButtonsInit</name>
         <value>0x20b1</value>
         <object_component_ref idref="oc-26a"/>
      </symbol>
      <symbol id="sm-221">
         <name>ButtonsPoll</name>
         <value>0x1c51</value>
         <object_component_ref idref="oc-3ab"/>
      </symbol>
      <symbol id="sm-277">
         <name>RGBDisable</name>
         <value>0x2119</value>
         <object_component_ref idref="oc-39d"/>
      </symbol>
      <symbol id="sm-278">
         <name>RGBIntensitySet</name>
         <value>0x2c11</value>
         <object_component_ref idref="oc-244"/>
      </symbol>
      <symbol id="sm-279">
         <name>RGBEnable</name>
         <value>0x17ed</value>
         <object_component_ref idref="oc-357"/>
      </symbol>
      <symbol id="sm-27a">
         <name>RGBInit</name>
         <value>0xf8d</value>
         <object_component_ref idref="oc-23e"/>
      </symbol>
      <symbol id="sm-27b">
         <name>RGBColorSet</name>
         <value>0x1aa5</value>
         <object_component_ref idref="oc-24a"/>
      </symbol>
      <symbol id="sm-2b0">
         <name>uxListRemove</name>
         <value>0x2adf</value>
         <object_component_ref idref="oc-fc"/>
      </symbol>
      <symbol id="sm-2b1">
         <name>vListInsert</name>
         <value>0x291f</value>
         <object_component_ref idref="oc-443"/>
      </symbol>
      <symbol id="sm-2b2">
         <name>vListInitialiseItem</name>
         <value>0x2cf9</value>
         <object_component_ref idref="oc-46a"/>
      </symbol>
      <symbol id="sm-2b3">
         <name>vListInsertEnd</name>
         <value>0x2b9d</value>
         <object_component_ref idref="oc-102"/>
      </symbol>
      <symbol id="sm-2b4">
         <name>vListInitialise</name>
         <value>0x2bfb</value>
         <object_component_ref idref="oc-22f"/>
      </symbol>
      <symbol id="sm-349">
         <name>xQueueGenericCreate</name>
         <value>0x28a9</value>
         <object_component_ref idref="oc-250"/>
      </symbol>
      <symbol id="sm-34a">
         <name>xQueueCreateMutex</name>
         <value>0x25e1</value>
         <object_component_ref idref="oc-13b"/>
      </symbol>
      <symbol id="sm-34b">
         <name>xQueueGenericSend</name>
         <value>0x1485</value>
         <object_component_ref idref="oc-235"/>
      </symbol>
      <symbol id="sm-34c">
         <name>xQueueGenericReset</name>
         <value>0x1d5d</value>
         <object_component_ref idref="oc-367"/>
      </symbol>
      <symbol id="sm-34d">
         <name>xQueueGenericReceive</name>
         <value>0xd65</value>
         <object_component_ref idref="oc-391"/>
      </symbol>
      <symbol id="sm-511">
         <name>vTaskSuspendAll</name>
         <value>0x2c81</value>
         <object_component_ref idref="oc-2fb"/>
      </symbol>
      <symbol id="sm-512">
         <name>vTaskPriorityInherit</name>
         <value>0x1b35</value>
         <object_component_ref idref="oc-489"/>
      </symbol>
      <symbol id="sm-513">
         <name>vTaskPlaceOnEventList</name>
         <value>0x21e9</value>
         <object_component_ref idref="oc-33d"/>
      </symbol>
      <symbol id="sm-514">
         <name>xTaskCheckForTimeOut</name>
         <value>0x258d</value>
         <object_component_ref idref="oc-32b"/>
      </symbol>
      <symbol id="sm-515">
         <name>xTaskPriorityDisinherit</name>
         <value>0x1edd</value>
         <object_component_ref idref="oc-453"/>
      </symbol>
      <symbol id="sm-516">
         <name>vTaskStartScheduler</name>
         <value>0x23d1</value>
         <object_component_ref idref="oc-159"/>
      </symbol>
      <symbol id="sm-517">
         <name>pvTaskIncrementMutexHeldCount</name>
         <value>0x2b85</value>
         <object_component_ref idref="oc-495"/>
      </symbol>
      <symbol id="sm-518">
         <name>vTaskDelayUntil</name>
         <value>0x1cd9</value>
         <object_component_ref idref="oc-397"/>
      </symbol>
      <symbol id="sm-519">
         <name>vTaskMissedYield</name>
         <value>0x2cad</value>
         <object_component_ref idref="oc-43b"/>
      </symbol>
      <symbol id="sm-51a">
         <name>xTaskResumeAll</name>
         <value>0x156d</value>
         <object_component_ref idref="oc-307"/>
      </symbol>
      <symbol id="sm-51b">
         <name>xTaskGetTickCount</name>
         <value>0x2cb9</value>
         <object_component_ref idref="oc-38b"/>
      </symbol>
      <symbol id="sm-51c">
         <name>xTaskGenericCreate</name>
         <value>0x1195</value>
         <object_component_ref idref="oc-256"/>
      </symbol>
      <symbol id="sm-51d">
         <name>pxCurrentTCB</name>
         <value>0x20007908</value>
         <object_component_ref idref="oc-8e"/>
      </symbol>
      <symbol id="sm-51e">
         <name>vTaskSetTimeOutState</name>
         <value>0x2bcd</value>
         <object_component_ref idref="oc-319"/>
      </symbol>
      <symbol id="sm-51f">
         <name>xTaskIncrementTick</name>
         <value>0x1091</value>
         <object_component_ref idref="oc-9b"/>
      </symbol>
      <symbol id="sm-520">
         <name>vTaskSwitchContext</name>
         <value>0x1bc5</value>
         <object_component_ref idref="oc-94"/>
      </symbol>
      <symbol id="sm-521">
         <name>xTaskRemoveFromEventList</name>
         <value>0x1fc9</value>
         <object_component_ref idref="oc-349"/>
      </symbol>
      <symbol id="sm-57b">
         <name>ulMaxSyscallInterruptPriority</name>
         <value>0x2e24</value>
         <object_component_ref idref="oc-91"/>
      </symbol>
      <symbol id="sm-57c">
         <name>vPortSetupTimerInterrupt</name>
         <value>0x2c25</value>
         <object_component_ref idref="oc-3cc"/>
      </symbol>
      <symbol id="sm-57d">
         <name>xPortSysTickHandler</name>
         <value>0x29f1</value>
         <object_component_ref idref="oc-44"/>
      </symbol>
      <symbol id="sm-57e">
         <name>pxPortInitialiseStack</name>
         <value>0x2a71</value>
         <object_component_ref idref="oc-37a"/>
      </symbol>
      <symbol id="sm-57f">
         <name>vPortExitCritical</name>
         <value>0x2bb5</value>
         <object_component_ref idref="oc-31f"/>
      </symbol>
      <symbol id="sm-580">
         <name>xPortStartScheduler</name>
         <value>0x2869</value>
         <object_component_ref idref="oc-285"/>
      </symbol>
      <symbol id="sm-581">
         <name>vPortEnterCritical</name>
         <value>0x2b1d</value>
         <object_component_ref idref="oc-325"/>
      </symbol>
      <symbol id="sm-590">
         <name>vPortStartFirstTask</name>
         <value>0x16f9</value>
         <object_component_ref idref="oc-3f"/>
      </symbol>
      <symbol id="sm-591">
         <name>ulPortGetIPSR</name>
         <value>0x1661</value>
         <object_component_ref idref="oc-3f"/>
      </symbol>
      <symbol id="sm-592">
         <name>vPortEnableVFP</name>
         <value>0x1715</value>
         <object_component_ref idref="oc-3f"/>
      </symbol>
      <symbol id="sm-593">
         <name>xPortPendSVHandler</name>
         <value>0x1679</value>
         <object_component_ref idref="oc-3f"/>
      </symbol>
      <symbol id="sm-594">
         <name>vPortSVCHandler</name>
         <value>0x16d9</value>
         <object_component_ref idref="oc-3f"/>
      </symbol>
      <symbol id="sm-5e9">
         <name>pvPortMalloc</name>
         <value>0x195d</value>
         <object_component_ref idref="oc-229"/>
      </symbol>
      <symbol id="sm-5ea">
         <name>vPortFree</name>
         <value>0x27e5</value>
         <object_component_ref idref="oc-463"/>
      </symbol>
      <symbol id="sm-658">
         <name>UARTStdioConfig</name>
         <value>0x2311</value>
         <object_component_ref idref="oc-1e9"/>
      </symbol>
      <symbol id="sm-659">
         <name>UARTwrite</name>
         <value>0x2759</value>
         <object_component_ref idref="oc-2ed"/>
      </symbol>
      <symbol id="sm-65a">
         <name>UARTprintf</name>
         <value>0x2b39</value>
         <object_component_ref idref="oc-135"/>
      </symbol>
      <symbol id="sm-65b">
         <name>UARTvprintf</name>
         <value>0x4cd</value>
         <object_component_ref idref="oc-21c"/>
      </symbol>
      <symbol id="sm-678">
         <name>memcpy</name>
         <value>0x1a09</value>
         <object_component_ref idref="oc-58"/>
      </symbol>
      <symbol id="sm-679">
         <name>__aeabi_memcpy</name>
         <value>0x1a09</value>
         <object_component_ref idref="oc-58"/>
      </symbol>
      <symbol id="sm-67a">
         <name>__aeabi_memcpy8</name>
         <value>0x1a09</value>
         <object_component_ref idref="oc-58"/>
      </symbol>
      <symbol id="sm-67b">
         <name>__aeabi_memcpy4</name>
         <value>0x1a09</value>
         <object_component_ref idref="oc-58"/>
      </symbol>
      <symbol id="sm-68a">
         <name>__aeabi_memset</name>
         <value>0x1e63</value>
         <object_component_ref idref="oc-c3"/>
      </symbol>
      <symbol id="sm-68b">
         <name>memset</name>
         <value>0x1e69</value>
         <object_component_ref idref="oc-c3"/>
      </symbol>
      <symbol id="sm-68c">
         <name>__aeabi_memset8</name>
         <value>0x1e63</value>
         <object_component_ref idref="oc-c3"/>
      </symbol>
      <symbol id="sm-68d">
         <name>__aeabi_memset4</name>
         <value>0x1e63</value>
         <object_component_ref idref="oc-c3"/>
      </symbol>
      <symbol id="sm-68e">
         <name>__aeabi_memclr8</name>
         <value>0x1e61</value>
         <object_component_ref idref="oc-c3"/>
      </symbol>
      <symbol id="sm-68f">
         <name>__aeabi_memclr4</name>
         <value>0x1e61</value>
         <object_component_ref idref="oc-c3"/>
      </symbol>
      <symbol id="sm-690">
         <name>__aeabi_memclr</name>
         <value>0x1e61</value>
         <object_component_ref idref="oc-c3"/>
      </symbol>
      <symbol id="sm-69f">
         <name>__aeabi_uidivmod</name>
         <value>0x2829</value>
         <object_component_ref idref="oc-2f3"/>
      </symbol>
      <symbol id="sm-6a0">
         <name>__aeabi_uidiv</name>
         <value>0x2829</value>
         <object_component_ref idref="oc-2f3"/>
      </symbol>
      <symbol id="sm-6b7">
         <name>__TI_zero_init</name>
         <value>0x2c9f</value>
         <object_component_ref idref="oc-6a"/>
      </symbol>
      <symbol id="sm-6ce">
         <name>__TI_decompress_none</name>
         <value>0x2c91</value>
         <object_component_ref idref="oc-1b"/>
      </symbol>
      <symbol id="sm-6f1">
         <name>__TI_decompress_lzss</name>
         <value>0x2181</value>
         <object_component_ref idref="oc-15"/>
      </symbol>
      <symbol id="sm-704">
         <name>__stack</name>
         <value>0x20007708</value>
         <object_component_ref idref="oc-24"/>
      </symbol>
      <symbol id="sm-705">
         <name>_c_int00_noargs</name>
         <value>0x298d</value>
         <object_component_ref idref="oc-76"/>
      </symbol>
      <symbol id="sm-70f">
         <name>__aeabi_idiv0</name>
         <value>0x1edb</value>
         <object_component_ref idref="oc-41b"/>
      </symbol>
      <symbol id="sm-710">
         <name>__aeabi_ldiv0</name>
         <value>0x1edb</value>
         <object_component_ref idref="oc-41b"/>
      </symbol>
      <symbol id="sm-738">
         <name>__TI_auto_init_nobinit_nopinit</name>
         <value>0x27a1</value>
         <object_component_ref idref="oc-175"/>
      </symbol>
      <symbol id="sm-742">
         <name>_system_pre_init</name>
         <value>0x2d07</value>
         <object_component_ref idref="oc-c9"/>
      </symbol>
      <symbol id="sm-74e">
         <name>C$$EXIT</name>
         <value>0x2d0b</value>
         <object_component_ref idref="oc-169"/>
      </symbol>
      <symbol id="sm-74f">
         <name>abort</name>
         <value>0x2d0b</value>
         <object_component_ref idref="oc-169"/>
      </symbol>
      <symbol id="sm-790">
         <name>GPIOPinConfigure</name>
         <value>0x26c9</value>
         <object_component_ref idref="oc-1fd"/>
      </symbol>
      <symbol id="sm-791">
         <name>GPIOPinTypeI2CSCL</name>
         <value>0x2c4b</value>
         <object_component_ref idref="oc-203"/>
      </symbol>
      <symbol id="sm-792">
         <name>GPIOPinTypeI2C</name>
         <value>0x2c39</value>
         <object_component_ref idref="oc-209"/>
      </symbol>
      <symbol id="sm-793">
         <name>GPIODirModeSet</name>
         <value>0x2a1d</value>
         <object_component_ref idref="oc-2d3"/>
      </symbol>
      <symbol id="sm-794">
         <name>GPIOPadConfigSet</name>
         <value>0x9f5</value>
         <object_component_ref idref="oc-2d9"/>
      </symbol>
      <symbol id="sm-7d7">
         <name>I2CMasterInitExpClk</name>
         <value>0x2631</value>
         <object_component_ref idref="oc-215"/>
      </symbol>
      <symbol id="sm-7d8">
         <name>I2CMasterSlaveAddrSet</name>
         <value>0x2cd7</value>
         <object_component_ref idref="oc-4a4"/>
      </symbol>
      <symbol id="sm-7d9">
         <name>I2CMasterDataGet</name>
         <value>0x2d03</value>
         <object_component_ref idref="oc-4bc"/>
      </symbol>
      <symbol id="sm-7da">
         <name>I2CMasterErr</name>
         <value>0x2be5</value>
         <object_component_ref idref="oc-4b6"/>
      </symbol>
      <symbol id="sm-7db">
         <name>I2CMasterControl</name>
         <value>0x2cff</value>
         <object_component_ref idref="oc-4aa"/>
      </symbol>
      <symbol id="sm-7dc">
         <name>I2CMasterBusy</name>
         <value>0x2ccf</value>
         <object_component_ref idref="oc-4b0"/>
      </symbol>
      <symbol id="sm-7dd">
         <name>I2CMasterEnable</name>
         <value>0x2cc5</value>
         <object_component_ref idref="oc-2e5"/>
      </symbol>
      <symbol id="sm-830">
         <name>SysCtlClockSet</name>
         <value>0x1391</value>
         <object_component_ref idref="oc-1f1"/>
      </symbol>
      <symbol id="sm-831">
         <name>SysCtlDelay</name>
         <value>0x2ced</value>
         <object_component_ref idref="oc-2ca"/>
      </symbol>
      <symbol id="sm-832">
         <name>SysCtlPeripheralEnable</name>
         <value>0x2959</value>
         <object_component_ref idref="oc-1f7"/>
      </symbol>
      <symbol id="sm-833">
         <name>SysCtlClockGet</name>
         <value>0xe7d</value>
         <object_component_ref idref="oc-20f"/>
      </symbol>
      <symbol id="sm-840">
         <name>UARTClockSourceSet</name>
         <value>0x2cf3</value>
         <object_component_ref idref="oc-1e3"/>
      </symbol>
      <symbol id="sm-842">
         <name>__TI_static_base__</name>
         <value>0x0</value>
      </symbol>
      <symbol id="sm-845">
         <name>__mpu_init</name>
         <value>0x0</value>
      </symbol>
      <symbol id="sm-846">
         <name>_system_post_cinit</name>
         <value>0x0</value>
      </symbol>
   </symbol_table>
   <title>Link successful</title>
</link_info>
